graph: { title: "/home/john/IT/Ada/adacore-downloads-2006/bb-runtimes-community-2020/rpi0-runtime/ravenscar-sfp-rpi0/gnarl/a-sytaco.adb"
node: { title: "ada__synchronous_task_control__suspension_object__wait_B2s" label: "Wait_B2s\n/home/john/IT/Ada/adacore-downloads-2006/bb-runtimes-community-2020/rpi0-runtime/ravenscar-sfp-rpi0/gnarl/a-sytaco.adb:71:23\n0 bytes (static)\n0 dynamic objects" }
node: { title: "ada__synchronous_task_control__suspension_object__wait_E1s" label: "Wait_E1s\n/home/john/IT/Ada/adacore-downloads-2006/bb-runtimes-community-2020/rpi0-runtime/ravenscar-sfp-rpi0/gnarl/a-sytaco.adb:71:7\n0 bytes (static)\n0 dynamic objects" }
node: { title: "ada__synchronous_task_control__suspension_objectVIP" label: "Suspension_Objectvip\n/home/john/IT/Ada/adacore-downloads-2006/bb-runtimes-community-2020/rpi0-runtime/ravenscar-sfp-rpi0/gnarl/a-sytaco.ads:77:4\n0 bytes (static)\n0 dynamic objects" }
node: { title: "system__tasking__protected_objects__single_entry__initialize_protection_entry" label: "Initialize_Protection_Entry\n/home/john/IT/Ada/adacore-downloads-2006/bb-runtimes-community-2020/rpi0-runtime/ravenscar-sfp-rpi0/gnarl/s-tposen.ads:184:14" shape : ellipse }
edge: { sourcename: "ada__synchronous_task_control__suspension_objectVIP" targetname: "system__tasking__protected_objects__single_entry__initialize_protection_entry" label: "/home/john/IT/Ada/adacore-downloads-2006/bb-runtimes-community-2020/rpi0-runtime/ravenscar-sfp-rpi0/gnarl/a-sytaco.ads:77:4" }
node: { title: "ada__synchronous_task_control__suspension_object__get_openN" label: "Get_Openn\n/home/john/IT/Ada/adacore-downloads-2006/bb-runtimes-community-2020/rpi0-runtime/ravenscar-sfp-rpi0/gnarl/a-sytaco.adb:44:7\n0 bytes (static)\n0 dynamic objects" }
node: { title: "ada__synchronous_task_control__suspension_object__set_falseN" label: "Set_Falsen\n/home/john/IT/Ada/adacore-downloads-2006/bb-runtimes-community-2020/rpi0-runtime/ravenscar-sfp-rpi0/gnarl/a-sytaco.adb:53:7\n0 bytes (static)\n0 dynamic objects" }
node: { title: "ada__synchronous_task_control__suspension_object__set_trueN" label: "Set_Truen\n/home/john/IT/Ada/adacore-downloads-2006/bb-runtimes-community-2020/rpi0-runtime/ravenscar-sfp-rpi0/gnarl/a-sytaco.adb:62:7\n0 bytes (static)\n0 dynamic objects" }
node: { title: "ada__synchronous_task_control__current_state" label: "Current_State\n/home/john/IT/Ada/adacore-downloads-2006/bb-runtimes-community-2020/rpi0-runtime/ravenscar-sfp-rpi0/gnarl/a-sytaco.adb:82:4\n16 bytes (static)\n0 dynamic objects" }
node: { title: "system__tasking__protected_objects__single_entry__lock_entry" label: "Lock_Entry\n/home/john/IT/Ada/adacore-downloads-2006/bb-runtimes-community-2020/rpi0-runtime/ravenscar-sfp-rpi0/gnarl/s-tposen.ads:192:14" shape : ellipse }
edge: { sourcename: "ada__synchronous_task_control__current_state" targetname: "system__tasking__protected_objects__single_entry__lock_entry" label: "/home/john/IT/Ada/adacore-downloads-2006/bb-runtimes-community-2020/rpi0-runtime/ravenscar-sfp-rpi0/gnarl/a-sytaco.adb:44:7" }
node: { title: "system__tasking__protected_objects__single_entry__unlock_entry" label: "Unlock_Entry\n/home/john/IT/Ada/adacore-downloads-2006/bb-runtimes-community-2020/rpi0-runtime/ravenscar-sfp-rpi0/gnarl/s-tposen.ads:198:14" shape : ellipse }
edge: { sourcename: "ada__synchronous_task_control__current_state" targetname: "system__tasking__protected_objects__single_entry__unlock_entry" label: "/home/john/IT/Ada/adacore-downloads-2006/bb-runtimes-community-2020/rpi0-runtime/ravenscar-sfp-rpi0/gnarl/a-sytaco.adb:44:7" }
node: { title: "ada__synchronous_task_control__suspension_object__get_openP" label: "Get_Openp\n/home/john/IT/Ada/adacore-downloads-2006/bb-runtimes-community-2020/rpi0-runtime/ravenscar-sfp-rpi0/gnarl/a-sytaco.adb:44:7\n0 bytes (static)\n0 dynamic objects" }
edge: { sourcename: "ada__synchronous_task_control__suspension_object__get_openP" targetname: "ada__synchronous_task_control__current_state" }
node: { title: "ada__synchronous_task_control__set_false" label: "Set_False\n/home/john/IT/Ada/adacore-downloads-2006/bb-runtimes-community-2020/rpi0-runtime/ravenscar-sfp-rpi0/gnarl/a-sytaco.adb:91:4\n16 bytes (static)\n0 dynamic objects" }
edge: { sourcename: "ada__synchronous_task_control__set_false" targetname: "system__tasking__protected_objects__single_entry__lock_entry" label: "/home/john/IT/Ada/adacore-downloads-2006/bb-runtimes-community-2020/rpi0-runtime/ravenscar-sfp-rpi0/gnarl/a-sytaco.adb:53:7" }
node: { title: "system__tasking__protected_objects__single_entry__service_entry" label: "Service_Entry\n/home/john/IT/Ada/adacore-downloads-2006/bb-runtimes-community-2020/rpi0-runtime/ravenscar-sfp-rpi0/gnarl/s-tposen.ads:203:14" shape : ellipse }
edge: { sourcename: "ada__synchronous_task_control__set_false" targetname: "system__tasking__protected_objects__single_entry__service_entry" label: "/home/john/IT/Ada/adacore-downloads-2006/bb-runtimes-community-2020/rpi0-runtime/ravenscar-sfp-rpi0/gnarl/a-sytaco.adb:53:7" }
node: { title: "ada__synchronous_task_control__suspension_object__set_falseP" label: "Set_Falsep\n/home/john/IT/Ada/adacore-downloads-2006/bb-runtimes-community-2020/rpi0-runtime/ravenscar-sfp-rpi0/gnarl/a-sytaco.adb:53:7\n0 bytes (static)\n0 dynamic objects" }
edge: { sourcename: "ada__synchronous_task_control__suspension_object__set_falseP" targetname: "ada__synchronous_task_control__set_false" }
node: { title: "ada__synchronous_task_control__set_true" label: "Set_True\n/home/john/IT/Ada/adacore-downloads-2006/bb-runtimes-community-2020/rpi0-runtime/ravenscar-sfp-rpi0/gnarl/a-sytaco.adb:100:4\n16 bytes (static)\n0 dynamic objects" }
edge: { sourcename: "ada__synchronous_task_control__set_true" targetname: "system__tasking__protected_objects__single_entry__lock_entry" label: "/home/john/IT/Ada/adacore-downloads-2006/bb-runtimes-community-2020/rpi0-runtime/ravenscar-sfp-rpi0/gnarl/a-sytaco.adb:62:7" }
edge: { sourcename: "ada__synchronous_task_control__set_true" targetname: "system__tasking__protected_objects__single_entry__service_entry" label: "/home/john/IT/Ada/adacore-downloads-2006/bb-runtimes-community-2020/rpi0-runtime/ravenscar-sfp-rpi0/gnarl/a-sytaco.adb:62:7" }
node: { title: "ada__synchronous_task_control__suspension_object__set_trueP" label: "Set_Truep\n/home/john/IT/Ada/adacore-downloads-2006/bb-runtimes-community-2020/rpi0-runtime/ravenscar-sfp-rpi0/gnarl/a-sytaco.adb:62:7\n0 bytes (static)\n0 dynamic objects" }
edge: { sourcename: "ada__synchronous_task_control__suspension_object__set_trueP" targetname: "ada__synchronous_task_control__set_true" }
node: { title: "ada__synchronous_task_control__suspend_until_true" label: "Suspend_Until_True\n/home/john/IT/Ada/adacore-downloads-2006/bb-runtimes-community-2020/rpi0-runtime/ravenscar-sfp-rpi0/gnarl/a-sytaco.adb:109:4\n0 bytes (static)\n0 dynamic objects" }
node: { title: "system__tasking__protected_objects__single_entry__protected_single_entry_call" label: "Protected_Single_Entry_Call\n/home/john/IT/Ada/adacore-downloads-2006/bb-runtimes-community-2020/rpi0-runtime/ravenscar-sfp-rpi0/gnarl/s-tposen.ads:212:14" shape : ellipse }
edge: { sourcename: "ada__synchronous_task_control__suspend_until_true" targetname: "system__tasking__protected_objects__single_entry__protected_single_entry_call" label: "/home/john/IT/Ada/adacore-downloads-2006/bb-runtimes-community-2020/rpi0-runtime/ravenscar-sfp-rpi0/gnarl/a-sytaco.adb:111:8" }
}
