graph: { title: "/home/john/IT/Ada/adacore-downloads-2006/bb-runtimes-community-2020/rpi0-runtime/ravenscar-sfp-rpi0/gnarl/s-bbinte.adb"
node: { title: "system__bb__interrupts__Tinterrupt_stacksBIP" label: "Tinterrupt_Stacksbip\n/home/john/IT/Ada/adacore-downloads-2006/bb-runtimes-community-2020/rpi0-runtime/ravenscar-sfp-rpi0/gnarl/s-bbinte.adb:66:4\n0 bytes (static)\n0 dynamic objects" }
node: { title: "system__bb__interrupts__Tinterrupt_stack_tableBIP" label: "Tinterrupt_Stack_Tablebip\n/home/john/IT/Ada/adacore-downloads-2006/bb-runtimes-community-2020/rpi0-runtime/ravenscar-sfp-rpi0/gnarl/s-bbinte.adb:92:4\n0 bytes (static)\n0 dynamic objects" }
node: { title: "system__bb__interrupts__Thandlers_tableBIP" label: "Thandlers_Tablebip\n/home/john/IT/Ada/adacore-downloads-2006/bb-runtimes-community-2020/rpi0-runtime/ravenscar-sfp-rpi0/gnarl/s-bbinte.adb:96:4\n0 bytes (static)\n0 dynamic objects" }
node: { title: "system__bb__interrupts__attach_handler" label: "Attach_Handler\n/home/john/IT/Ada/adacore-downloads-2006/bb-runtimes-community-2020/rpi0-runtime/ravenscar-sfp-rpi0/gnarl/s-bbinte.adb:113:4\n8 bytes (static)\n0 dynamic objects" }
node: { title: "__gnat_last_chance_handler" label: "gnat_last_chance_handler\n<built-in>" shape : ellipse }
edge: { sourcename: "system__bb__interrupts__attach_handler" targetname: "__gnat_last_chance_handler" label: "/home/john/IT/Ada/adacore-downloads-2006/bb-runtimes-community-2020/rpi0-runtime/ravenscar-sfp-rpi0/gnarl/s-bbinte.adb:126:10" }
node: { title: "system__bb__board_support__interrupts__install_interrupt_handler" label: "Install_Interrupt_Handler\n/home/john/IT/Ada/adacore-downloads-2006/bb-runtimes-community-2020/rpi0-runtime/ravenscar-sfp-rpi0/gnarl/s-bbbosu.ads:92:17" shape : ellipse }
edge: { sourcename: "system__bb__interrupts__attach_handler" targetname: "system__bb__board_support__interrupts__install_interrupt_handler" label: "/home/john/IT/Ada/adacore-downloads-2006/bb-runtimes-community-2020/rpi0-runtime/ravenscar-sfp-rpi0/gnarl/s-bbinte.adb:137:31" }
node: { title: "system__bb__interrupts__current_interrupt" label: "Current_Interrupt\n/home/john/IT/Ada/adacore-downloads-2006/bb-runtimes-community-2020/rpi0-runtime/ravenscar-sfp-rpi0/gnarl/s-bbinte.adb:144:4\n0 bytes (static)\n0 dynamic objects" }
node: { title: "system__bb__interrupts__interrupt_wrapper" label: "Interrupt_Wrapper\n/home/john/IT/Ada/adacore-downloads-2006/bb-runtimes-community-2020/rpi0-runtime/ravenscar-sfp-rpi0/gnarl/s-bbinte.adb:163:4\n32 bytes (static)\n0 dynamic objects" }
node: { title: "__indirect_call" label: "Indirect Call Placeholder" shape : ellipse }
edge: { sourcename: "system__bb__interrupts__interrupt_wrapper" targetname: "__indirect_call" label: "/home/john/IT/Ada/adacore-downloads-2006/bb-runtimes-community-2020/rpi0-runtime/ravenscar-sfp-rpi0/gnarl/s-bbinte.adb:177:32" }
node: { title: "system__bb__threads__queues__change_priority" label: "Change_Priority\n/home/john/IT/Ada/adacore-downloads-2006/bb-runtimes-community-2020/rpi0-runtime/ravenscar-sfp-rpi0/gnarl/s-bbthqu.ads:119:14" shape : ellipse }
edge: { sourcename: "system__bb__interrupts__interrupt_wrapper" targetname: "system__bb__threads__queues__change_priority" label: "/home/john/IT/Ada/adacore-downloads-2006/bb-runtimes-community-2020/rpi0-runtime/ravenscar-sfp-rpi0/gnarl/s-bbinte.adb:201:21" }
edge: { sourcename: "system__bb__interrupts__interrupt_wrapper" targetname: "__indirect_call" label: "/home/john/IT/Ada/adacore-downloads-2006/bb-runtimes-community-2020/rpi0-runtime/ravenscar-sfp-rpi0/gnarl/s-bbinte.adb:207:37" }
edge: { sourcename: "system__bb__interrupts__interrupt_wrapper" targetname: "__indirect_call" label: "/home/john/IT/Ada/adacore-downloads-2006/bb-runtimes-community-2020/rpi0-runtime/ravenscar-sfp-rpi0/gnarl/s-bbinte.adb:216:32" }
edge: { sourcename: "system__bb__interrupts__interrupt_wrapper" targetname: "system__bb__threads__queues__change_priority" label: "/home/john/IT/Ada/adacore-downloads-2006/bb-runtimes-community-2020/rpi0-runtime/ravenscar-sfp-rpi0/gnarl/s-bbinte.adb:223:21" }
node: { title: "system__bb__interrupts__within_interrupt_stack" label: "Within_Interrupt_Stack\n/home/john/IT/Ada/adacore-downloads-2006/bb-runtimes-community-2020/rpi0-runtime/ravenscar-sfp-rpi0/gnarl/s-bbinte.adb:248:4\n0 bytes (static)\n0 dynamic objects" }
node: { title: "system__bb__interrupts__initialize_interrupts" label: "Initialize_Interrupts\n/home/john/IT/Ada/adacore-downloads-2006/bb-runtimes-community-2020/rpi0-runtime/ravenscar-sfp-rpi0/gnarl/s-bbinte.adb:260:4\n0 bytes (static)\n0 dynamic objects" }
}
