graph: { title: "/home/john/IT/Ada/adacore-downloads-2006/bb-runtimes-community-2020/rpi0-runtime/ravenscar-full-rpi0/gnat/a-stzunb.adb"
edge: { sourcename: "ada__strings__wide_wide_unbounded__Tunbounded_wide_wide_stringCFD"
  targetname: "-9:ada__strings__wide_wide_unbounded__unbounded_wide_wide_string,ada__strings__wide_wide_unbounded__unbounded_wide_wide_string"
  label: "a-stzunb.ads:417:9"
}
class {
  classname: "ada__strings__wide_wide_unbounded__unbounded_wide_wide_string"
  label: "ada__strings__wide_wide_unbounded__unbounded_wide_wide_string\a-stzunb.ads:417:9"
  parent: "ada__finalization__controlled"
  virtuals: "1:ada__strings__wide_wide_unbounded__adjust__2,1:ada__finalization__controlled\n
             2:ada__strings__wide_wide_unbounded__finalize__2,2:ada__finalization__controlled\n
             3:ada__strings__wide_wide_unbounded__initialize__2,3:ada__finalization__controlled\n
             -1:ada__strings__wide_wide_unbounded___size__2,-1:ada__finalization__controlled\n
             -2:ada__strings__wide_wide_unbounded__unbounded_wide_wide_stringSR__2,-2:ada__finalization__controlled\n
             -3:ada__strings__wide_wide_unbounded__unbounded_wide_wide_stringSW__2,-3:ada__finalization__controlled\n
             -4:ada__strings__wide_wide_unbounded__unbounded_wide_wide_stringSI__2,-4:ada__finalization__controlled\n
             -5:ada__strings__wide_wide_unbounded__unbounded_wide_wide_stringSO__2,-5:ada__finalization__controlled\n
             -6:ada__strings__wide_wide_unbounded__Oeq,-6:ada__finalization__controlled\n
             -7:ada__strings__wide_wide_unbounded___assign__2,-7:ada__finalization__controlled\n
             -8:ada__strings__wide_wide_unbounded__unbounded_wide_wide_stringDA__2,-8:ada__finalization__controlled\n
             -9:ada__strings__wide_wide_unbounded__unbounded_wide_wide_stringDF__2,-9:ada__finalization__controlled\n
             4:ada__strings__wide_wide_unbounded__length\n
             5:ada__strings__wide_wide_unbounded__to_unbounded_wide_wide_string\n
             6:ada__strings__wide_wide_unbounded__to_unbounded_wide_wide_string__2\n
             7:ada__strings__wide_wide_unbounded__to_wide_wide_string\n
             8:ada__strings__wide_wide_unbounded__set_unbounded_wide_wide_string\n
             9:ada__strings__wide_wide_unbounded__append\n
             10:ada__strings__wide_wide_unbounded__append__2\n
             11:ada__strings__wide_wide_unbounded__append__3\n
             12:ada__strings__wide_wide_unbounded__Oconcat\n
             13:ada__strings__wide_wide_unbounded__Oconcat__2\n
             14:ada__strings__wide_wide_unbounded__Oconcat__3\n
             15:ada__strings__wide_wide_unbounded__Oconcat__4\n
             16:ada__strings__wide_wide_unbounded__Oconcat__5\n
             17:ada__strings__wide_wide_unbounded__element\n
             18:ada__strings__wide_wide_unbounded__replace_element\n
             19:ada__strings__wide_wide_unbounded__slice\n
             20:ada__strings__wide_wide_unbounded__unbounded_slice\n
             21:ada__strings__wide_wide_unbounded__unbounded_slice__2\n
             22:ada__strings__wide_wide_unbounded__Oeq__2\n
             23:ada__strings__wide_wide_unbounded__Oeq__3\n
             24:ada__strings__wide_wide_unbounded__Olt\n
             25:ada__strings__wide_wide_unbounded__Olt__2\n
             26:ada__strings__wide_wide_unbounded__Olt__3\n
             27:ada__strings__wide_wide_unbounded__Ole\n
             28:ada__strings__wide_wide_unbounded__Ole__2\n
             29:ada__strings__wide_wide_unbounded__Ole__3\n
             30:ada__strings__wide_wide_unbounded__Ogt\n
             31:ada__strings__wide_wide_unbounded__Ogt__2\n
             32:ada__strings__wide_wide_unbounded__Ogt__3\n
             33:ada__strings__wide_wide_unbounded__Oge\n
             34:ada__strings__wide_wide_unbounded__Oge__2\n
             35:ada__strings__wide_wide_unbounded__Oge__3\n
             36:ada__strings__wide_wide_unbounded__index\n
             37:ada__strings__wide_wide_unbounded__index__2\n
             38:ada__strings__wide_wide_unbounded__index__3\n
             39:ada__strings__wide_wide_unbounded__index__4\n
             40:ada__strings__wide_wide_unbounded__index__5\n
             41:ada__strings__wide_wide_unbounded__index__6\n
             42:ada__strings__wide_wide_unbounded__index_non_blank\n
             43:ada__strings__wide_wide_unbounded__index_non_blank__2\n
             44:ada__strings__wide_wide_unbounded__count\n
             45:ada__strings__wide_wide_unbounded__count__2\n
             46:ada__strings__wide_wide_unbounded__count__3\n
             47:ada__strings__wide_wide_unbounded__find_token\n
             48:ada__strings__wide_wide_unbounded__find_token__2\n
             49:ada__strings__wide_wide_unbounded__translate\n
             50:ada__strings__wide_wide_unbounded__translate__2\n
             51:ada__strings__wide_wide_unbounded__translate__3\n
             52:ada__strings__wide_wide_unbounded__translate__4\n
             53:ada__strings__wide_wide_unbounded__replace_slice\n
             54:ada__strings__wide_wide_unbounded__replace_slice__2\n
             55:ada__strings__wide_wide_unbounded__insert\n
             56:ada__strings__wide_wide_unbounded__insert__2\n
             57:ada__strings__wide_wide_unbounded__overwrite\n
             58:ada__strings__wide_wide_unbounded__overwrite__2\n
             59:ada__strings__wide_wide_unbounded__delete\n
             60:ada__strings__wide_wide_unbounded__delete__2\n
             61:ada__strings__wide_wide_unbounded__trim\n
             62:ada__strings__wide_wide_unbounded__trim__2\n
             63:ada__strings__wide_wide_unbounded__trim__3\n
             64:ada__strings__wide_wide_unbounded__trim__4\n
             65:ada__strings__wide_wide_unbounded__head\n
             66:ada__strings__wide_wide_unbounded__head__2\n
             67:ada__strings__wide_wide_unbounded__tail\n
             68:ada__strings__wide_wide_unbounded__tail__2\n
             69:ada__strings__wide_wide_unbounded__Omultiply\n
             70:ada__strings__wide_wide_unbounded__Omultiply__2\n
             71:ada__strings__wide_wide_unbounded__Omultiply__3\n
             5:ada__strings__wide_wide_unbounded__to_unbounded_wide_wide_string\n
             73:ada__strings__wide_wide_unbounded__realloc_for_chunk"
}
node: { title: "ada__strings__wide_wide_unbounded___size__2" label: "Wide_Wide_Unbounded\n/home/john/IT/Ada/adacore-downloads-2006/bb-runtimes-community-2020/rpi0-runtime/ravenscar-full-rpi0/gnat/a-stzunb.ads:417:9\n0 bytes (static)\n0 dynamic objects" }
node: { title: "ada__strings__wide_wide_unbounded__initialize__2" label: "Initialize\n/home/john/IT/Ada/adacore-downloads-2006/bb-runtimes-community-2020/rpi0-runtime/ravenscar-full-rpi0/gnat/a-stzunb.adb:694:4\n0 bytes (static)\n0 dynamic objects" }
node: { title: "ada__strings__wide_wide_unbounded__length" label: "Length\n/home/john/IT/Ada/adacore-downloads-2006/bb-runtimes-community-2020/rpi0-runtime/ravenscar-full-rpi0/gnat/a-stzunb.adb:740:4\n0 bytes (static)\n0 dynamic objects" }
node: { title: "ada__strings__wide_wide_unbounded__unbounded_wide_wide_stringSW__2" label: "Unbounded_Wide_Wide_Stringsw\n/home/john/IT/Ada/adacore-downloads-2006/bb-runtimes-community-2020/rpi0-runtime/ravenscar-full-rpi0/gnat/a-stzunb.ads:417:9\n32 bytes (static)\n0 dynamic objects" }
node: { title: "ada__finalization__controlledSW__2" label: "Controlledsw\n/home/john/IT/Ada/adacore-downloads-2006/bb-runtimes-community-2020/rpi0-runtime/ravenscar-full-rpi0/gnat/a-finali.ads:59:9" shape : ellipse }
edge: { sourcename: "ada__strings__wide_wide_unbounded__unbounded_wide_wide_stringSW__2" targetname: "ada__finalization__controlledSW__2" label: "/home/john/IT/Ada/adacore-downloads-2006/bb-runtimes-community-2020/rpi0-runtime/ravenscar-full-rpi0/gnat/a-stzunb.ads:417:9" }
node: { title: "system__stream_attributes__xdr__w_ad" label: "W_Ad\n/home/john/IT/Ada/adacore-downloads-2006/bb-runtimes-community-2020/rpi0-runtime/ravenscar-full-rpi0/gnat/s-statxd.ads:92:14" shape : ellipse }
edge: { sourcename: "ada__strings__wide_wide_unbounded__unbounded_wide_wide_stringSW__2" targetname: "system__stream_attributes__xdr__w_ad" label: "/home/john/IT/Ada/adacore-downloads-2006/bb-runtimes-community-2020/rpi0-runtime/ravenscar-full-rpi0/gnat/a-stzunb.ads:417:9" }
node: { title: "__indirect_call" label: "Indirect Call Placeholder" shape : ellipse }
edge: { sourcename: "ada__strings__wide_wide_unbounded__unbounded_wide_wide_stringSW__2" targetname: "__indirect_call" label: "/home/john/IT/Ada/adacore-downloads-2006/bb-runtimes-community-2020/rpi0-runtime/ravenscar-full-rpi0/gnat/a-stzunb.ads:417:9" }
node: { title: "system__stream_attributes__xdr__w_i" label: "W_I\n/home/john/IT/Ada/adacore-downloads-2006/bb-runtimes-community-2020/rpi0-runtime/ravenscar-full-rpi0/gnat/s-statxd.ads:97:14" shape : ellipse }
edge: { sourcename: "ada__strings__wide_wide_unbounded__unbounded_wide_wide_stringSW__2" targetname: "system__stream_attributes__xdr__w_i" label: "/home/john/IT/Ada/adacore-downloads-2006/bb-runtimes-community-2020/rpi0-runtime/ravenscar-full-rpi0/gnat/a-stzunb.ads:417:9" }
edge: { sourcename: "ada__strings__wide_wide_unbounded__unbounded_wide_wide_stringSW__2" targetname: "__indirect_call" label: "/home/john/IT/Ada/adacore-downloads-2006/bb-runtimes-community-2020/rpi0-runtime/ravenscar-full-rpi0/gnat/a-stzunb.ads:417:9" }
node: { title: "ada__strings__wide_wide_unbounded__unbounded_wide_wide_stringSO__2" label: "Unbounded_Wide_Wide_Stringso\n/home/john/IT/Ada/adacore-downloads-2006/bb-runtimes-community-2020/rpi0-runtime/ravenscar-full-rpi0/gnat/a-stzunb.ads:417:9\n0 bytes (static)\n0 dynamic objects" }
edge: { sourcename: "ada__strings__wide_wide_unbounded__unbounded_wide_wide_stringSO__2" targetname: "ada__strings__wide_wide_unbounded__unbounded_wide_wide_stringSW__2" label: "/home/john/IT/Ada/adacore-downloads-2006/bb-runtimes-community-2020/rpi0-runtime/ravenscar-full-rpi0/gnat/a-stzunb.ads:417:9" }
node: { title: "ada__strings__wide_wide_unbounded__Olt" label: "<\n/home/john/IT/Ada/adacore-downloads-2006/bb-runtimes-community-2020/rpi0-runtime/ravenscar-full-rpi0/gnat/a-stzunb.adb:204:4\n16 bytes (static)\n0 dynamic objects" }
node: { title: "system__compare_array_unsigned_32__compare_array_u32" label: "Compare_Array_U32\n/home/john/IT/Ada/adacore-downloads-2006/bb-runtimes-community-2020/rpi0-runtime/ravenscar-full-rpi0/gnat/s-caun32.ads:41:13" shape : ellipse }
edge: { sourcename: "ada__strings__wide_wide_unbounded__Olt" targetname: "system__compare_array_unsigned_32__compare_array_u32" label: "/home/john/IT/Ada/adacore-downloads-2006/bb-runtimes-community-2020/rpi0-runtime/ravenscar-full-rpi0/gnat/a-stzunb.adb:210:13" }
node: { title: "ada__strings__wide_wide_unbounded__Olt__2" label: "<\n/home/john/IT/Ada/adacore-downloads-2006/bb-runtimes-community-2020/rpi0-runtime/ravenscar-full-rpi0/gnat/a-stzunb.adb:213:4\n8 bytes (static)\n0 dynamic objects" }
edge: { sourcename: "ada__strings__wide_wide_unbounded__Olt__2" targetname: "system__compare_array_unsigned_32__compare_array_u32" label: "/home/john/IT/Ada/adacore-downloads-2006/bb-runtimes-community-2020/rpi0-runtime/ravenscar-full-rpi0/gnat/a-stzunb.adb:218:18" }
node: { title: "ada__strings__wide_wide_unbounded__Olt__3" label: "<\n/home/john/IT/Ada/adacore-downloads-2006/bb-runtimes-community-2020/rpi0-runtime/ravenscar-full-rpi0/gnat/a-stzunb.adb:221:4\n8 bytes (static)\n0 dynamic objects" }
edge: { sourcename: "ada__strings__wide_wide_unbounded__Olt__3" targetname: "system__compare_array_unsigned_32__compare_array_u32" label: "/home/john/IT/Ada/adacore-downloads-2006/bb-runtimes-community-2020/rpi0-runtime/ravenscar-full-rpi0/gnat/a-stzunb.adb:226:14" }
node: { title: "ada__strings__wide_wide_unbounded__Ole" label: "<=\n/home/john/IT/Ada/adacore-downloads-2006/bb-runtimes-community-2020/rpi0-runtime/ravenscar-full-rpi0/gnat/a-stzunb.adb:233:4\n16 bytes (static)\n0 dynamic objects" }
edge: { sourcename: "ada__strings__wide_wide_unbounded__Ole" targetname: "system__compare_array_unsigned_32__compare_array_u32" label: "/home/john/IT/Ada/adacore-downloads-2006/bb-runtimes-community-2020/rpi0-runtime/ravenscar-full-rpi0/gnat/a-stzunb.adb:239:13" }
node: { title: "ada__strings__wide_wide_unbounded__Ole__2" label: "<=\n/home/john/IT/Ada/adacore-downloads-2006/bb-runtimes-community-2020/rpi0-runtime/ravenscar-full-rpi0/gnat/a-stzunb.adb:242:4\n8 bytes (static)\n0 dynamic objects" }
edge: { sourcename: "ada__strings__wide_wide_unbounded__Ole__2" targetname: "system__compare_array_unsigned_32__compare_array_u32" label: "/home/john/IT/Ada/adacore-downloads-2006/bb-runtimes-community-2020/rpi0-runtime/ravenscar-full-rpi0/gnat/a-stzunb.adb:247:18" }
node: { title: "ada__strings__wide_wide_unbounded__Ole__3" label: "<=\n/home/john/IT/Ada/adacore-downloads-2006/bb-runtimes-community-2020/rpi0-runtime/ravenscar-full-rpi0/gnat/a-stzunb.adb:250:4\n8 bytes (static)\n0 dynamic objects" }
edge: { sourcename: "ada__strings__wide_wide_unbounded__Ole__3" targetname: "system__compare_array_unsigned_32__compare_array_u32" label: "/home/john/IT/Ada/adacore-downloads-2006/bb-runtimes-community-2020/rpi0-runtime/ravenscar-full-rpi0/gnat/a-stzunb.adb:255:14" }
node: { title: "ada__strings__wide_wide_unbounded__Ogt" label: ">\n/home/john/IT/Ada/adacore-downloads-2006/bb-runtimes-community-2020/rpi0-runtime/ravenscar-full-rpi0/gnat/a-stzunb.adb:291:4\n16 bytes (static)\n0 dynamic objects" }
edge: { sourcename: "ada__strings__wide_wide_unbounded__Ogt" targetname: "system__compare_array_unsigned_32__compare_array_u32" label: "/home/john/IT/Ada/adacore-downloads-2006/bb-runtimes-community-2020/rpi0-runtime/ravenscar-full-rpi0/gnat/a-stzunb.adb:297:13" }
node: { title: "ada__strings__wide_wide_unbounded__Ogt__2" label: ">\n/home/john/IT/Ada/adacore-downloads-2006/bb-runtimes-community-2020/rpi0-runtime/ravenscar-full-rpi0/gnat/a-stzunb.adb:300:4\n8 bytes (static)\n0 dynamic objects" }
edge: { sourcename: "ada__strings__wide_wide_unbounded__Ogt__2" targetname: "system__compare_array_unsigned_32__compare_array_u32" label: "/home/john/IT/Ada/adacore-downloads-2006/bb-runtimes-community-2020/rpi0-runtime/ravenscar-full-rpi0/gnat/a-stzunb.adb:305:18" }
node: { title: "ada__strings__wide_wide_unbounded__Ogt__3" label: ">\n/home/john/IT/Ada/adacore-downloads-2006/bb-runtimes-community-2020/rpi0-runtime/ravenscar-full-rpi0/gnat/a-stzunb.adb:308:4\n8 bytes (static)\n0 dynamic objects" }
edge: { sourcename: "ada__strings__wide_wide_unbounded__Ogt__3" targetname: "system__compare_array_unsigned_32__compare_array_u32" label: "/home/john/IT/Ada/adacore-downloads-2006/bb-runtimes-community-2020/rpi0-runtime/ravenscar-full-rpi0/gnat/a-stzunb.adb:313:14" }
node: { title: "ada__strings__wide_wide_unbounded__Oge" label: ">=\n/home/john/IT/Ada/adacore-downloads-2006/bb-runtimes-community-2020/rpi0-runtime/ravenscar-full-rpi0/gnat/a-stzunb.adb:320:4\n16 bytes (static)\n0 dynamic objects" }
edge: { sourcename: "ada__strings__wide_wide_unbounded__Oge" targetname: "system__compare_array_unsigned_32__compare_array_u32" label: "/home/john/IT/Ada/adacore-downloads-2006/bb-runtimes-community-2020/rpi0-runtime/ravenscar-full-rpi0/gnat/a-stzunb.adb:326:13" }
node: { title: "ada__strings__wide_wide_unbounded__Oge__2" label: ">=\n/home/john/IT/Ada/adacore-downloads-2006/bb-runtimes-community-2020/rpi0-runtime/ravenscar-full-rpi0/gnat/a-stzunb.adb:329:4\n8 bytes (static)\n0 dynamic objects" }
edge: { sourcename: "ada__strings__wide_wide_unbounded__Oge__2" targetname: "system__compare_array_unsigned_32__compare_array_u32" label: "/home/john/IT/Ada/adacore-downloads-2006/bb-runtimes-community-2020/rpi0-runtime/ravenscar-full-rpi0/gnat/a-stzunb.adb:334:18" }
node: { title: "ada__strings__wide_wide_unbounded__Oge__3" label: ">=\n/home/john/IT/Ada/adacore-downloads-2006/bb-runtimes-community-2020/rpi0-runtime/ravenscar-full-rpi0/gnat/a-stzunb.adb:337:4\n8 bytes (static)\n0 dynamic objects" }
edge: { sourcename: "ada__strings__wide_wide_unbounded__Oge__3" targetname: "system__compare_array_unsigned_32__compare_array_u32" label: "/home/john/IT/Ada/adacore-downloads-2006/bb-runtimes-community-2020/rpi0-runtime/ravenscar-full-rpi0/gnat/a-stzunb.adb:342:14" }
node: { title: "ada__strings__wide_wide_unbounded__Oeq" label: "=\n/home/john/IT/Ada/adacore-downloads-2006/bb-runtimes-community-2020/rpi0-runtime/ravenscar-full-rpi0/gnat/a-stzunb.adb:262:4\n8 bytes (static)\n0 dynamic objects" }
node: { title: "memcmp" label: "builtin_memcmp\n<built-in>" shape : ellipse }
edge: { sourcename: "ada__strings__wide_wide_unbounded__Oeq" targetname: "memcmp" label: "/home/john/IT/Ada/adacore-downloads-2006/bb-runtimes-community-2020/rpi0-runtime/ravenscar-full-rpi0/gnat/a-stzunb.adb:268:41" }
node: { title: "ada__strings__wide_wide_unbounded__Oeq__2" label: "=\n/home/john/IT/Ada/adacore-downloads-2006/bb-runtimes-community-2020/rpi0-runtime/ravenscar-full-rpi0/gnat/a-stzunb.adb:271:4\n8 bytes (static)\n0 dynamic objects" }
edge: { sourcename: "ada__strings__wide_wide_unbounded__Oeq__2" targetname: "memcmp" label: "/home/john/IT/Ada/adacore-downloads-2006/bb-runtimes-community-2020/rpi0-runtime/ravenscar-full-rpi0/gnat/a-stzunb.adb:276:46" }
node: { title: "ada__strings__wide_wide_unbounded__Oeq__3" label: "=\n/home/john/IT/Ada/adacore-downloads-2006/bb-runtimes-community-2020/rpi0-runtime/ravenscar-full-rpi0/gnat/a-stzunb.adb:279:4\n8 bytes (static)\n0 dynamic objects" }
edge: { sourcename: "ada__strings__wide_wide_unbounded__Oeq__3" targetname: "memcmp" label: "/home/john/IT/Ada/adacore-downloads-2006/bb-runtimes-community-2020/rpi0-runtime/ravenscar-full-rpi0/gnat/a-stzunb.adb:284:19" }
node: { title: "ada__strings__wide_wide_unbounded__set_unbounded_wide_wide_string" label: "Set_Unbounded_Wide_Wide_String\n/home/john/IT/Ada/adacore-downloads-2006/bb-runtimes-community-2020/rpi0-runtime/ravenscar-full-rpi0/gnat/a-stzunb.adb:879:4\n24 bytes (static)\n0 dynamic objects" }
node: { title: "__gnat_malloc" label: "gnat_malloc\n<built-in>" shape : ellipse }
edge: { sourcename: "ada__strings__wide_wide_unbounded__set_unbounded_wide_wide_string" targetname: "__gnat_malloc" label: "/home/john/IT/Ada/adacore-downloads-2006/bb-runtimes-community-2020/rpi0-runtime/ravenscar-full-rpi0/gnat/a-stzunb.adb:885:28" }
node: { title: "memcpy" label: "builtin_memcpy\n<built-in>" shape : ellipse }
edge: { sourcename: "ada__strings__wide_wide_unbounded__set_unbounded_wide_wide_string" targetname: "memcpy" }
node: { title: "ada__strings__wide_wide_unbounded__adjust__2" label: "Adjust\n/home/john/IT/Ada/adacore-downloads-2006/bb-runtimes-community-2020/rpi0-runtime/ravenscar-full-rpi0/gnat/a-stzunb.adb:349:4\n24 bytes (static)\n0 dynamic objects" }
edge: { sourcename: "ada__strings__wide_wide_unbounded__adjust__2" targetname: "__gnat_malloc" label: "/home/john/IT/Ada/adacore-downloads-2006/bb-runtimes-community-2020/rpi0-runtime/ravenscar-full-rpi0/gnat/a-stzunb.adb:356:27" }
edge: { sourcename: "ada__strings__wide_wide_unbounded__adjust__2" targetname: "memcpy" }
node: { title: "ada__strings__wide_wide_unbounded__unbounded_wide_wide_stringDA__2" label: "Unbounded_Wide_Wide_Stringda\n/home/john/IT/Ada/adacore-downloads-2006/bb-runtimes-community-2020/rpi0-runtime/ravenscar-full-rpi0/gnat/a-stzunb.ads:417:9\n0 bytes (static)\n0 dynamic objects" }
edge: { sourcename: "ada__strings__wide_wide_unbounded__unbounded_wide_wide_stringDA__2" targetname: "ada__strings__wide_wide_unbounded__adjust__2" label: "/home/john/IT/Ada/adacore-downloads-2006/bb-runtimes-community-2020/rpi0-runtime/ravenscar-full-rpi0/gnat/a-stzunb.ads:417:9" }
node: { title: "ada__strings__wide_wide_unbounded__to_wide_wide_string" label: "To_Wide_Wide_String\n/home/john/IT/Ada/adacore-downloads-2006/bb-runtimes-community-2020/rpi0-runtime/ravenscar-full-rpi0/gnat/a-stzunb.adb:966:4\n24 bytes (static)\n0 dynamic objects" }
node: { title: "system__secondary_stack__ss_allocate" label: "Ss_Allocate\n/home/john/IT/Ada/adacore-downloads-2006/bb-runtimes-community-2020/rpi0-runtime/ravenscar-full-rpi0/gnat/s-secsta.ads:58:14" shape : ellipse }
edge: { sourcename: "ada__strings__wide_wide_unbounded__to_wide_wide_string" targetname: "system__secondary_stack__ss_allocate" label: "/home/john/IT/Ada/adacore-downloads-2006/bb-runtimes-community-2020/rpi0-runtime/ravenscar-full-rpi0/gnat/a-stzunb.adb:970:7" }
edge: { sourcename: "ada__strings__wide_wide_unbounded__to_wide_wide_string" targetname: "memcpy" }
node: { title: "ada__strings__wide_wide_unbounded__count" label: "Count\n/home/john/IT/Ada/adacore-downloads-2006/bb-runtimes-community-2020/rpi0-runtime/ravenscar-full-rpi0/gnat/a-stzunb.adb:401:4\n24 bytes (static)\n0 dynamic objects" }
node: { title: "ada__strings__wide_wide_search__count" label: "Count\n/home/john/IT/Ada/adacore-downloads-2006/bb-runtimes-community-2020/rpi0-runtime/ravenscar-full-rpi0/gnat/a-stzsea.ads:97:13" shape : ellipse }
edge: { sourcename: "ada__strings__wide_wide_unbounded__count" targetname: "ada__strings__wide_wide_search__count" label: "/home/john/IT/Ada/adacore-downloads-2006/bb-runtimes-community-2020/rpi0-runtime/ravenscar-full-rpi0/gnat/a-stzunb.adb:409:25" }
node: { title: "ada__strings__wide_wide_unbounded__count__2" label: "Count\n/home/john/IT/Ada/adacore-downloads-2006/bb-runtimes-community-2020/rpi0-runtime/ravenscar-full-rpi0/gnat/a-stzunb.adb:413:4\n24 bytes (static)\n0 dynamic objects" }
node: { title: "ada__strings__wide_wide_search__count__2" label: "Count\n/home/john/IT/Ada/adacore-downloads-2006/bb-runtimes-community-2020/rpi0-runtime/ravenscar-full-rpi0/gnat/a-stzsea.ads:104:13" shape : ellipse }
edge: { sourcename: "ada__strings__wide_wide_unbounded__count__2" targetname: "ada__strings__wide_wide_search__count__2" label: "/home/john/IT/Ada/adacore-downloads-2006/bb-runtimes-community-2020/rpi0-runtime/ravenscar-full-rpi0/gnat/a-stzunb.adb:421:25" }
node: { title: "ada__strings__wide_wide_unbounded__count__3" label: "Count\n/home/john/IT/Ada/adacore-downloads-2006/bb-runtimes-community-2020/rpi0-runtime/ravenscar-full-rpi0/gnat/a-stzunb.adb:425:4\n16 bytes (static)\n0 dynamic objects" }
node: { title: "ada__strings__wide_wide_search__count__3" label: "Count\n/home/john/IT/Ada/adacore-downloads-2006/bb-runtimes-community-2020/rpi0-runtime/ravenscar-full-rpi0/gnat/a-stzsea.ads:110:13" shape : ellipse }
edge: { sourcename: "ada__strings__wide_wide_unbounded__count__3" targetname: "ada__strings__wide_wide_search__count__3" label: "/home/john/IT/Ada/adacore-downloads-2006/bb-runtimes-community-2020/rpi0-runtime/ravenscar-full-rpi0/gnat/a-stzunb.adb:431:25" }
node: { title: "ada__strings__wide_wide_unbounded__finalize__2" label: "Finalize\n/home/john/IT/Ada/adacore-downloads-2006/bb-runtimes-community-2020/rpi0-runtime/ravenscar-full-rpi0/gnat/a-stzunb.adb:495:4\n8 bytes (static)\n0 dynamic objects" }
node: { title: "__gnat_free" label: "gnat_free\n<built-in>" shape : ellipse }
edge: { sourcename: "ada__strings__wide_wide_unbounded__finalize__2" targetname: "__gnat_free" label: "/home/john/IT/Ada/adacore-downloads-2006/bb-runtimes-community-2020/rpi0-runtime/ravenscar-full-rpi0/gnat/a-stzunb.adb:504:10" }
node: { title: "ada__strings__wide_wide_unbounded___assign__2" label: "Wide_Wide_Unbounded\n/home/john/IT/Ada/adacore-downloads-2006/bb-runtimes-community-2020/rpi0-runtime/ravenscar-full-rpi0/gnat/a-stzunb.ads:417:9\n440 bytes (static)\n0 dynamic objects" }
edge: { sourcename: "ada__strings__wide_wide_unbounded___assign__2" targetname: "ada__strings__wide_wide_unbounded__finalize__2" label: "/home/john/IT/Ada/adacore-downloads-2006/bb-runtimes-community-2020/rpi0-runtime/ravenscar-full-rpi0/gnat/a-stzunb.ads:417:9" }
edge: { sourcename: "ada__strings__wide_wide_unbounded___assign__2" targetname: "ada__strings__wide_wide_unbounded__adjust__2" label: "/home/john/IT/Ada/adacore-downloads-2006/bb-runtimes-community-2020/rpi0-runtime/ravenscar-full-rpi0/gnat/a-stzunb.ads:417:9" }
node: { title: "_Unwind_Resume" label: "builtin_unwind_resume\n<built-in>" shape : ellipse }
edge: { sourcename: "ada__strings__wide_wide_unbounded___assign__2" targetname: "_Unwind_Resume" }
node: { title: "__gnat_begin_handler_v1" label: "gnat_begin_handler_v1\n<built-in>" shape : ellipse }
edge: { sourcename: "ada__strings__wide_wide_unbounded___assign__2" targetname: "__gnat_begin_handler_v1" }
node: { title: "__gnat_set_exception_parameter" label: "gnat_set_exception_parameter\n<built-in>" shape : ellipse }
edge: { sourcename: "ada__strings__wide_wide_unbounded___assign__2" targetname: "__gnat_set_exception_parameter" }
node: { title: "__gnat_raise_from_controlled_operation" label: "Raise_From_Controlled_Operation\n/home/john/IT/Ada/adacore-downloads-2006/bb-runtimes-community-2020/rpi0-runtime/ravenscar-full-rpi0/gnat/a-except.ads:209:14" shape : ellipse }
edge: { sourcename: "ada__strings__wide_wide_unbounded___assign__2" targetname: "__gnat_raise_from_controlled_operation" label: "/home/john/IT/Ada/adacore-downloads-2006/bb-runtimes-community-2020/rpi0-runtime/ravenscar-full-rpi0/gnat/a-stzunb.ads:417:9" }
node: { title: "__gnat_end_handler_v1" label: "gnat_end_handler_v1\n<built-in>" shape : ellipse }
edge: { sourcename: "ada__strings__wide_wide_unbounded___assign__2" targetname: "__gnat_end_handler_v1" }
edge: { sourcename: "ada__strings__wide_wide_unbounded___assign__2" targetname: "_Unwind_Resume" }
node: { title: "ada__strings__wide_wide_unbounded__unbounded_wide_wide_stringDF__2" label: "Unbounded_Wide_Wide_Stringdf\n/home/john/IT/Ada/adacore-downloads-2006/bb-runtimes-community-2020/rpi0-runtime/ravenscar-full-rpi0/gnat/a-stzunb.ads:417:9\n0 bytes (static)\n0 dynamic objects" }
edge: { sourcename: "ada__strings__wide_wide_unbounded__unbounded_wide_wide_stringDF__2" targetname: "ada__strings__wide_wide_unbounded__finalize__2" label: "/home/john/IT/Ada/adacore-downloads-2006/bb-runtimes-community-2020/rpi0-runtime/ravenscar-full-rpi0/gnat/a-stzunb.ads:417:9" }
node: { title: "ada__strings__wide_wide_unbounded__find_token" label: "Find_Token\n/home/john/IT/Ada/adacore-downloads-2006/bb-runtimes-community-2020/rpi0-runtime/ravenscar-full-rpi0/gnat/a-stzunb.adb:514:4\n32 bytes (static)\n0 dynamic objects" }
node: { title: "ada__strings__wide_wide_search__find_token__2" label: "Find_Token\n/home/john/IT/Ada/adacore-downloads-2006/bb-runtimes-community-2020/rpi0-runtime/ravenscar-full-rpi0/gnat/a-stzsea.ads:122:14" shape : ellipse }
edge: { sourcename: "ada__strings__wide_wide_unbounded__find_token" targetname: "ada__strings__wide_wide_search__find_token__2" label: "/home/john/IT/Ada/adacore-downloads-2006/bb-runtimes-community-2020/rpi0-runtime/ravenscar-full-rpi0/gnat/a-stzunb.adb:523:23" }
node: { title: "ada__strings__wide_wide_unbounded__find_token__2" label: "Find_Token\n/home/john/IT/Ada/adacore-downloads-2006/bb-runtimes-community-2020/rpi0-runtime/ravenscar-full-rpi0/gnat/a-stzunb.adb:527:4\n32 bytes (static)\n0 dynamic objects" }
edge: { sourcename: "ada__strings__wide_wide_unbounded__find_token__2" targetname: "ada__strings__wide_wide_search__find_token__2" label: "/home/john/IT/Ada/adacore-downloads-2006/bb-runtimes-community-2020/rpi0-runtime/ravenscar-full-rpi0/gnat/a-stzunb.adb:535:23" }
node: { title: "ada__strings__wide_wide_unbounded__index" label: "Index\n/home/john/IT/Ada/adacore-downloads-2006/bb-runtimes-community-2020/rpi0-runtime/ravenscar-full-rpi0/gnat/a-stzunb.adb:591:4\n24 bytes (static)\n0 dynamic objects" }
node: { title: "ada__strings__wide_wide_search__index" label: "Index\n/home/john/IT/Ada/adacore-downloads-2006/bb-runtimes-community-2020/rpi0-runtime/ravenscar-full-rpi0/gnat/a-stzsea.ads:44:13" shape : ellipse }
edge: { sourcename: "ada__strings__wide_wide_unbounded__index" targetname: "ada__strings__wide_wide_search__index" label: "/home/john/IT/Ada/adacore-downloads-2006/bb-runtimes-community-2020/rpi0-runtime/ravenscar-full-rpi0/gnat/a-stzunb.adb:600:25" }
node: { title: "ada__strings__wide_wide_unbounded__index__2" label: "Index\n/home/john/IT/Ada/adacore-downloads-2006/bb-runtimes-community-2020/rpi0-runtime/ravenscar-full-rpi0/gnat/a-stzunb.adb:604:4\n24 bytes (static)\n0 dynamic objects" }
node: { title: "ada__strings__wide_wide_search__index__2" label: "Index\n/home/john/IT/Ada/adacore-downloads-2006/bb-runtimes-community-2020/rpi0-runtime/ravenscar-full-rpi0/gnat/a-stzsea.ads:51:13" shape : ellipse }
edge: { sourcename: "ada__strings__wide_wide_unbounded__index__2" targetname: "ada__strings__wide_wide_search__index__2" label: "/home/john/IT/Ada/adacore-downloads-2006/bb-runtimes-community-2020/rpi0-runtime/ravenscar-full-rpi0/gnat/a-stzunb.adb:613:25" }
node: { title: "ada__strings__wide_wide_unbounded__index__3" label: "Index\n/home/john/IT/Ada/adacore-downloads-2006/bb-runtimes-community-2020/rpi0-runtime/ravenscar-full-rpi0/gnat/a-stzunb.adb:617:4\n24 bytes (static)\n0 dynamic objects" }
node: { title: "ada__strings__wide_wide_search__index__3" label: "Index\n/home/john/IT/Ada/adacore-downloads-2006/bb-runtimes-community-2020/rpi0-runtime/ravenscar-full-rpi0/gnat/a-stzsea.ads:58:13" shape : ellipse }
edge: { sourcename: "ada__strings__wide_wide_unbounded__index__3" targetname: "ada__strings__wide_wide_search__index__3" label: "/home/john/IT/Ada/adacore-downloads-2006/bb-runtimes-community-2020/rpi0-runtime/ravenscar-full-rpi0/gnat/a-stzunb.adb:624:30" }
node: { title: "ada__strings__wide_wide_unbounded__index__4" label: "Index\n/home/john/IT/Ada/adacore-downloads-2006/bb-runtimes-community-2020/rpi0-runtime/ravenscar-full-rpi0/gnat/a-stzunb.adb:628:4\n32 bytes (static)\n0 dynamic objects" }
node: { title: "ada__strings__wide_wide_search__index__4" label: "Index\n/home/john/IT/Ada/adacore-downloads-2006/bb-runtimes-community-2020/rpi0-runtime/ravenscar-full-rpi0/gnat/a-stzsea.ads:64:13" shape : ellipse }
edge: { sourcename: "ada__strings__wide_wide_unbounded__index__4" targetname: "ada__strings__wide_wide_search__index__4" label: "/home/john/IT/Ada/adacore-downloads-2006/bb-runtimes-community-2020/rpi0-runtime/ravenscar-full-rpi0/gnat/a-stzunb.adb:638:25" }
node: { title: "ada__strings__wide_wide_unbounded__index__5" label: "Index\n/home/john/IT/Ada/adacore-downloads-2006/bb-runtimes-community-2020/rpi0-runtime/ravenscar-full-rpi0/gnat/a-stzunb.adb:642:4\n32 bytes (static)\n0 dynamic objects" }
node: { title: "ada__strings__wide_wide_search__index__5" label: "Index\n/home/john/IT/Ada/adacore-downloads-2006/bb-runtimes-community-2020/rpi0-runtime/ravenscar-full-rpi0/gnat/a-stzsea.ads:73:13" shape : ellipse }
edge: { sourcename: "ada__strings__wide_wide_unbounded__index__5" targetname: "ada__strings__wide_wide_search__index__5" label: "/home/john/IT/Ada/adacore-downloads-2006/bb-runtimes-community-2020/rpi0-runtime/ravenscar-full-rpi0/gnat/a-stzunb.adb:652:25" }
node: { title: "ada__strings__wide_wide_unbounded__index__6" label: "Index\n/home/john/IT/Ada/adacore-downloads-2006/bb-runtimes-community-2020/rpi0-runtime/ravenscar-full-rpi0/gnat/a-stzunb.adb:656:4\n24 bytes (static)\n0 dynamic objects" }
node: { title: "ada__strings__wide_wide_search__index__6" label: "Index\n/home/john/IT/Ada/adacore-downloads-2006/bb-runtimes-community-2020/rpi0-runtime/ravenscar-full-rpi0/gnat/a-stzsea.ads:81:13" shape : ellipse }
edge: { sourcename: "ada__strings__wide_wide_unbounded__index__6" targetname: "ada__strings__wide_wide_search__index__6" label: "/home/john/IT/Ada/adacore-downloads-2006/bb-runtimes-community-2020/rpi0-runtime/ravenscar-full-rpi0/gnat/a-stzunb.adb:665:25" }
node: { title: "ada__strings__wide_wide_unbounded__index_non_blank" label: "Index_Non_Blank\n/home/john/IT/Ada/adacore-downloads-2006/bb-runtimes-community-2020/rpi0-runtime/ravenscar-full-rpi0/gnat/a-stzunb.adb:669:4\n16 bytes (static)\n0 dynamic objects" }
node: { title: "ada__strings__wide_wide_search__index_non_blank" label: "Index_Non_Blank\n/home/john/IT/Ada/adacore-downloads-2006/bb-runtimes-community-2020/rpi0-runtime/ravenscar-full-rpi0/gnat/a-stzsea.ads:88:13" shape : ellipse }
edge: { sourcename: "ada__strings__wide_wide_unbounded__index_non_blank" targetname: "ada__strings__wide_wide_search__index_non_blank" label: "/home/john/IT/Ada/adacore-downloads-2006/bb-runtimes-community-2020/rpi0-runtime/ravenscar-full-rpi0/gnat/a-stzunb.adb:675:25" }
node: { title: "ada__strings__wide_wide_unbounded__index_non_blank__2" label: "Index_Non_Blank\n/home/john/IT/Ada/adacore-downloads-2006/bb-runtimes-community-2020/rpi0-runtime/ravenscar-full-rpi0/gnat/a-stzunb.adb:679:4\n24 bytes (static)\n0 dynamic objects" }
node: { title: "ada__strings__wide_wide_search__index_non_blank__2" label: "Index_Non_Blank\n/home/john/IT/Ada/adacore-downloads-2006/bb-runtimes-community-2020/rpi0-runtime/ravenscar-full-rpi0/gnat/a-stzsea.ads:92:13" shape : ellipse }
edge: { sourcename: "ada__strings__wide_wide_unbounded__index_non_blank__2" targetname: "ada__strings__wide_wide_search__index_non_blank__2" label: "/home/john/IT/Ada/adacore-downloads-2006/bb-runtimes-community-2020/rpi0-runtime/ravenscar-full-rpi0/gnat/a-stzunb.adb:686:25" }
node: { title: "ada__strings__wide_wide_unbounded__translate__2" label: "Translate\n/home/john/IT/Ada/adacore-downloads-2006/bb-runtimes-community-2020/rpi0-runtime/ravenscar-full-rpi0/gnat/a-stzunb.adb:989:4\n16 bytes (static)\n0 dynamic objects" }
node: { title: "ada__strings__wide_wide_fixed__translate__2" label: "Translate\n/home/john/IT/Ada/adacore-downloads-2006/bb-runtimes-community-2020/rpi0-runtime/ravenscar-full-rpi0/gnat/a-stzfix.ads:135:14" shape : ellipse }
edge: { sourcename: "ada__strings__wide_wide_unbounded__translate__2" targetname: "ada__strings__wide_wide_fixed__translate__2" label: "/home/john/IT/Ada/adacore-downloads-2006/bb-runtimes-community-2020/rpi0-runtime/ravenscar-full-rpi0/gnat/a-stzunb.adb:994:22" }
node: { title: "ada__strings__wide_wide_unbounded__translate__4" label: "Translate\n/home/john/IT/Ada/adacore-downloads-2006/bb-runtimes-community-2020/rpi0-runtime/ravenscar-full-rpi0/gnat/a-stzunb.adb:1009:4\n16 bytes (static)\n0 dynamic objects" }
node: { title: "ada__strings__wide_wide_fixed__translate__4" label: "Translate\n/home/john/IT/Ada/adacore-downloads-2006/bb-runtimes-community-2020/rpi0-runtime/ravenscar-full-rpi0/gnat/a-stzfix.ads:144:14" shape : ellipse }
edge: { sourcename: "ada__strings__wide_wide_unbounded__translate__4" targetname: "ada__strings__wide_wide_fixed__translate__4" label: "/home/john/IT/Ada/adacore-downloads-2006/bb-runtimes-community-2020/rpi0-runtime/ravenscar-full-rpi0/gnat/a-stzunb.adb:1014:22" }
node: { title: "ada__strings__wide_wide_unbounded__element" label: "Element\n/home/john/IT/Ada/adacore-downloads-2006/bb-runtimes-community-2020/rpi0-runtime/ravenscar-full-rpi0/gnat/a-stzunb.adb:479:4\n8 bytes (static)\n0 dynamic objects" }
node: { title: "__gnat_raise_exception" label: "Raise_Exception_Always\n/home/john/IT/Ada/adacore-downloads-2006/bb-runtimes-community-2020/rpi0-runtime/ravenscar-full-rpi0/gnat/a-except.ads:182:14" shape : ellipse }
edge: { sourcename: "ada__strings__wide_wide_unbounded__element" targetname: "__gnat_raise_exception" label: "/home/john/IT/Ada/adacore-downloads-2006/bb-runtimes-community-2020/rpi0-runtime/ravenscar-full-rpi0/gnat/a-stzunb.adb:487:10" }
node: { title: "ada__strings__wide_wide_unbounded__replace_element" label: "Replace_Element\n/home/john/IT/Ada/adacore-downloads-2006/bb-runtimes-community-2020/rpi0-runtime/ravenscar-full-rpi0/gnat/a-stzunb.adb:831:4\n8 bytes (static)\n0 dynamic objects" }
edge: { sourcename: "ada__strings__wide_wide_unbounded__replace_element" targetname: "__gnat_raise_exception" label: "/home/john/IT/Ada/adacore-downloads-2006/bb-runtimes-community-2020/rpi0-runtime/ravenscar-full-rpi0/gnat/a-stzunb.adb:840:10" }
node: { title: "ada__strings__wide_wide_unbounded__unbounded_wide_wide_stringSR__2" label: "Unbounded_Wide_Wide_Stringsr\n/home/john/IT/Ada/adacore-downloads-2006/bb-runtimes-community-2020/rpi0-runtime/ravenscar-full-rpi0/gnat/a-stzunb.ads:417:9\n40 bytes (static)\n0 dynamic objects" }
node: { title: "ada__finalization__controlledSR__2" label: "Controlledsr\n/home/john/IT/Ada/adacore-downloads-2006/bb-runtimes-community-2020/rpi0-runtime/ravenscar-full-rpi0/gnat/a-finali.ads:59:9" shape : ellipse }
edge: { sourcename: "ada__strings__wide_wide_unbounded__unbounded_wide_wide_stringSR__2" targetname: "ada__finalization__controlledSR__2" label: "/home/john/IT/Ada/adacore-downloads-2006/bb-runtimes-community-2020/rpi0-runtime/ravenscar-full-rpi0/gnat/a-stzunb.ads:417:9" }
node: { title: "system__stream_attributes__xdr__i_ad" label: "I_Ad\n/home/john/IT/Ada/adacore-downloads-2006/bb-runtimes-community-2020/rpi0-runtime/ravenscar-full-rpi0/gnat/s-statxd.ads:59:13" shape : ellipse }
edge: { sourcename: "ada__strings__wide_wide_unbounded__unbounded_wide_wide_stringSR__2" targetname: "system__stream_attributes__xdr__i_ad" label: "/home/john/IT/Ada/adacore-downloads-2006/bb-runtimes-community-2020/rpi0-runtime/ravenscar-full-rpi0/gnat/a-stzunb.ads:417:9" }
edge: { sourcename: "ada__strings__wide_wide_unbounded__unbounded_wide_wide_stringSR__2" targetname: "__indirect_call" label: "/home/john/IT/Ada/adacore-downloads-2006/bb-runtimes-community-2020/rpi0-runtime/ravenscar-full-rpi0/gnat/a-stzunb.ads:417:9" }
edge: { sourcename: "ada__strings__wide_wide_unbounded__unbounded_wide_wide_stringSR__2" targetname: "__gnat_raise_exception" label: "/home/john/IT/Ada/adacore-downloads-2006/bb-runtimes-community-2020/rpi0-runtime/ravenscar-full-rpi0/gnat/a-stzunb.ads:417:9" }
node: { title: "system__stream_attributes__xdr__i_i" label: "I_I\n/home/john/IT/Ada/adacore-downloads-2006/bb-runtimes-community-2020/rpi0-runtime/ravenscar-full-rpi0/gnat/s-statxd.ads:64:13" shape : ellipse }
edge: { sourcename: "ada__strings__wide_wide_unbounded__unbounded_wide_wide_stringSR__2" targetname: "system__stream_attributes__xdr__i_i" label: "/home/john/IT/Ada/adacore-downloads-2006/bb-runtimes-community-2020/rpi0-runtime/ravenscar-full-rpi0/gnat/a-stzunb.ads:417:9" }
edge: { sourcename: "ada__strings__wide_wide_unbounded__unbounded_wide_wide_stringSR__2" targetname: "__indirect_call" label: "/home/john/IT/Ada/adacore-downloads-2006/bb-runtimes-community-2020/rpi0-runtime/ravenscar-full-rpi0/gnat/a-stzunb.ads:417:9" }
edge: { sourcename: "ada__strings__wide_wide_unbounded__unbounded_wide_wide_stringSR__2" targetname: "__gnat_raise_exception" label: "/home/john/IT/Ada/adacore-downloads-2006/bb-runtimes-community-2020/rpi0-runtime/ravenscar-full-rpi0/gnat/a-stzunb.ads:417:9" }
node: { title: "ada__strings__wide_wide_unbounded__delete__2" label: "Delete\n/home/john/IT/Ada/adacore-downloads-2006/bb-runtimes-community-2020/rpi0-runtime/ravenscar-full-rpi0/gnat/a-stzunb.adb:451:4\n16 bytes (static)\n0 dynamic objects" }
edge: { sourcename: "ada__strings__wide_wide_unbounded__delete__2" targetname: "__gnat_raise_exception" label: "/home/john/IT/Ada/adacore-downloads-2006/bb-runtimes-community-2020/rpi0-runtime/ravenscar-full-rpi0/gnat/a-stzunb.adb:461:10" }
node: { title: "memmove" label: "builtin_memmove\n<built-in>" shape : ellipse }
edge: { sourcename: "ada__strings__wide_wide_unbounded__delete__2" targetname: "memmove" label: "/home/john/IT/Ada/adacore-downloads-2006/bb-runtimes-community-2020/rpi0-runtime/ravenscar-full-rpi0/gnat/a-stzunb.adb:468:58" }
node: { title: "ada__strings__wide_wide_unbounded__slice" label: "Slice\n/home/john/IT/Ada/adacore-downloads-2006/bb-runtimes-community-2020/rpi0-runtime/ravenscar-full-rpi0/gnat/a-stzunb.adb:893:4\n32 bytes (static)\n0 dynamic objects" }
edge: { sourcename: "ada__strings__wide_wide_unbounded__slice" targetname: "__gnat_raise_exception" label: "/home/john/IT/Ada/adacore-downloads-2006/bb-runtimes-community-2020/rpi0-runtime/ravenscar-full-rpi0/gnat/a-stzunb.adb:902:10" }
edge: { sourcename: "ada__strings__wide_wide_unbounded__slice" targetname: "system__secondary_stack__ss_allocate" label: "/home/john/IT/Ada/adacore-downloads-2006/bb-runtimes-community-2020/rpi0-runtime/ravenscar-full-rpi0/gnat/a-stzunb.adb:904:10" }
edge: { sourcename: "ada__strings__wide_wide_unbounded__slice" targetname: "memcpy" }
node: { title: "ada__strings__wide_wide_unbounded__unbounded_wide_wide_stringSI__2" label: "Unbounded_Wide_Wide_Stringsi\n/home/john/IT/Ada/adacore-downloads-2006/bb-runtimes-community-2020/rpi0-runtime/ravenscar-full-rpi0/gnat/a-stzunb.ads:417:9\n48 bytes (static)\n0 dynamic objects" }
edge: { sourcename: "ada__strings__wide_wide_unbounded__unbounded_wide_wide_stringSI__2" targetname: "ada__strings__wide_wide_unbounded__unbounded_wide_wide_stringSR__2" label: "/home/john/IT/Ada/adacore-downloads-2006/bb-runtimes-community-2020/rpi0-runtime/ravenscar-full-rpi0/gnat/a-stzunb.ads:417:9" }
edge: { sourcename: "ada__strings__wide_wide_unbounded__unbounded_wide_wide_stringSI__2" targetname: "system__secondary_stack__ss_allocate" label: "/home/john/IT/Ada/adacore-downloads-2006/bb-runtimes-community-2020/rpi0-runtime/ravenscar-full-rpi0/gnat/a-stzunb.ads:417:9" }
edge: { sourcename: "ada__strings__wide_wide_unbounded__unbounded_wide_wide_stringSI__2" targetname: "ada__strings__wide_wide_unbounded__adjust__2" label: "/home/john/IT/Ada/adacore-downloads-2006/bb-runtimes-community-2020/rpi0-runtime/ravenscar-full-rpi0/gnat/a-stzunb.ads:417:9" }
edge: { sourcename: "ada__strings__wide_wide_unbounded__unbounded_wide_wide_stringSI__2" targetname: "ada__strings__wide_wide_unbounded__finalize__2" label: "/home/john/IT/Ada/adacore-downloads-2006/bb-runtimes-community-2020/rpi0-runtime/ravenscar-full-rpi0/gnat/a-stzunb.ads:417:0" }
edge: { sourcename: "ada__strings__wide_wide_unbounded__unbounded_wide_wide_stringSI__2" targetname: "_Unwind_Resume" }
edge: { sourcename: "ada__strings__wide_wide_unbounded__unbounded_wide_wide_stringSI__2" targetname: "__gnat_begin_handler_v1" label: "/home/john/IT/Ada/adacore-downloads-2006/bb-runtimes-community-2020/rpi0-runtime/ravenscar-full-rpi0/gnat/a-stzunb.ads:417:0" }
edge: { sourcename: "ada__strings__wide_wide_unbounded__unbounded_wide_wide_stringSI__2" targetname: "__gnat_end_handler_v1" label: "/home/john/IT/Ada/adacore-downloads-2006/bb-runtimes-community-2020/rpi0-runtime/ravenscar-full-rpi0/gnat/a-stzunb.ads:417:0" }
node: { title: "__gnat_rcheck_PE_Finalize_Raised_Exception" label: "gnat_rcheck_PE_Finalize_Raised_Exception\n<built-in>" shape : ellipse }
edge: { sourcename: "ada__strings__wide_wide_unbounded__unbounded_wide_wide_stringSI__2" targetname: "__gnat_rcheck_PE_Finalize_Raised_Exception" label: "/home/john/IT/Ada/adacore-downloads-2006/bb-runtimes-community-2020/rpi0-runtime/ravenscar-full-rpi0/gnat/a-stzunb.ads:417:0" }
edge: { sourcename: "ada__strings__wide_wide_unbounded__unbounded_wide_wide_stringSI__2" targetname: "ada__strings__wide_wide_unbounded__finalize__2" label: "/home/john/IT/Ada/adacore-downloads-2006/bb-runtimes-community-2020/rpi0-runtime/ravenscar-full-rpi0/gnat/a-stzunb.ads:417:0" }
edge: { sourcename: "ada__strings__wide_wide_unbounded__unbounded_wide_wide_stringSI__2" targetname: "_Unwind_Resume" }
edge: { sourcename: "ada__strings__wide_wide_unbounded__unbounded_wide_wide_stringSI__2" targetname: "__gnat_begin_handler_v1" label: "/home/john/IT/Ada/adacore-downloads-2006/bb-runtimes-community-2020/rpi0-runtime/ravenscar-full-rpi0/gnat/a-stzunb.ads:417:0" }
edge: { sourcename: "ada__strings__wide_wide_unbounded__unbounded_wide_wide_stringSI__2" targetname: "__gnat_end_handler_v1" label: "/home/john/IT/Ada/adacore-downloads-2006/bb-runtimes-community-2020/rpi0-runtime/ravenscar-full-rpi0/gnat/a-stzunb.ads:417:0" }
edge: { sourcename: "ada__strings__wide_wide_unbounded__unbounded_wide_wide_stringSI__2" targetname: "__gnat_rcheck_PE_Finalize_Raised_Exception" label: "/home/john/IT/Ada/adacore-downloads-2006/bb-runtimes-community-2020/rpi0-runtime/ravenscar-full-rpi0/gnat/a-stzunb.ads:417:0" }
edge: { sourcename: "ada__strings__wide_wide_unbounded__unbounded_wide_wide_stringSI__2" targetname: "_Unwind_Resume" }
node: { title: "ada__strings__wide_wide_unbounded__to_unbounded_wide_wide_string__2" label: "To_Unbounded_Wide_Wide_String\n/home/john/IT/Ada/adacore-downloads-2006/bb-runtimes-community-2020/rpi0-runtime/ravenscar-full-rpi0/gnat/a-stzunb.adb:952:4\n40 bytes (static)\n0 dynamic objects" }
edge: { sourcename: "ada__strings__wide_wide_unbounded__to_unbounded_wide_wide_string__2" targetname: "__gnat_malloc" label: "/home/john/IT/Ada/adacore-downloads-2006/bb-runtimes-community-2020/rpi0-runtime/ravenscar-full-rpi0/gnat/a-stzunb.adb:958:24" }
edge: { sourcename: "ada__strings__wide_wide_unbounded__to_unbounded_wide_wide_string__2" targetname: "system__secondary_stack__ss_allocate" label: "/home/john/IT/Ada/adacore-downloads-2006/bb-runtimes-community-2020/rpi0-runtime/ravenscar-full-rpi0/gnat/a-stzunb.adb:959:7" }
edge: { sourcename: "ada__strings__wide_wide_unbounded__to_unbounded_wide_wide_string__2" targetname: "ada__strings__wide_wide_unbounded__adjust__2" label: "/home/john/IT/Ada/adacore-downloads-2006/bb-runtimes-community-2020/rpi0-runtime/ravenscar-full-rpi0/gnat/a-stzunb.adb:959:7" }
edge: { sourcename: "ada__strings__wide_wide_unbounded__to_unbounded_wide_wide_string__2" targetname: "ada__strings__wide_wide_unbounded__finalize__2" label: "/home/john/IT/Ada/adacore-downloads-2006/bb-runtimes-community-2020/rpi0-runtime/ravenscar-full-rpi0/gnat/a-stzunb.adb:960:0" }
edge: { sourcename: "ada__strings__wide_wide_unbounded__to_unbounded_wide_wide_string__2" targetname: "_Unwind_Resume" }
edge: { sourcename: "ada__strings__wide_wide_unbounded__to_unbounded_wide_wide_string__2" targetname: "__gnat_begin_handler_v1" label: "/home/john/IT/Ada/adacore-downloads-2006/bb-runtimes-community-2020/rpi0-runtime/ravenscar-full-rpi0/gnat/a-stzunb.adb:960:0" }
edge: { sourcename: "ada__strings__wide_wide_unbounded__to_unbounded_wide_wide_string__2" targetname: "__gnat_end_handler_v1" label: "/home/john/IT/Ada/adacore-downloads-2006/bb-runtimes-community-2020/rpi0-runtime/ravenscar-full-rpi0/gnat/a-stzunb.adb:960:0" }
edge: { sourcename: "ada__strings__wide_wide_unbounded__to_unbounded_wide_wide_string__2" targetname: "__gnat_rcheck_PE_Finalize_Raised_Exception" label: "/home/john/IT/Ada/adacore-downloads-2006/bb-runtimes-community-2020/rpi0-runtime/ravenscar-full-rpi0/gnat/a-stzunb.adb:960:0" }
edge: { sourcename: "ada__strings__wide_wide_unbounded__to_unbounded_wide_wide_string__2" targetname: "ada__strings__wide_wide_unbounded__finalize__2" label: "/home/john/IT/Ada/adacore-downloads-2006/bb-runtimes-community-2020/rpi0-runtime/ravenscar-full-rpi0/gnat/a-stzunb.adb:960:0" }
edge: { sourcename: "ada__strings__wide_wide_unbounded__to_unbounded_wide_wide_string__2" targetname: "_Unwind_Resume" }
edge: { sourcename: "ada__strings__wide_wide_unbounded__to_unbounded_wide_wide_string__2" targetname: "__gnat_begin_handler_v1" label: "/home/john/IT/Ada/adacore-downloads-2006/bb-runtimes-community-2020/rpi0-runtime/ravenscar-full-rpi0/gnat/a-stzunb.adb:960:0" }
edge: { sourcename: "ada__strings__wide_wide_unbounded__to_unbounded_wide_wide_string__2" targetname: "__gnat_end_handler_v1" label: "/home/john/IT/Ada/adacore-downloads-2006/bb-runtimes-community-2020/rpi0-runtime/ravenscar-full-rpi0/gnat/a-stzunb.adb:960:0" }
edge: { sourcename: "ada__strings__wide_wide_unbounded__to_unbounded_wide_wide_string__2" targetname: "__gnat_rcheck_PE_Finalize_Raised_Exception" label: "/home/john/IT/Ada/adacore-downloads-2006/bb-runtimes-community-2020/rpi0-runtime/ravenscar-full-rpi0/gnat/a-stzunb.adb:960:0" }
edge: { sourcename: "ada__strings__wide_wide_unbounded__to_unbounded_wide_wide_string__2" targetname: "_Unwind_Resume" }
node: { title: "ada__strings__wide_wide_unbounded__Omultiply" label: "*\n/home/john/IT/Ada/adacore-downloads-2006/bb-runtimes-community-2020/rpi0-runtime/ravenscar-full-rpi0/gnat/a-stzunb.adb:138:4\n48 bytes (static)\n0 dynamic objects" }
edge: { sourcename: "ada__strings__wide_wide_unbounded__Omultiply" targetname: "__gnat_malloc" label: "/home/john/IT/Ada/adacore-downloads-2006/bb-runtimes-community-2020/rpi0-runtime/ravenscar-full-rpi0/gnat/a-stzunb.adb:147:24" }
edge: { sourcename: "ada__strings__wide_wide_unbounded__Omultiply" targetname: "system__secondary_stack__ss_allocate" label: "/home/john/IT/Ada/adacore-downloads-2006/bb-runtimes-community-2020/rpi0-runtime/ravenscar-full-rpi0/gnat/a-stzunb.adb:152:7" }
edge: { sourcename: "ada__strings__wide_wide_unbounded__Omultiply" targetname: "ada__strings__wide_wide_unbounded__adjust__2" label: "/home/john/IT/Ada/adacore-downloads-2006/bb-runtimes-community-2020/rpi0-runtime/ravenscar-full-rpi0/gnat/a-stzunb.adb:152:7" }
edge: { sourcename: "ada__strings__wide_wide_unbounded__Omultiply" targetname: "ada__strings__wide_wide_unbounded__finalize__2" label: "/home/john/IT/Ada/adacore-downloads-2006/bb-runtimes-community-2020/rpi0-runtime/ravenscar-full-rpi0/gnat/a-stzunb.adb:153:0" }
edge: { sourcename: "ada__strings__wide_wide_unbounded__Omultiply" targetname: "_Unwind_Resume" }
edge: { sourcename: "ada__strings__wide_wide_unbounded__Omultiply" targetname: "__gnat_begin_handler_v1" label: "/home/john/IT/Ada/adacore-downloads-2006/bb-runtimes-community-2020/rpi0-runtime/ravenscar-full-rpi0/gnat/a-stzunb.adb:153:0" }
edge: { sourcename: "ada__strings__wide_wide_unbounded__Omultiply" targetname: "__gnat_end_handler_v1" label: "/home/john/IT/Ada/adacore-downloads-2006/bb-runtimes-community-2020/rpi0-runtime/ravenscar-full-rpi0/gnat/a-stzunb.adb:153:0" }
edge: { sourcename: "ada__strings__wide_wide_unbounded__Omultiply" targetname: "__gnat_rcheck_PE_Finalize_Raised_Exception" label: "/home/john/IT/Ada/adacore-downloads-2006/bb-runtimes-community-2020/rpi0-runtime/ravenscar-full-rpi0/gnat/a-stzunb.adb:153:0" }
edge: { sourcename: "ada__strings__wide_wide_unbounded__Omultiply" targetname: "ada__strings__wide_wide_unbounded__finalize__2" label: "/home/john/IT/Ada/adacore-downloads-2006/bb-runtimes-community-2020/rpi0-runtime/ravenscar-full-rpi0/gnat/a-stzunb.adb:153:0" }
edge: { sourcename: "ada__strings__wide_wide_unbounded__Omultiply" targetname: "_Unwind_Resume" }
edge: { sourcename: "ada__strings__wide_wide_unbounded__Omultiply" targetname: "__gnat_begin_handler_v1" label: "/home/john/IT/Ada/adacore-downloads-2006/bb-runtimes-community-2020/rpi0-runtime/ravenscar-full-rpi0/gnat/a-stzunb.adb:153:0" }
edge: { sourcename: "ada__strings__wide_wide_unbounded__Omultiply" targetname: "__gnat_end_handler_v1" label: "/home/john/IT/Ada/adacore-downloads-2006/bb-runtimes-community-2020/rpi0-runtime/ravenscar-full-rpi0/gnat/a-stzunb.adb:153:0" }
edge: { sourcename: "ada__strings__wide_wide_unbounded__Omultiply" targetname: "__gnat_rcheck_PE_Finalize_Raised_Exception" label: "/home/john/IT/Ada/adacore-downloads-2006/bb-runtimes-community-2020/rpi0-runtime/ravenscar-full-rpi0/gnat/a-stzunb.adb:153:0" }
edge: { sourcename: "ada__strings__wide_wide_unbounded__Omultiply" targetname: "_Unwind_Resume" }
node: { title: "ada__strings__wide_wide_unbounded__Oconcat__5" label: "&\n/home/john/IT/Ada/adacore-downloads-2006/bb-runtimes-community-2020/rpi0-runtime/ravenscar-full-rpi0/gnat/a-stzunb.adb:118:4\n48 bytes (static)\n0 dynamic objects" }
edge: { sourcename: "ada__strings__wide_wide_unbounded__Oconcat__5" targetname: "__gnat_malloc" label: "/home/john/IT/Ada/adacore-downloads-2006/bb-runtimes-community-2020/rpi0-runtime/ravenscar-full-rpi0/gnat/a-stzunb.adb:127:24" }
edge: { sourcename: "ada__strings__wide_wide_unbounded__Oconcat__5" targetname: "memmove" label: "/home/john/IT/Ada/adacore-downloads-2006/bb-runtimes-community-2020/rpi0-runtime/ravenscar-full-rpi0/gnat/a-stzunb.adb:129:43" }
edge: { sourcename: "ada__strings__wide_wide_unbounded__Oconcat__5" targetname: "system__secondary_stack__ss_allocate" label: "/home/john/IT/Ada/adacore-downloads-2006/bb-runtimes-community-2020/rpi0-runtime/ravenscar-full-rpi0/gnat/a-stzunb.adb:131:7" }
edge: { sourcename: "ada__strings__wide_wide_unbounded__Oconcat__5" targetname: "ada__strings__wide_wide_unbounded__adjust__2" label: "/home/john/IT/Ada/adacore-downloads-2006/bb-runtimes-community-2020/rpi0-runtime/ravenscar-full-rpi0/gnat/a-stzunb.adb:131:7" }
edge: { sourcename: "ada__strings__wide_wide_unbounded__Oconcat__5" targetname: "ada__strings__wide_wide_unbounded__finalize__2" label: "/home/john/IT/Ada/adacore-downloads-2006/bb-runtimes-community-2020/rpi0-runtime/ravenscar-full-rpi0/gnat/a-stzunb.adb:132:0" }
edge: { sourcename: "ada__strings__wide_wide_unbounded__Oconcat__5" targetname: "_Unwind_Resume" }
edge: { sourcename: "ada__strings__wide_wide_unbounded__Oconcat__5" targetname: "__gnat_begin_handler_v1" label: "/home/john/IT/Ada/adacore-downloads-2006/bb-runtimes-community-2020/rpi0-runtime/ravenscar-full-rpi0/gnat/a-stzunb.adb:132:0" }
edge: { sourcename: "ada__strings__wide_wide_unbounded__Oconcat__5" targetname: "__gnat_end_handler_v1" label: "/home/john/IT/Ada/adacore-downloads-2006/bb-runtimes-community-2020/rpi0-runtime/ravenscar-full-rpi0/gnat/a-stzunb.adb:132:0" }
edge: { sourcename: "ada__strings__wide_wide_unbounded__Oconcat__5" targetname: "__gnat_rcheck_PE_Finalize_Raised_Exception" label: "/home/john/IT/Ada/adacore-downloads-2006/bb-runtimes-community-2020/rpi0-runtime/ravenscar-full-rpi0/gnat/a-stzunb.adb:132:0" }
edge: { sourcename: "ada__strings__wide_wide_unbounded__Oconcat__5" targetname: "ada__strings__wide_wide_unbounded__finalize__2" label: "/home/john/IT/Ada/adacore-downloads-2006/bb-runtimes-community-2020/rpi0-runtime/ravenscar-full-rpi0/gnat/a-stzunb.adb:132:0" }
edge: { sourcename: "ada__strings__wide_wide_unbounded__Oconcat__5" targetname: "_Unwind_Resume" }
edge: { sourcename: "ada__strings__wide_wide_unbounded__Oconcat__5" targetname: "__gnat_begin_handler_v1" label: "/home/john/IT/Ada/adacore-downloads-2006/bb-runtimes-community-2020/rpi0-runtime/ravenscar-full-rpi0/gnat/a-stzunb.adb:132:0" }
edge: { sourcename: "ada__strings__wide_wide_unbounded__Oconcat__5" targetname: "__gnat_end_handler_v1" label: "/home/john/IT/Ada/adacore-downloads-2006/bb-runtimes-community-2020/rpi0-runtime/ravenscar-full-rpi0/gnat/a-stzunb.adb:132:0" }
edge: { sourcename: "ada__strings__wide_wide_unbounded__Oconcat__5" targetname: "__gnat_rcheck_PE_Finalize_Raised_Exception" label: "/home/john/IT/Ada/adacore-downloads-2006/bb-runtimes-community-2020/rpi0-runtime/ravenscar-full-rpi0/gnat/a-stzunb.adb:132:0" }
edge: { sourcename: "ada__strings__wide_wide_unbounded__Oconcat__5" targetname: "_Unwind_Resume" }
node: { title: "ada__strings__wide_wide_unbounded__Oconcat__4" label: "&\n/home/john/IT/Ada/adacore-downloads-2006/bb-runtimes-community-2020/rpi0-runtime/ravenscar-full-rpi0/gnat/a-stzunb.adb:100:4\n56 bytes (static)\n0 dynamic objects" }
edge: { sourcename: "ada__strings__wide_wide_unbounded__Oconcat__4" targetname: "__gnat_malloc" label: "/home/john/IT/Ada/adacore-downloads-2006/bb-runtimes-community-2020/rpi0-runtime/ravenscar-full-rpi0/gnat/a-stzunb.adb:109:24" }
edge: { sourcename: "ada__strings__wide_wide_unbounded__Oconcat__4" targetname: "memmove" label: "/home/john/IT/Ada/adacore-downloads-2006/bb-runtimes-community-2020/rpi0-runtime/ravenscar-full-rpi0/gnat/a-stzunb.adb:111:47" }
edge: { sourcename: "ada__strings__wide_wide_unbounded__Oconcat__4" targetname: "system__secondary_stack__ss_allocate" label: "/home/john/IT/Ada/adacore-downloads-2006/bb-runtimes-community-2020/rpi0-runtime/ravenscar-full-rpi0/gnat/a-stzunb.adb:115:7" }
edge: { sourcename: "ada__strings__wide_wide_unbounded__Oconcat__4" targetname: "ada__strings__wide_wide_unbounded__adjust__2" label: "/home/john/IT/Ada/adacore-downloads-2006/bb-runtimes-community-2020/rpi0-runtime/ravenscar-full-rpi0/gnat/a-stzunb.adb:115:7" }
edge: { sourcename: "ada__strings__wide_wide_unbounded__Oconcat__4" targetname: "ada__strings__wide_wide_unbounded__finalize__2" label: "/home/john/IT/Ada/adacore-downloads-2006/bb-runtimes-community-2020/rpi0-runtime/ravenscar-full-rpi0/gnat/a-stzunb.adb:116:0" }
edge: { sourcename: "ada__strings__wide_wide_unbounded__Oconcat__4" targetname: "_Unwind_Resume" }
edge: { sourcename: "ada__strings__wide_wide_unbounded__Oconcat__4" targetname: "__gnat_begin_handler_v1" label: "/home/john/IT/Ada/adacore-downloads-2006/bb-runtimes-community-2020/rpi0-runtime/ravenscar-full-rpi0/gnat/a-stzunb.adb:116:0" }
edge: { sourcename: "ada__strings__wide_wide_unbounded__Oconcat__4" targetname: "__gnat_end_handler_v1" label: "/home/john/IT/Ada/adacore-downloads-2006/bb-runtimes-community-2020/rpi0-runtime/ravenscar-full-rpi0/gnat/a-stzunb.adb:116:0" }
edge: { sourcename: "ada__strings__wide_wide_unbounded__Oconcat__4" targetname: "__gnat_rcheck_PE_Finalize_Raised_Exception" label: "/home/john/IT/Ada/adacore-downloads-2006/bb-runtimes-community-2020/rpi0-runtime/ravenscar-full-rpi0/gnat/a-stzunb.adb:116:0" }
edge: { sourcename: "ada__strings__wide_wide_unbounded__Oconcat__4" targetname: "ada__strings__wide_wide_unbounded__finalize__2" label: "/home/john/IT/Ada/adacore-downloads-2006/bb-runtimes-community-2020/rpi0-runtime/ravenscar-full-rpi0/gnat/a-stzunb.adb:116:0" }
edge: { sourcename: "ada__strings__wide_wide_unbounded__Oconcat__4" targetname: "_Unwind_Resume" }
edge: { sourcename: "ada__strings__wide_wide_unbounded__Oconcat__4" targetname: "__gnat_begin_handler_v1" label: "/home/john/IT/Ada/adacore-downloads-2006/bb-runtimes-community-2020/rpi0-runtime/ravenscar-full-rpi0/gnat/a-stzunb.adb:116:0" }
edge: { sourcename: "ada__strings__wide_wide_unbounded__Oconcat__4" targetname: "__gnat_end_handler_v1" label: "/home/john/IT/Ada/adacore-downloads-2006/bb-runtimes-community-2020/rpi0-runtime/ravenscar-full-rpi0/gnat/a-stzunb.adb:116:0" }
edge: { sourcename: "ada__strings__wide_wide_unbounded__Oconcat__4" targetname: "__gnat_rcheck_PE_Finalize_Raised_Exception" label: "/home/john/IT/Ada/adacore-downloads-2006/bb-runtimes-community-2020/rpi0-runtime/ravenscar-full-rpi0/gnat/a-stzunb.adb:116:0" }
edge: { sourcename: "ada__strings__wide_wide_unbounded__Oconcat__4" targetname: "_Unwind_Resume" }
node: { title: "ada__strings__wide_wide_unbounded__Omultiply__3" label: "*\n/home/john/IT/Ada/adacore-downloads-2006/bb-runtimes-community-2020/rpi0-runtime/ravenscar-full-rpi0/gnat/a-stzunb.adb:177:4\n56 bytes (static)\n0 dynamic objects" }
edge: { sourcename: "ada__strings__wide_wide_unbounded__Omultiply__3" targetname: "__gnat_malloc" label: "/home/john/IT/Ada/adacore-downloads-2006/bb-runtimes-community-2020/rpi0-runtime/ravenscar-full-rpi0/gnat/a-stzunb.adb:188:24" }
edge: { sourcename: "ada__strings__wide_wide_unbounded__Omultiply__3" targetname: "memmove" label: "/home/john/IT/Ada/adacore-downloads-2006/bb-runtimes-community-2020/rpi0-runtime/ravenscar-full-rpi0/gnat/a-stzunb.adb:192:46" }
edge: { sourcename: "ada__strings__wide_wide_unbounded__Omultiply__3" targetname: "system__secondary_stack__ss_allocate" label: "/home/john/IT/Ada/adacore-downloads-2006/bb-runtimes-community-2020/rpi0-runtime/ravenscar-full-rpi0/gnat/a-stzunb.adb:197:7" }
edge: { sourcename: "ada__strings__wide_wide_unbounded__Omultiply__3" targetname: "ada__strings__wide_wide_unbounded__adjust__2" label: "/home/john/IT/Ada/adacore-downloads-2006/bb-runtimes-community-2020/rpi0-runtime/ravenscar-full-rpi0/gnat/a-stzunb.adb:197:7" }
edge: { sourcename: "ada__strings__wide_wide_unbounded__Omultiply__3" targetname: "ada__strings__wide_wide_unbounded__finalize__2" label: "/home/john/IT/Ada/adacore-downloads-2006/bb-runtimes-community-2020/rpi0-runtime/ravenscar-full-rpi0/gnat/a-stzunb.adb:198:0" }
edge: { sourcename: "ada__strings__wide_wide_unbounded__Omultiply__3" targetname: "_Unwind_Resume" }
edge: { sourcename: "ada__strings__wide_wide_unbounded__Omultiply__3" targetname: "__gnat_begin_handler_v1" label: "/home/john/IT/Ada/adacore-downloads-2006/bb-runtimes-community-2020/rpi0-runtime/ravenscar-full-rpi0/gnat/a-stzunb.adb:198:0" }
edge: { sourcename: "ada__strings__wide_wide_unbounded__Omultiply__3" targetname: "__gnat_end_handler_v1" label: "/home/john/IT/Ada/adacore-downloads-2006/bb-runtimes-community-2020/rpi0-runtime/ravenscar-full-rpi0/gnat/a-stzunb.adb:198:0" }
edge: { sourcename: "ada__strings__wide_wide_unbounded__Omultiply__3" targetname: "__gnat_rcheck_PE_Finalize_Raised_Exception" label: "/home/john/IT/Ada/adacore-downloads-2006/bb-runtimes-community-2020/rpi0-runtime/ravenscar-full-rpi0/gnat/a-stzunb.adb:198:0" }
edge: { sourcename: "ada__strings__wide_wide_unbounded__Omultiply__3" targetname: "ada__strings__wide_wide_unbounded__finalize__2" label: "/home/john/IT/Ada/adacore-downloads-2006/bb-runtimes-community-2020/rpi0-runtime/ravenscar-full-rpi0/gnat/a-stzunb.adb:198:0" }
edge: { sourcename: "ada__strings__wide_wide_unbounded__Omultiply__3" targetname: "_Unwind_Resume" }
edge: { sourcename: "ada__strings__wide_wide_unbounded__Omultiply__3" targetname: "__gnat_begin_handler_v1" label: "/home/john/IT/Ada/adacore-downloads-2006/bb-runtimes-community-2020/rpi0-runtime/ravenscar-full-rpi0/gnat/a-stzunb.adb:198:0" }
edge: { sourcename: "ada__strings__wide_wide_unbounded__Omultiply__3" targetname: "__gnat_end_handler_v1" label: "/home/john/IT/Ada/adacore-downloads-2006/bb-runtimes-community-2020/rpi0-runtime/ravenscar-full-rpi0/gnat/a-stzunb.adb:198:0" }
edge: { sourcename: "ada__strings__wide_wide_unbounded__Omultiply__3" targetname: "__gnat_rcheck_PE_Finalize_Raised_Exception" label: "/home/john/IT/Ada/adacore-downloads-2006/bb-runtimes-community-2020/rpi0-runtime/ravenscar-full-rpi0/gnat/a-stzunb.adb:198:0" }
edge: { sourcename: "ada__strings__wide_wide_unbounded__Omultiply__3" targetname: "_Unwind_Resume" }
node: { title: "ada__strings__wide_wide_unbounded__Oconcat" label: "&\n/home/john/IT/Ada/adacore-downloads-2006/bb-runtimes-community-2020/rpi0-runtime/ravenscar-full-rpi0/gnat/a-stzunb.adb:42:4\n56 bytes (static)\n0 dynamic objects" }
edge: { sourcename: "ada__strings__wide_wide_unbounded__Oconcat" targetname: "__gnat_malloc" label: "/home/john/IT/Ada/adacore-downloads-2006/bb-runtimes-community-2020/rpi0-runtime/ravenscar-full-rpi0/gnat/a-stzunb.adb:53:24" }
edge: { sourcename: "ada__strings__wide_wide_unbounded__Oconcat" targetname: "memmove" label: "/home/john/IT/Ada/adacore-downloads-2006/bb-runtimes-community-2020/rpi0-runtime/ravenscar-full-rpi0/gnat/a-stzunb.adb:55:40" }
edge: { sourcename: "ada__strings__wide_wide_unbounded__Oconcat" targetname: "memmove" label: "/home/john/IT/Ada/adacore-downloads-2006/bb-runtimes-community-2020/rpi0-runtime/ravenscar-full-rpi0/gnat/a-stzunb.adb:57:54" }
edge: { sourcename: "ada__strings__wide_wide_unbounded__Oconcat" targetname: "system__secondary_stack__ss_allocate" label: "/home/john/IT/Ada/adacore-downloads-2006/bb-runtimes-community-2020/rpi0-runtime/ravenscar-full-rpi0/gnat/a-stzunb.adb:60:7" }
edge: { sourcename: "ada__strings__wide_wide_unbounded__Oconcat" targetname: "ada__strings__wide_wide_unbounded__adjust__2" label: "/home/john/IT/Ada/adacore-downloads-2006/bb-runtimes-community-2020/rpi0-runtime/ravenscar-full-rpi0/gnat/a-stzunb.adb:60:7" }
edge: { sourcename: "ada__strings__wide_wide_unbounded__Oconcat" targetname: "ada__strings__wide_wide_unbounded__finalize__2" label: "/home/john/IT/Ada/adacore-downloads-2006/bb-runtimes-community-2020/rpi0-runtime/ravenscar-full-rpi0/gnat/a-stzunb.adb:61:0" }
edge: { sourcename: "ada__strings__wide_wide_unbounded__Oconcat" targetname: "_Unwind_Resume" }
edge: { sourcename: "ada__strings__wide_wide_unbounded__Oconcat" targetname: "__gnat_begin_handler_v1" label: "/home/john/IT/Ada/adacore-downloads-2006/bb-runtimes-community-2020/rpi0-runtime/ravenscar-full-rpi0/gnat/a-stzunb.adb:61:0" }
edge: { sourcename: "ada__strings__wide_wide_unbounded__Oconcat" targetname: "__gnat_end_handler_v1" label: "/home/john/IT/Ada/adacore-downloads-2006/bb-runtimes-community-2020/rpi0-runtime/ravenscar-full-rpi0/gnat/a-stzunb.adb:61:0" }
edge: { sourcename: "ada__strings__wide_wide_unbounded__Oconcat" targetname: "__gnat_rcheck_PE_Finalize_Raised_Exception" label: "/home/john/IT/Ada/adacore-downloads-2006/bb-runtimes-community-2020/rpi0-runtime/ravenscar-full-rpi0/gnat/a-stzunb.adb:61:0" }
edge: { sourcename: "ada__strings__wide_wide_unbounded__Oconcat" targetname: "ada__strings__wide_wide_unbounded__finalize__2" label: "/home/john/IT/Ada/adacore-downloads-2006/bb-runtimes-community-2020/rpi0-runtime/ravenscar-full-rpi0/gnat/a-stzunb.adb:61:0" }
edge: { sourcename: "ada__strings__wide_wide_unbounded__Oconcat" targetname: "_Unwind_Resume" }
edge: { sourcename: "ada__strings__wide_wide_unbounded__Oconcat" targetname: "__gnat_begin_handler_v1" label: "/home/john/IT/Ada/adacore-downloads-2006/bb-runtimes-community-2020/rpi0-runtime/ravenscar-full-rpi0/gnat/a-stzunb.adb:61:0" }
edge: { sourcename: "ada__strings__wide_wide_unbounded__Oconcat" targetname: "__gnat_end_handler_v1" label: "/home/john/IT/Ada/adacore-downloads-2006/bb-runtimes-community-2020/rpi0-runtime/ravenscar-full-rpi0/gnat/a-stzunb.adb:61:0" }
edge: { sourcename: "ada__strings__wide_wide_unbounded__Oconcat" targetname: "__gnat_rcheck_PE_Finalize_Raised_Exception" label: "/home/john/IT/Ada/adacore-downloads-2006/bb-runtimes-community-2020/rpi0-runtime/ravenscar-full-rpi0/gnat/a-stzunb.adb:61:0" }
edge: { sourcename: "ada__strings__wide_wide_unbounded__Oconcat" targetname: "_Unwind_Resume" }
node: { title: "ada__strings__wide_wide_unbounded__Omultiply__2" label: "*\n/home/john/IT/Ada/adacore-downloads-2006/bb-runtimes-community-2020/rpi0-runtime/ravenscar-full-rpi0/gnat/a-stzunb.adb:155:4\n56 bytes (static)\n0 dynamic objects" }
edge: { sourcename: "ada__strings__wide_wide_unbounded__Omultiply__2" targetname: "__gnat_malloc" label: "/home/john/IT/Ada/adacore-downloads-2006/bb-runtimes-community-2020/rpi0-runtime/ravenscar-full-rpi0/gnat/a-stzunb.adb:166:24" }
edge: { sourcename: "ada__strings__wide_wide_unbounded__Omultiply__2" targetname: "memmove" label: "/home/john/IT/Ada/adacore-downloads-2006/bb-runtimes-community-2020/rpi0-runtime/ravenscar-full-rpi0/gnat/a-stzunb.adb:170:46" }
edge: { sourcename: "ada__strings__wide_wide_unbounded__Omultiply__2" targetname: "system__secondary_stack__ss_allocate" label: "/home/john/IT/Ada/adacore-downloads-2006/bb-runtimes-community-2020/rpi0-runtime/ravenscar-full-rpi0/gnat/a-stzunb.adb:174:7" }
edge: { sourcename: "ada__strings__wide_wide_unbounded__Omultiply__2" targetname: "ada__strings__wide_wide_unbounded__adjust__2" label: "/home/john/IT/Ada/adacore-downloads-2006/bb-runtimes-community-2020/rpi0-runtime/ravenscar-full-rpi0/gnat/a-stzunb.adb:174:7" }
edge: { sourcename: "ada__strings__wide_wide_unbounded__Omultiply__2" targetname: "ada__strings__wide_wide_unbounded__finalize__2" label: "/home/john/IT/Ada/adacore-downloads-2006/bb-runtimes-community-2020/rpi0-runtime/ravenscar-full-rpi0/gnat/a-stzunb.adb:175:0" }
edge: { sourcename: "ada__strings__wide_wide_unbounded__Omultiply__2" targetname: "_Unwind_Resume" }
edge: { sourcename: "ada__strings__wide_wide_unbounded__Omultiply__2" targetname: "__gnat_begin_handler_v1" label: "/home/john/IT/Ada/adacore-downloads-2006/bb-runtimes-community-2020/rpi0-runtime/ravenscar-full-rpi0/gnat/a-stzunb.adb:175:0" }
edge: { sourcename: "ada__strings__wide_wide_unbounded__Omultiply__2" targetname: "__gnat_end_handler_v1" label: "/home/john/IT/Ada/adacore-downloads-2006/bb-runtimes-community-2020/rpi0-runtime/ravenscar-full-rpi0/gnat/a-stzunb.adb:175:0" }
edge: { sourcename: "ada__strings__wide_wide_unbounded__Omultiply__2" targetname: "__gnat_rcheck_PE_Finalize_Raised_Exception" label: "/home/john/IT/Ada/adacore-downloads-2006/bb-runtimes-community-2020/rpi0-runtime/ravenscar-full-rpi0/gnat/a-stzunb.adb:175:0" }
edge: { sourcename: "ada__strings__wide_wide_unbounded__Omultiply__2" targetname: "ada__strings__wide_wide_unbounded__finalize__2" label: "/home/john/IT/Ada/adacore-downloads-2006/bb-runtimes-community-2020/rpi0-runtime/ravenscar-full-rpi0/gnat/a-stzunb.adb:175:0" }
edge: { sourcename: "ada__strings__wide_wide_unbounded__Omultiply__2" targetname: "_Unwind_Resume" }
edge: { sourcename: "ada__strings__wide_wide_unbounded__Omultiply__2" targetname: "__gnat_begin_handler_v1" label: "/home/john/IT/Ada/adacore-downloads-2006/bb-runtimes-community-2020/rpi0-runtime/ravenscar-full-rpi0/gnat/a-stzunb.adb:175:0" }
edge: { sourcename: "ada__strings__wide_wide_unbounded__Omultiply__2" targetname: "__gnat_end_handler_v1" label: "/home/john/IT/Ada/adacore-downloads-2006/bb-runtimes-community-2020/rpi0-runtime/ravenscar-full-rpi0/gnat/a-stzunb.adb:175:0" }
edge: { sourcename: "ada__strings__wide_wide_unbounded__Omultiply__2" targetname: "__gnat_rcheck_PE_Finalize_Raised_Exception" label: "/home/john/IT/Ada/adacore-downloads-2006/bb-runtimes-community-2020/rpi0-runtime/ravenscar-full-rpi0/gnat/a-stzunb.adb:175:0" }
edge: { sourcename: "ada__strings__wide_wide_unbounded__Omultiply__2" targetname: "_Unwind_Resume" }
node: { title: "ada__strings__wide_wide_unbounded__to_unbounded_wide_wide_string" label: "To_Unbounded_Wide_Wide_String\n/home/john/IT/Ada/adacore-downloads-2006/bb-runtimes-community-2020/rpi0-runtime/ravenscar-full-rpi0/gnat/a-stzunb.adb:941:4\n48 bytes (static)\n0 dynamic objects" }
edge: { sourcename: "ada__strings__wide_wide_unbounded__to_unbounded_wide_wide_string" targetname: "__gnat_malloc" label: "/home/john/IT/Ada/adacore-downloads-2006/bb-runtimes-community-2020/rpi0-runtime/ravenscar-full-rpi0/gnat/a-stzunb.adb:947:28" }
edge: { sourcename: "ada__strings__wide_wide_unbounded__to_unbounded_wide_wide_string" targetname: "memcpy" }
edge: { sourcename: "ada__strings__wide_wide_unbounded__to_unbounded_wide_wide_string" targetname: "system__secondary_stack__ss_allocate" label: "/home/john/IT/Ada/adacore-downloads-2006/bb-runtimes-community-2020/rpi0-runtime/ravenscar-full-rpi0/gnat/a-stzunb.adb:949:7" }
edge: { sourcename: "ada__strings__wide_wide_unbounded__to_unbounded_wide_wide_string" targetname: "ada__strings__wide_wide_unbounded__adjust__2" label: "/home/john/IT/Ada/adacore-downloads-2006/bb-runtimes-community-2020/rpi0-runtime/ravenscar-full-rpi0/gnat/a-stzunb.adb:949:7" }
edge: { sourcename: "ada__strings__wide_wide_unbounded__to_unbounded_wide_wide_string" targetname: "ada__strings__wide_wide_unbounded__finalize__2" label: "/home/john/IT/Ada/adacore-downloads-2006/bb-runtimes-community-2020/rpi0-runtime/ravenscar-full-rpi0/gnat/a-stzunb.adb:950:0" }
edge: { sourcename: "ada__strings__wide_wide_unbounded__to_unbounded_wide_wide_string" targetname: "_Unwind_Resume" }
edge: { sourcename: "ada__strings__wide_wide_unbounded__to_unbounded_wide_wide_string" targetname: "__gnat_begin_handler_v1" label: "/home/john/IT/Ada/adacore-downloads-2006/bb-runtimes-community-2020/rpi0-runtime/ravenscar-full-rpi0/gnat/a-stzunb.adb:950:0" }
edge: { sourcename: "ada__strings__wide_wide_unbounded__to_unbounded_wide_wide_string" targetname: "__gnat_end_handler_v1" label: "/home/john/IT/Ada/adacore-downloads-2006/bb-runtimes-community-2020/rpi0-runtime/ravenscar-full-rpi0/gnat/a-stzunb.adb:950:0" }
edge: { sourcename: "ada__strings__wide_wide_unbounded__to_unbounded_wide_wide_string" targetname: "__gnat_rcheck_PE_Finalize_Raised_Exception" label: "/home/john/IT/Ada/adacore-downloads-2006/bb-runtimes-community-2020/rpi0-runtime/ravenscar-full-rpi0/gnat/a-stzunb.adb:950:0" }
edge: { sourcename: "ada__strings__wide_wide_unbounded__to_unbounded_wide_wide_string" targetname: "ada__strings__wide_wide_unbounded__finalize__2" label: "/home/john/IT/Ada/adacore-downloads-2006/bb-runtimes-community-2020/rpi0-runtime/ravenscar-full-rpi0/gnat/a-stzunb.adb:950:0" }
edge: { sourcename: "ada__strings__wide_wide_unbounded__to_unbounded_wide_wide_string" targetname: "_Unwind_Resume" }
edge: { sourcename: "ada__strings__wide_wide_unbounded__to_unbounded_wide_wide_string" targetname: "__gnat_begin_handler_v1" label: "/home/john/IT/Ada/adacore-downloads-2006/bb-runtimes-community-2020/rpi0-runtime/ravenscar-full-rpi0/gnat/a-stzunb.adb:950:0" }
edge: { sourcename: "ada__strings__wide_wide_unbounded__to_unbounded_wide_wide_string" targetname: "__gnat_end_handler_v1" label: "/home/john/IT/Ada/adacore-downloads-2006/bb-runtimes-community-2020/rpi0-runtime/ravenscar-full-rpi0/gnat/a-stzunb.adb:950:0" }
edge: { sourcename: "ada__strings__wide_wide_unbounded__to_unbounded_wide_wide_string" targetname: "__gnat_rcheck_PE_Finalize_Raised_Exception" label: "/home/john/IT/Ada/adacore-downloads-2006/bb-runtimes-community-2020/rpi0-runtime/ravenscar-full-rpi0/gnat/a-stzunb.adb:950:0" }
edge: { sourcename: "ada__strings__wide_wide_unbounded__to_unbounded_wide_wide_string" targetname: "_Unwind_Resume" }
node: { title: "ada__strings__wide_wide_unbounded__delete" label: "Delete\n/home/john/IT/Ada/adacore-downloads-2006/bb-runtimes-community-2020/rpi0-runtime/ravenscar-full-rpi0/gnat/a-stzunb.adb:439:4\n32 bytes (static)\n0 dynamic objects" }
node: { title: "ada__strings__wide_wide_fixed__delete" label: "Delete\n/home/john/IT/Ada/adacore-downloads-2006/bb-runtimes-community-2020/rpi0-runtime/ravenscar-full-rpi0/gnat/a-stzfix.ads:189:13" shape : ellipse }
edge: { sourcename: "ada__strings__wide_wide_unbounded__delete" targetname: "ada__strings__wide_wide_fixed__delete" label: "/home/john/IT/Ada/adacore-downloads-2006/bb-runtimes-community-2020/rpi0-runtime/ravenscar-full-rpi0/gnat/a-stzunb.adb:447:27" }
edge: { sourcename: "ada__strings__wide_wide_unbounded__delete" targetname: "ada__strings__wide_wide_unbounded__to_unbounded_wide_wide_string" label: "/home/john/IT/Ada/adacore-downloads-2006/bb-runtimes-community-2020/rpi0-runtime/ravenscar-full-rpi0/gnat/a-stzunb.adb:446:9" }
node: { title: "ada__strings__wide_wide_unbounded__head" label: "Head\n/home/john/IT/Ada/adacore-downloads-2006/bb-runtimes-community-2020/rpi0-runtime/ravenscar-full-rpi0/gnat/a-stzunb.adb:560:4\n32 bytes (static)\n0 dynamic objects" }
node: { title: "ada__strings__wide_wide_fixed__head" label: "Head\n/home/john/IT/Ada/adacore-downloads-2006/bb-runtimes-community-2020/rpi0-runtime/ravenscar-full-rpi0/gnat/a-stzfix.ads:228:13" shape : ellipse }
edge: { sourcename: "ada__strings__wide_wide_unbounded__head" targetname: "ada__strings__wide_wide_fixed__head" label: "/home/john/IT/Ada/adacore-downloads-2006/bb-runtimes-community-2020/rpi0-runtime/ravenscar-full-rpi0/gnat/a-stzunb.adb:568:25" }
edge: { sourcename: "ada__strings__wide_wide_unbounded__head" targetname: "ada__strings__wide_wide_unbounded__to_unbounded_wide_wide_string" label: "/home/john/IT/Ada/adacore-downloads-2006/bb-runtimes-community-2020/rpi0-runtime/ravenscar-full-rpi0/gnat/a-stzunb.adb:567:14" }
node: { title: "ada__strings__wide_wide_unbounded__insert" label: "Insert\n/home/john/IT/Ada/adacore-downloads-2006/bb-runtimes-community-2020/rpi0-runtime/ravenscar-full-rpi0/gnat/a-stzunb.adb:704:4\n48 bytes (static)\n0 dynamic objects" }
node: { title: "ada__strings__wide_wide_fixed__insert" label: "Insert\n/home/john/IT/Ada/adacore-downloads-2006/bb-runtimes-community-2020/rpi0-runtime/ravenscar-full-rpi0/gnat/a-stzfix.ads:167:13" shape : ellipse }
edge: { sourcename: "ada__strings__wide_wide_unbounded__insert" targetname: "ada__strings__wide_wide_fixed__insert" label: "/home/john/IT/Ada/adacore-downloads-2006/bb-runtimes-community-2020/rpi0-runtime/ravenscar-full-rpi0/gnat/a-stzunb.adb:712:27" }
edge: { sourcename: "ada__strings__wide_wide_unbounded__insert" targetname: "ada__strings__wide_wide_unbounded__to_unbounded_wide_wide_string" label: "/home/john/IT/Ada/adacore-downloads-2006/bb-runtimes-community-2020/rpi0-runtime/ravenscar-full-rpi0/gnat/a-stzunb.adb:711:9" }
node: { title: "ada__strings__wide_wide_unbounded__overwrite" label: "Overwrite\n/home/john/IT/Ada/adacore-downloads-2006/bb-runtimes-community-2020/rpi0-runtime/ravenscar-full-rpi0/gnat/a-stzunb.adb:749:4\n48 bytes (static)\n0 dynamic objects" }
node: { title: "ada__strings__wide_wide_fixed__overwrite" label: "Overwrite\n/home/john/IT/Ada/adacore-downloads-2006/bb-runtimes-community-2020/rpi0-runtime/ravenscar-full-rpi0/gnat/a-stzfix.ads:178:13" shape : ellipse }
edge: { sourcename: "ada__strings__wide_wide_unbounded__overwrite" targetname: "ada__strings__wide_wide_fixed__overwrite" label: "/home/john/IT/Ada/adacore-downloads-2006/bb-runtimes-community-2020/rpi0-runtime/ravenscar-full-rpi0/gnat/a-stzunb.adb:757:27" }
edge: { sourcename: "ada__strings__wide_wide_unbounded__overwrite" targetname: "ada__strings__wide_wide_unbounded__to_unbounded_wide_wide_string" label: "/home/john/IT/Ada/adacore-downloads-2006/bb-runtimes-community-2020/rpi0-runtime/ravenscar-full-rpi0/gnat/a-stzunb.adb:756:9" }
node: { title: "ada__strings__wide_wide_unbounded__replace_slice" label: "Replace_Slice\n/home/john/IT/Ada/adacore-downloads-2006/bb-runtimes-community-2020/rpi0-runtime/ravenscar-full-rpi0/gnat/a-stzunb.adb:848:4\n56 bytes (static)\n0 dynamic objects" }
node: { title: "ada__strings__wide_wide_fixed__replace_slice" label: "Replace_Slice\n/home/john/IT/Ada/adacore-downloads-2006/bb-runtimes-community-2020/rpi0-runtime/ravenscar-full-rpi0/gnat/a-stzfix.ads:152:13" shape : ellipse }
edge: { sourcename: "ada__strings__wide_wide_unbounded__replace_slice" targetname: "ada__strings__wide_wide_fixed__replace_slice" label: "/home/john/IT/Ada/adacore-downloads-2006/bb-runtimes-community-2020/rpi0-runtime/ravenscar-full-rpi0/gnat/a-stzunb.adb:856:25" }
edge: { sourcename: "ada__strings__wide_wide_unbounded__replace_slice" targetname: "ada__strings__wide_wide_unbounded__to_unbounded_wide_wide_string" label: "/home/john/IT/Ada/adacore-downloads-2006/bb-runtimes-community-2020/rpi0-runtime/ravenscar-full-rpi0/gnat/a-stzunb.adb:855:14" }
node: { title: "ada__strings__wide_wide_unbounded__tail" label: "Tail\n/home/john/IT/Ada/adacore-downloads-2006/bb-runtimes-community-2020/rpi0-runtime/ravenscar-full-rpi0/gnat/a-stzunb.adb:912:4\n32 bytes (static)\n0 dynamic objects" }
node: { title: "ada__strings__wide_wide_fixed__tail" label: "Tail\n/home/john/IT/Ada/adacore-downloads-2006/bb-runtimes-community-2020/rpi0-runtime/ravenscar-full-rpi0/gnat/a-stzfix.ads:240:13" shape : ellipse }
edge: { sourcename: "ada__strings__wide_wide_unbounded__tail" targetname: "ada__strings__wide_wide_fixed__tail" label: "/home/john/IT/Ada/adacore-downloads-2006/bb-runtimes-community-2020/rpi0-runtime/ravenscar-full-rpi0/gnat/a-stzunb.adb:919:25" }
edge: { sourcename: "ada__strings__wide_wide_unbounded__tail" targetname: "ada__strings__wide_wide_unbounded__to_unbounded_wide_wide_string" label: "/home/john/IT/Ada/adacore-downloads-2006/bb-runtimes-community-2020/rpi0-runtime/ravenscar-full-rpi0/gnat/a-stzunb.adb:918:14" }
node: { title: "ada__strings__wide_wide_unbounded__translate" label: "Translate\n/home/john/IT/Ada/adacore-downloads-2006/bb-runtimes-community-2020/rpi0-runtime/ravenscar-full-rpi0/gnat/a-stzunb.adb:977:4\n24 bytes (static)\n0 dynamic objects" }
node: { title: "ada__strings__wide_wide_fixed__translate" label: "Translate\n/home/john/IT/Ada/adacore-downloads-2006/bb-runtimes-community-2020/rpi0-runtime/ravenscar-full-rpi0/gnat/a-stzfix.ads:130:13" shape : ellipse }
edge: { sourcename: "ada__strings__wide_wide_unbounded__translate" targetname: "ada__strings__wide_wide_fixed__translate" label: "/home/john/IT/Ada/adacore-downloads-2006/bb-runtimes-community-2020/rpi0-runtime/ravenscar-full-rpi0/gnat/a-stzunb.adb:985:27" }
edge: { sourcename: "ada__strings__wide_wide_unbounded__translate" targetname: "ada__strings__wide_wide_unbounded__to_unbounded_wide_wide_string" label: "/home/john/IT/Ada/adacore-downloads-2006/bb-runtimes-community-2020/rpi0-runtime/ravenscar-full-rpi0/gnat/a-stzunb.adb:984:9" }
node: { title: "ada__strings__wide_wide_unbounded__translate__3" label: "Translate\n/home/john/IT/Ada/adacore-downloads-2006/bb-runtimes-community-2020/rpi0-runtime/ravenscar-full-rpi0/gnat/a-stzunb.adb:997:4\n24 bytes (static)\n0 dynamic objects" }
[...]
edge: { sourcename: "ada__strings__wide_wide_unbounded__unbounded_slice__2" targetname: "__gnat_rcheck_PE_Finalize_Raised_Exception" label: "/home/john/IT/Ada/adacore-downloads-2006/bb-runtimes-community-2020/rpi0-runtime/ravenscar-full-rpi0/gnat/a-stzunb.adb:1100:0" }
edge: { sourcename: "ada__strings__wide_wide_unbounded__unbounded_slice__2" targetname: "_Unwind_Resume" }
edge: { sourcename: "ada__strings__wide_wide_unbounded__unbounded_slice__2" targetname: "system__secondary_stack__ss_release" label: "/home/john/IT/Ada/adacore-downloads-2006/bb-runtimes-community-2020/rpi0-runtime/ravenscar-full-rpi0/gnat/a-stzunb.adb:1100:0" }
node: { title: "ada__strings__wide_wide_unbounded__unbounded_wide_wide_stringIP" label: "Unbounded_Wide_Wide_Stringip\n/home/john/IT/Ada/adacore-downloads-2006/bb-runtimes-community-2020/rpi0-runtime/ravenscar-full-rpi0/gnat/a-stzunb.ads:417:9\n0 bytes (static)\n0 dynamic objects" }
node: { title: "ada__strings__wide_wide_unbounded__unbounded_wide_wide_stringFD" label: "Unbounded_Wide_Wide_Stringfd\n/home/john/IT/Ada/adacore-downloads-2006/bb-runtimes-community-2020/rpi0-runtime/ravenscar-full-rpi0/gnat/a-stzunb.ads:417:9\n0 bytes (static)\n0 dynamic objects" }
edge: { sourcename: "ada__strings__wide_wide_unbounded__unbounded_wide_wide_stringFD" targetname: "ada__strings__wide_wide_unbounded__finalize__2" label: "/home/john/IT/Ada/adacore-downloads-2006/bb-runtimes-community-2020/rpi0-runtime/ravenscar-full-rpi0/gnat/a-stzunb.ads:417:9" }
node: { title: "ada__strings__wide_wide_unbounded__Tunbounded_wide_wide_stringCFD" label: "Tunbounded_Wide_Wide_Stringcfd\n/home/john/IT/Ada/adacore-downloads-2006/bb-runtimes-community-2020/rpi0-runtime/ravenscar-full-rpi0/gnat/a-stzunb.ads:417:9\n0 bytes (static)\n0 dynamic objects" }
edge: { sourcename: "ada__strings__wide_wide_unbounded__Tunbounded_wide_wide_stringCFD" targetname: "__indirect_call" label: "/home/john/IT/Ada/adacore-downloads-2006/bb-runtimes-community-2020/rpi0-runtime/ravenscar-full-rpi0/gnat/a-stzunb.ads:417:9" }
node: { title: "ada__strings__wide_wide_unbounded__finalize_spec" label: "Finalize_Spec\n/home/john/IT/Ada/adacore-downloads-2006/bb-runtimes-community-2020/rpi0-runtime/ravenscar-full-rpi0/gnat/a-stzunb.ads:39:1\n0 bytes (static)\n0 dynamic objects" }
node: { title: "ada__tags__unregister_tag" label: "Unregister_Tag\n/home/john/IT/Ada/adacore-downloads-2006/bb-runtimes-community-2020/rpi0-runtime/ravenscar-full-rpi0/gnat/a-tags.ads:588:14" shape : ellipse }
edge: { sourcename: "ada__strings__wide_wide_unbounded__finalize_spec" targetname: "ada__tags__unregister_tag" label: "/home/john/IT/Ada/adacore-downloads-2006/bb-runtimes-community-2020/rpi0-runtime/ravenscar-full-rpi0/gnat/a-stzunb.ads:39:1" }
node: { title: "ada__strings__wide_wide_unbounded__free" label: "Free\n/home/john/IT/Ada/adacore-downloads-2006/bb-runtimes-community-2020/rpi0-runtime/ravenscar-full-rpi0/gnat/a-stzunb.adb:543:4\n8 bytes (static)\n0 dynamic objects" }
edge: { sourcename: "ada__strings__wide_wide_unbounded__free" targetname: "__gnat_free" label: "/home/john/IT/Ada/adacore-downloads-2006/bb-runtimes-community-2020/rpi0-runtime/ravenscar-full-rpi0/gnat/a-stzunb.adb:552:10" }
node: { title: "ada__strings__wide_wide_unbounded__head__2" label: "Head\n/home/john/IT/Ada/adacore-downloads-2006/bb-runtimes-community-2020/rpi0-runtime/ravenscar-full-rpi0/gnat/a-stzunb.adb:572:4\n64 bytes (static)\n0 dynamic objects" }
edge: { sourcename: "ada__strings__wide_wide_unbounded__head__2" targetname: "system__secondary_stack__ss_mark" label: "/home/john/IT/Ada/adacore-downloads-2006/bb-runtimes-community-2020/rpi0-runtime/ravenscar-full-rpi0/gnat/a-stzunb.adb:579:24" }
edge: { sourcename: "ada__strings__wide_wide_unbounded__head__2" targetname: "ada__strings__wide_wide_fixed__head" label: "/home/john/IT/Ada/adacore-downloads-2006/bb-runtimes-community-2020/rpi0-runtime/ravenscar-full-rpi0/gnat/a-stzunb.adb:581:27" }
edge: { sourcename: "ada__strings__wide_wide_unbounded__head__2" targetname: "__gnat_malloc" label: "/home/john/IT/Ada/adacore-downloads-2006/bb-runtimes-community-2020/rpi0-runtime/ravenscar-full-rpi0/gnat/a-stzunb.adb:579:24" }
edge: { sourcename: "ada__strings__wide_wide_unbounded__head__2" targetname: "memcpy" }
edge: { sourcename: "ada__strings__wide_wide_unbounded__head__2" targetname: "system__secondary_stack__ss_release" label: "/home/john/IT/Ada/adacore-downloads-2006/bb-runtimes-community-2020/rpi0-runtime/ravenscar-full-rpi0/gnat/a-stzunb.adb:579:0" }
edge: { sourcename: "ada__strings__wide_wide_unbounded__head__2" targetname: "ada__strings__wide_wide_unbounded__free" label: "/home/john/IT/Ada/adacore-downloads-2006/bb-runtimes-community-2020/rpi0-runtime/ravenscar-full-rpi0/gnat/a-stzunb.adb:584:7" }
edge: { sourcename: "ada__strings__wide_wide_unbounded__head__2" targetname: "system__secondary_stack__ss_release" label: "/home/john/IT/Ada/adacore-downloads-2006/bb-runtimes-community-2020/rpi0-runtime/ravenscar-full-rpi0/gnat/a-stzunb.adb:579:0" }
edge: { sourcename: "ada__strings__wide_wide_unbounded__head__2" targetname: "_Unwind_Resume" }
node: { title: "ada__strings__wide_wide_unbounded__overwrite__2" label: "Overwrite\n/home/john/IT/Ada/adacore-downloads-2006/bb-runtimes-community-2020/rpi0-runtime/ravenscar-full-rpi0/gnat/a-stzunb.adb:761:4\n64 bytes (static)\n0 dynamic objects" }
edge: { sourcename: "ada__strings__wide_wide_unbounded__overwrite__2" targetname: "memmove" label: "/home/john/IT/Ada/adacore-downloads-2006/bb-runtimes-community-2020/rpi0-runtime/ravenscar-full-rpi0/gnat/a-stzunb.adb:769:59" }
edge: { sourcename: "ada__strings__wide_wide_unbounded__overwrite__2" targetname: "system__secondary_stack__ss_mark" label: "/home/john/IT/Ada/adacore-downloads-2006/bb-runtimes-community-2020/rpi0-runtime/ravenscar-full-rpi0/gnat/a-stzunb.adb:774:30" }
edge: { sourcename: "ada__strings__wide_wide_unbounded__overwrite__2" targetname: "ada__strings__wide_wide_fixed__overwrite" label: "/home/john/IT/Ada/adacore-downloads-2006/bb-runtimes-community-2020/rpi0-runtime/ravenscar-full-rpi0/gnat/a-stzunb.adb:775:31" }
edge: { sourcename: "ada__strings__wide_wide_unbounded__overwrite__2" targetname: "__gnat_malloc" label: "/home/john/IT/Ada/adacore-downloads-2006/bb-runtimes-community-2020/rpi0-runtime/ravenscar-full-rpi0/gnat/a-stzunb.adb:774:30" }
edge: { sourcename: "ada__strings__wide_wide_unbounded__overwrite__2" targetname: "memcpy" }
edge: { sourcename: "ada__strings__wide_wide_unbounded__overwrite__2" targetname: "system__secondary_stack__ss_release" label: "/home/john/IT/Ada/adacore-downloads-2006/bb-runtimes-community-2020/rpi0-runtime/ravenscar-full-rpi0/gnat/a-stzunb.adb:774:0" }
edge: { sourcename: "ada__strings__wide_wide_unbounded__overwrite__2" targetname: "ada__strings__wide_wide_unbounded__free" label: "/home/john/IT/Ada/adacore-downloads-2006/bb-runtimes-community-2020/rpi0-runtime/ravenscar-full-rpi0/gnat/a-stzunb.adb:778:13" }
edge: { sourcename: "ada__strings__wide_wide_unbounded__overwrite__2" targetname: "system__secondary_stack__ss_release" label: "/home/john/IT/Ada/adacore-downloads-2006/bb-runtimes-community-2020/rpi0-runtime/ravenscar-full-rpi0/gnat/a-stzunb.adb:774:0" }
edge: { sourcename: "ada__strings__wide_wide_unbounded__overwrite__2" targetname: "_Unwind_Resume" }
node: { title: "ada__strings__wide_wide_unbounded__realloc_for_chunk" label: "Realloc_For_Chunk\n/home/john/IT/Ada/adacore-downloads-2006/bb-runtimes-community-2020/rpi0-runtime/ravenscar-full-rpi0/gnat/a-stzunb.adb:787:4\n32 bytes (static)\n0 dynamic objects" }
edge: { sourcename: "ada__strings__wide_wide_unbounded__realloc_for_chunk" targetname: "__gnat_malloc" label: "/home/john/IT/Ada/adacore-downloads-2006/bb-runtimes-community-2020/rpi0-runtime/ravenscar-full-rpi0/gnat/a-stzunb.adb:816:13" }
edge: { sourcename: "ada__strings__wide_wide_unbounded__realloc_for_chunk" targetname: "memmove" label: "/home/john/IT/Ada/adacore-downloads-2006/bb-runtimes-community-2020/rpi0-runtime/ravenscar-full-rpi0/gnat/a-stzunb.adb:820:36" }
edge: { sourcename: "ada__strings__wide_wide_unbounded__realloc_for_chunk" targetname: "ada__strings__wide_wide_unbounded__free" label: "/home/john/IT/Ada/adacore-downloads-2006/bb-runtimes-community-2020/rpi0-runtime/ravenscar-full-rpi0/gnat/a-stzunb.adb:821:13" }
node: { title: "ada__strings__wide_wide_unbounded__append" label: "Append\n/home/john/IT/Ada/adacore-downloads-2006/bb-runtimes-community-2020/rpi0-runtime/ravenscar-full-rpi0/gnat/a-stzunb.adb:365:4\n16 bytes (static)\n0 dynamic objects" }
edge: { sourcename: "ada__strings__wide_wide_unbounded__append" targetname: "ada__strings__wide_wide_unbounded__realloc_for_chunk" label: "/home/john/IT/Ada/adacore-downloads-2006/bb-runtimes-community-2020/rpi0-runtime/ravenscar-full-rpi0/gnat/a-stzunb.adb:370:7" }
edge: { sourcename: "ada__strings__wide_wide_unbounded__append" targetname: "memmove" label: "/home/john/IT/Ada/adacore-downloads-2006/bb-runtimes-community-2020/rpi0-runtime/ravenscar-full-rpi0/gnat/a-stzunb.adb:371:73" }
node: { title: "ada__strings__wide_wide_unbounded__append__2" label: "Append\n/home/john/IT/Ada/adacore-downloads-2006/bb-runtimes-community-2020/rpi0-runtime/ravenscar-full-rpi0/gnat/a-stzunb.adb:376:4\n16 bytes (static)\n0 dynamic objects" }
edge: { sourcename: "ada__strings__wide_wide_unbounded__append__2" targetname: "ada__strings__wide_wide_unbounded__realloc_for_chunk" label: "/home/john/IT/Ada/adacore-downloads-2006/bb-runtimes-community-2020/rpi0-runtime/ravenscar-full-rpi0/gnat/a-stzunb.adb:381:7" }
edge: { sourcename: "ada__strings__wide_wide_unbounded__append__2" targetname: "memmove" label: "/home/john/IT/Ada/adacore-downloads-2006/bb-runtimes-community-2020/rpi0-runtime/ravenscar-full-rpi0/gnat/a-stzunb.adb:382:75" }
node: { title: "ada__strings__wide_wide_unbounded__append__3" label: "Append\n/home/john/IT/Ada/adacore-downloads-2006/bb-runtimes-community-2020/rpi0-runtime/ravenscar-full-rpi0/gnat/a-stzunb.adb:387:4\n16 bytes (static)\n0 dynamic objects" }
edge: { sourcename: "ada__strings__wide_wide_unbounded__append__3" targetname: "ada__strings__wide_wide_unbounded__realloc_for_chunk" label: "/home/john/IT/Ada/adacore-downloads-2006/bb-runtimes-community-2020/rpi0-runtime/ravenscar-full-rpi0/gnat/a-stzunb.adb:392:7" }
node: { title: "ada__strings__wide_wide_unbounded__insert__2" label: "Insert\n/home/john/IT/Ada/adacore-downloads-2006/bb-runtimes-community-2020/rpi0-runtime/ravenscar-full-rpi0/gnat/a-stzunb.adb:716:4\n24 bytes (static)\n0 dynamic objects" }
edge: { sourcename: "ada__strings__wide_wide_unbounded__insert__2" targetname: "__gnat_raise_exception" label: "/home/john/IT/Ada/adacore-downloads-2006/bb-runtimes-community-2020/rpi0-runtime/ravenscar-full-rpi0/gnat/a-stzunb.adb:723:10" }
edge: { sourcename: "ada__strings__wide_wide_unbounded__insert__2" targetname: "ada__strings__wide_wide_unbounded__realloc_for_chunk" label: "/home/john/IT/Ada/adacore-downloads-2006/bb-runtimes-community-2020/rpi0-runtime/ravenscar-full-rpi0/gnat/a-stzunb.adb:726:7" }
edge: { sourcename: "ada__strings__wide_wide_unbounded__insert__2" targetname: "memmove" label: "/home/john/IT/Ada/adacore-downloads-2006/bb-runtimes-community-2020/rpi0-runtime/ravenscar-full-rpi0/gnat/a-stzunb.adb:729:70" }
edge: { sourcename: "ada__strings__wide_wide_unbounded__insert__2" targetname: "memmove" label: "/home/john/IT/Ada/adacore-downloads-2006/bb-runtimes-community-2020/rpi0-runtime/ravenscar-full-rpi0/gnat/a-stzunb.adb:732:65" }
node: { title: "ada__strings__wide_wide_unbounded__replace_slice__2" label: "Replace_Slice\n/home/john/IT/Ada/adacore-downloads-2006/bb-runtimes-community-2020/rpi0-runtime/ravenscar-full-rpi0/gnat/a-stzunb.adb:860:4\n80 bytes (static)\n0 dynamic objects" }
edge: { sourcename: "ada__strings__wide_wide_unbounded__replace_slice__2" targetname: "system__secondary_stack__ss_mark" label: "/home/john/IT/Ada/adacore-downloads-2006/bb-runtimes-community-2020/rpi0-runtime/ravenscar-full-rpi0/gnat/a-stzunb.adb:868:24" }
edge: { sourcename: "ada__strings__wide_wide_unbounded__replace_slice__2" targetname: "ada__strings__wide_wide_fixed__replace_slice" label: "/home/john/IT/Ada/adacore-downloads-2006/bb-runtimes-community-2020/rpi0-runtime/ravenscar-full-rpi0/gnat/a-stzunb.adb:869:25" }
edge: { sourcename: "ada__strings__wide_wide_unbounded__replace_slice__2" targetname: "__gnat_malloc" label: "/home/john/IT/Ada/adacore-downloads-2006/bb-runtimes-community-2020/rpi0-runtime/ravenscar-full-rpi0/gnat/a-stzunb.adb:868:24" }
edge: { sourcename: "ada__strings__wide_wide_unbounded__replace_slice__2" targetname: "memcpy" }
edge: { sourcename: "ada__strings__wide_wide_unbounded__replace_slice__2" targetname: "system__secondary_stack__ss_release" label: "/home/john/IT/Ada/adacore-downloads-2006/bb-runtimes-community-2020/rpi0-runtime/ravenscar-full-rpi0/gnat/a-stzunb.adb:868:0" }
edge: { sourcename: "ada__strings__wide_wide_unbounded__replace_slice__2" targetname: "ada__strings__wide_wide_unbounded__free" label: "/home/john/IT/Ada/adacore-downloads-2006/bb-runtimes-community-2020/rpi0-runtime/ravenscar-full-rpi0/gnat/a-stzunb.adb:872:7" }
edge: { sourcename: "ada__strings__wide_wide_unbounded__replace_slice__2" targetname: "system__secondary_stack__ss_release" label: "/home/john/IT/Ada/adacore-downloads-2006/bb-runtimes-community-2020/rpi0-runtime/ravenscar-full-rpi0/gnat/a-stzunb.adb:868:0" }
edge: { sourcename: "ada__strings__wide_wide_unbounded__replace_slice__2" targetname: "_Unwind_Resume" }
node: { title: "ada__strings__wide_wide_unbounded__tail__2" label: "Tail\n/home/john/IT/Ada/adacore-downloads-2006/bb-runtimes-community-2020/rpi0-runtime/ravenscar-full-rpi0/gnat/a-stzunb.adb:923:4\n64 bytes (static)\n0 dynamic objects" }
edge: { sourcename: "ada__strings__wide_wide_unbounded__tail__2" targetname: "system__secondary_stack__ss_mark" label: "/home/john/IT/Ada/adacore-downloads-2006/bb-runtimes-community-2020/rpi0-runtime/ravenscar-full-rpi0/gnat/a-stzunb.adb:930:24" }
edge: { sourcename: "ada__strings__wide_wide_unbounded__tail__2" targetname: "ada__strings__wide_wide_fixed__tail" label: "/home/john/IT/Ada/adacore-downloads-2006/bb-runtimes-community-2020/rpi0-runtime/ravenscar-full-rpi0/gnat/a-stzunb.adb:931:25" }
edge: { sourcename: "ada__strings__wide_wide_unbounded__tail__2" targetname: "__gnat_malloc" label: "/home/john/IT/Ada/adacore-downloads-2006/bb-runtimes-community-2020/rpi0-runtime/ravenscar-full-rpi0/gnat/a-stzunb.adb:930:24" }
edge: { sourcename: "ada__strings__wide_wide_unbounded__tail__2" targetname: "memcpy" }
edge: { sourcename: "ada__strings__wide_wide_unbounded__tail__2" targetname: "system__secondary_stack__ss_release" label: "/home/john/IT/Ada/adacore-downloads-2006/bb-runtimes-community-2020/rpi0-runtime/ravenscar-full-rpi0/gnat/a-stzunb.adb:930:0" }
edge: { sourcename: "ada__strings__wide_wide_unbounded__tail__2" targetname: "ada__strings__wide_wide_unbounded__free" label: "/home/john/IT/Ada/adacore-downloads-2006/bb-runtimes-community-2020/rpi0-runtime/ravenscar-full-rpi0/gnat/a-stzunb.adb:934:7" }
edge: { sourcename: "ada__strings__wide_wide_unbounded__tail__2" targetname: "system__secondary_stack__ss_release" label: "/home/john/IT/Ada/adacore-downloads-2006/bb-runtimes-community-2020/rpi0-runtime/ravenscar-full-rpi0/gnat/a-stzunb.adb:930:0" }
edge: { sourcename: "ada__strings__wide_wide_unbounded__tail__2" targetname: "_Unwind_Resume" }
node: { title: "ada__strings__wide_wide_unbounded__trim__2" label: "Trim\n/home/john/IT/Ada/adacore-downloads-2006/bb-runtimes-community-2020/rpi0-runtime/ravenscar-full-rpi0/gnat/a-stzunb.adb:1031:4\n56 bytes (static)\n0 dynamic objects" }
edge: { sourcename: "ada__strings__wide_wide_unbounded__trim__2" targetname: "system__secondary_stack__ss_mark" label: "/home/john/IT/Ada/adacore-downloads-2006/bb-runtimes-community-2020/rpi0-runtime/ravenscar-full-rpi0/gnat/a-stzunb.adb:1037:24" }
edge: { sourcename: "ada__strings__wide_wide_unbounded__trim__2" targetname: "ada__strings__wide_wide_fixed__trim" label: "/home/john/IT/Ada/adacore-downloads-2006/bb-runtimes-community-2020/rpi0-runtime/ravenscar-full-rpi0/gnat/a-stzunb.adb:1039:27" }
edge: { sourcename: "ada__strings__wide_wide_unbounded__trim__2" targetname: "__gnat_malloc" label: "/home/john/IT/Ada/adacore-downloads-2006/bb-runtimes-community-2020/rpi0-runtime/ravenscar-full-rpi0/gnat/a-stzunb.adb:1037:24" }
edge: { sourcename: "ada__strings__wide_wide_unbounded__trim__2" targetname: "memcpy" }
edge: { sourcename: "ada__strings__wide_wide_unbounded__trim__2" targetname: "system__secondary_stack__ss_release" label: "/home/john/IT/Ada/adacore-downloads-2006/bb-runtimes-community-2020/rpi0-runtime/ravenscar-full-rpi0/gnat/a-stzunb.adb:1037:0" }
edge: { sourcename: "ada__strings__wide_wide_unbounded__trim__2" targetname: "ada__strings__wide_wide_unbounded__free" label: "/home/john/IT/Ada/adacore-downloads-2006/bb-runtimes-community-2020/rpi0-runtime/ravenscar-full-rpi0/gnat/a-stzunb.adb:1041:7" }
edge: { sourcename: "ada__strings__wide_wide_unbounded__trim__2" targetname: "system__secondary_stack__ss_release" label: "/home/john/IT/Ada/adacore-downloads-2006/bb-runtimes-community-2020/rpi0-runtime/ravenscar-full-rpi0/gnat/a-stzunb.adb:1037:0" }
edge: { sourcename: "ada__strings__wide_wide_unbounded__trim__2" targetname: "_Unwind_Resume" }
node: { title: "ada__strings__wide_wide_unbounded__trim__4" label: "Trim\n/home/john/IT/Ada/adacore-downloads-2006/bb-runtimes-community-2020/rpi0-runtime/ravenscar-full-rpi0/gnat/a-stzunb.adb:1057:4\n64 bytes (static)\n0 dynamic objects" }
edge: { sourcename: "ada__strings__wide_wide_unbounded__trim__4" targetname: "system__secondary_stack__ss_mark" label: "/home/john/IT/Ada/adacore-downloads-2006/bb-runtimes-community-2020/rpi0-runtime/ravenscar-full-rpi0/gnat/a-stzunb.adb:1064:24" }
edge: { sourcename: "ada__strings__wide_wide_unbounded__trim__4" targetname: "ada__strings__wide_wide_fixed__trim__3" label: "/home/john/IT/Ada/adacore-downloads-2006/bb-runtimes-community-2020/rpi0-runtime/ravenscar-full-rpi0/gnat/a-stzunb.adb:1066:27" }
edge: { sourcename: "ada__strings__wide_wide_unbounded__trim__4" targetname: "__gnat_malloc" label: "/home/john/IT/Ada/adacore-downloads-2006/bb-runtimes-community-2020/rpi0-runtime/ravenscar-full-rpi0/gnat/a-stzunb.adb:1064:24" }
edge: { sourcename: "ada__strings__wide_wide_unbounded__trim__4" targetname: "memcpy" }
edge: { sourcename: "ada__strings__wide_wide_unbounded__trim__4" targetname: "system__secondary_stack__ss_release" label: "/home/john/IT/Ada/adacore-downloads-2006/bb-runtimes-community-2020/rpi0-runtime/ravenscar-full-rpi0/gnat/a-stzunb.adb:1064:0" }
edge: { sourcename: "ada__strings__wide_wide_unbounded__trim__4" targetname: "ada__strings__wide_wide_unbounded__free" label: "/home/john/IT/Ada/adacore-downloads-2006/bb-runtimes-community-2020/rpi0-runtime/ravenscar-full-rpi0/gnat/a-stzunb.adb:1069:7" }
edge: { sourcename: "ada__strings__wide_wide_unbounded__trim__4" targetname: "system__secondary_stack__ss_release" label: "/home/john/IT/Ada/adacore-downloads-2006/bb-runtimes-community-2020/rpi0-runtime/ravenscar-full-rpi0/gnat/a-stzunb.adb:1064:0" }
edge: { sourcename: "ada__strings__wide_wide_unbounded__trim__4" targetname: "_Unwind_Resume" }
node: { title: "ada__strings__wide_wide_unbounded___elabs" label: "Wide_Wide_Unbounded\n/home/john/IT/Ada/adacore-downloads-2006/bb-runtimes-community-2020/rpi0-runtime/ravenscar-full-rpi0/gnat/a-stzunb.ads:39:1\n8 bytes (static)\n0 dynamic objects" }
node: { title: "ada__tags__register_tag" label: "Register_Tag\n/home/john/IT/Ada/adacore-downloads-2006/bb-runtimes-community-2020/rpi0-runtime/ravenscar-full-rpi0/gnat/a-tags.ads:552:14" shape : ellipse }
edge: { sourcename: "ada__strings__wide_wide_unbounded___elabs" targetname: "ada__tags__register_tag" label: "/home/john/IT/Ada/adacore-downloads-2006/bb-runtimes-community-2020/rpi0-runtime/ravenscar-full-rpi0/gnat/a-stzunb.ads:417:9" }
}
