graph: { title: "/home/john/IT/Ada/adacore-downloads-2006/bb-runtimes-community-2020/rpi0-runtime/ravenscar-full-rpi0/gnat/a-suezst.adb"
node: { title: "/home/john/IT/Ada/adacore-downloads-2006/bb-runtimes-community-2020/rpi0-runtime/ravenscar-full-rpi0/gnat/a-suezst.adb:ada__strings__utf_encoding__wide_wide_strings__decode__get_continuation__2.5751" label: "Get_Continuation\n/home/john/IT/Ada/adacore-downloads-2006/bb-runtimes-community-2020/rpi0-runtime/ravenscar-full-rpi0/gnat/a-suezst.adb:78:7\n8 bytes (static)\n0 dynamic objects" }
node: { title: "ada__strings__utf_encoding__raise_encoding_error" label: "Raise_Encoding_Error\n/home/john/IT/Ada/adacore-downloads-2006/bb-runtimes-community-2020/rpi0-runtime/ravenscar-full-rpi0/gnat/a-stuten.ads:139:14" shape : ellipse }
edge: { sourcename: "/home/john/IT/Ada/adacore-downloads-2006/bb-runtimes-community-2020/rpi0-runtime/ravenscar-full-rpi0/gnat/a-suezst.adb:ada__strings__utf_encoding__wide_wide_strings__decode__get_continuation__2.5751" targetname: "ada__strings__utf_encoding__raise_encoding_error" label: "/home/john/IT/Ada/adacore-downloads-2006/bb-runtimes-community-2020/rpi0-runtime/ravenscar-full-rpi0/gnat/a-suezst.adb:81:13" }
edge: { sourcename: "/home/john/IT/Ada/adacore-downloads-2006/bb-runtimes-community-2020/rpi0-runtime/ravenscar-full-rpi0/gnat/a-suezst.adb:ada__strings__utf_encoding__wide_wide_strings__decode__get_continuation__2.5751" targetname: "ada__strings__utf_encoding__raise_encoding_error" label: "/home/john/IT/Ada/adacore-downloads-2006/bb-runtimes-community-2020/rpi0-runtime/ravenscar-full-rpi0/gnat/a-suezst.adb:88:16" }
node: { title: "ada__strings__utf_encoding__wide_wide_strings__decode__2" label: "Decode\n/home/john/IT/Ada/adacore-downloads-2006/bb-runtimes-community-2020/rpi0-runtime/ravenscar-full-rpi0/gnat/a-suezst.adb:55:4\n64 bytes (dynamic)\n1 dynamic objects\n Result /home/john/IT/Ada/adacore-downloads-2006/bb-runtimes-community-2020/rpi0-runtime/ravenscar-full-rpi0/gnat/a-suezst.adb:56:7" }
edge: { sourcename: "ada__strings__utf_encoding__wide_wide_strings__decode__2" targetname: "ada__strings__utf_encoding__raise_encoding_error" label: "/home/john/IT/Ada/adacore-downloads-2006/bb-runtimes-community-2020/rpi0-runtime/ravenscar-full-rpi0/gnat/a-suezst.adb:114:10" }
edge: { sourcename: "ada__strings__utf_encoding__wide_wide_strings__decode__2" targetname: "ada__strings__utf_encoding__raise_encoding_error" label: "/home/john/IT/Ada/adacore-downloads-2006/bb-runtimes-community-2020/rpi0-runtime/ravenscar-full-rpi0/gnat/a-suezst.adb:133:13" }
edge: { sourcename: "ada__strings__utf_encoding__wide_wide_strings__decode__2" targetname: "/home/john/IT/Ada/adacore-downloads-2006/bb-runtimes-community-2020/rpi0-runtime/ravenscar-full-rpi0/gnat/a-suezst.adb:ada__strings__utf_encoding__wide_wide_strings__decode__get_continuation__2.5751" label: "/home/john/IT/Ada/adacore-downloads-2006/bb-runtimes-community-2020/rpi0-runtime/ravenscar-full-rpi0/gnat/a-suezst.adb:140:13" }
edge: { sourcename: "ada__strings__utf_encoding__wide_wide_strings__decode__2" targetname: "/home/john/IT/Ada/adacore-downloads-2006/bb-runtimes-community-2020/rpi0-runtime/ravenscar-full-rpi0/gnat/a-suezst.adb:ada__strings__utf_encoding__wide_wide_strings__decode__get_continuation__2.5751" label: "/home/john/IT/Ada/adacore-downloads-2006/bb-runtimes-community-2020/rpi0-runtime/ravenscar-full-rpi0/gnat/a-suezst.adb:147:13" }
edge: { sourcename: "ada__strings__utf_encoding__wide_wide_strings__decode__2" targetname: "/home/john/IT/Ada/adacore-downloads-2006/bb-runtimes-community-2020/rpi0-runtime/ravenscar-full-rpi0/gnat/a-suezst.adb:ada__strings__utf_encoding__wide_wide_strings__decode__get_continuation__2.5751" label: "/home/john/IT/Ada/adacore-downloads-2006/bb-runtimes-community-2020/rpi0-runtime/ravenscar-full-rpi0/gnat/a-suezst.adb:148:13" }
edge: { sourcename: "ada__strings__utf_encoding__wide_wide_strings__decode__2" targetname: "/home/john/IT/Ada/adacore-downloads-2006/bb-runtimes-community-2020/rpi0-runtime/ravenscar-full-rpi0/gnat/a-suezst.adb:ada__strings__utf_encoding__wide_wide_strings__decode__get_continuation__2.5751" label: "/home/john/IT/Ada/adacore-downloads-2006/bb-runtimes-community-2020/rpi0-runtime/ravenscar-full-rpi0/gnat/a-suezst.adb:155:13" }
edge: { sourcename: "ada__strings__utf_encoding__wide_wide_strings__decode__2" targetname: "/home/john/IT/Ada/adacore-downloads-2006/bb-runtimes-community-2020/rpi0-runtime/ravenscar-full-rpi0/gnat/a-suezst.adb:ada__strings__utf_encoding__wide_wide_strings__decode__get_continuation__2.5751" label: "/home/john/IT/Ada/adacore-downloads-2006/bb-runtimes-community-2020/rpi0-runtime/ravenscar-full-rpi0/gnat/a-suezst.adb:156:13" }
edge: { sourcename: "ada__strings__utf_encoding__wide_wide_strings__decode__2" targetname: "/home/john/IT/Ada/adacore-downloads-2006/bb-runtimes-community-2020/rpi0-runtime/ravenscar-full-rpi0/gnat/a-suezst.adb:ada__strings__utf_encoding__wide_wide_strings__decode__get_continuation__2.5751" label: "/home/john/IT/Ada/adacore-downloads-2006/bb-runtimes-community-2020/rpi0-runtime/ravenscar-full-rpi0/gnat/a-suezst.adb:157:13" }
edge: { sourcename: "ada__strings__utf_encoding__wide_wide_strings__decode__2" targetname: "ada__strings__utf_encoding__raise_encoding_error" label: "/home/john/IT/Ada/adacore-downloads-2006/bb-runtimes-community-2020/rpi0-runtime/ravenscar-full-rpi0/gnat/a-suezst.adb:162:13" }
node: { title: "system__secondary_stack__ss_allocate" label: "Ss_Allocate\n/home/john/IT/Ada/adacore-downloads-2006/bb-runtimes-community-2020/rpi0-runtime/ravenscar-full-rpi0/gnat/s-secsta.ads:58:14" shape : ellipse }
edge: { sourcename: "ada__strings__utf_encoding__wide_wide_strings__decode__2" targetname: "system__secondary_stack__ss_allocate" label: "/home/john/IT/Ada/adacore-downloads-2006/bb-runtimes-community-2020/rpi0-runtime/ravenscar-full-rpi0/gnat/a-suezst.adb:169:7" }
node: { title: "memcpy" label: "builtin_memcpy\n<built-in>" shape : ellipse }
edge: { sourcename: "ada__strings__utf_encoding__wide_wide_strings__decode__2" targetname: "memcpy" }
node: { title: "ada__strings__utf_encoding__wide_wide_strings__decode__3" label: "Decode\n/home/john/IT/Ada/adacore-downloads-2006/bb-runtimes-community-2020/rpi0-runtime/ravenscar-full-rpi0/gnat/a-suezst.adb:174:4\n56 bytes (dynamic)\n1 dynamic objects\n Result /home/john/IT/Ada/adacore-downloads-2006/bb-runtimes-community-2020/rpi0-runtime/ravenscar-full-rpi0/gnat/a-suezst.adb:175:7" }
edge: { sourcename: "ada__strings__utf_encoding__wide_wide_strings__decode__3" targetname: "ada__strings__utf_encoding__raise_encoding_error" label: "/home/john/IT/Ada/adacore-downloads-2006/bb-runtimes-community-2020/rpi0-runtime/ravenscar-full-rpi0/gnat/a-suezst.adb:219:16" }
edge: { sourcename: "ada__strings__utf_encoding__wide_wide_strings__decode__3" targetname: "ada__strings__utf_encoding__raise_encoding_error" label: "/home/john/IT/Ada/adacore-downloads-2006/bb-runtimes-community-2020/rpi0-runtime/ravenscar-full-rpi0/gnat/a-suezst.adb:229:19" }
edge: { sourcename: "ada__strings__utf_encoding__wide_wide_strings__decode__3" targetname: "ada__strings__utf_encoding__raise_encoding_error" label: "/home/john/IT/Ada/adacore-downloads-2006/bb-runtimes-community-2020/rpi0-runtime/ravenscar-full-rpi0/gnat/a-suezst.adb:246:13" }
edge: { sourcename: "ada__strings__utf_encoding__wide_wide_strings__decode__3" targetname: "system__secondary_stack__ss_allocate" label: "/home/john/IT/Ada/adacore-downloads-2006/bb-runtimes-community-2020/rpi0-runtime/ravenscar-full-rpi0/gnat/a-suezst.adb:250:7" }
edge: { sourcename: "ada__strings__utf_encoding__wide_wide_strings__decode__3" targetname: "memcpy" }
node: { title: "ada__strings__utf_encoding__wide_wide_strings__decode" label: "Decode\n/home/john/IT/Ada/adacore-downloads-2006/bb-runtimes-community-2020/rpi0-runtime/ravenscar-full-rpi0/gnat/a-suezst.adb:41:4\n32 bytes (static)\n0 dynamic objects" }
edge: { sourcename: "ada__strings__utf_encoding__wide_wide_strings__decode" targetname: "ada__strings__utf_encoding__wide_wide_strings__decode__2" label: "/home/john/IT/Ada/adacore-downloads-2006/bb-runtimes-community-2020/rpi0-runtime/ravenscar-full-rpi0/gnat/a-suezst.adb:47:17" }
node: { title: "ada__strings__utf_encoding__to_utf_16" label: "To_Utf_16\n/home/john/IT/Ada/adacore-downloads-2006/bb-runtimes-community-2020/rpi0-runtime/ravenscar-full-rpi0/gnat/a-stuten.ads:130:13" shape : ellipse }
edge: { sourcename: "ada__strings__utf_encoding__wide_wide_strings__decode" targetname: "ada__strings__utf_encoding__to_utf_16" label: "/home/john/IT/Ada/adacore-downloads-2006/bb-runtimes-community-2020/rpi0-runtime/ravenscar-full-rpi0/gnat/a-suezst.adb:49:25" }
edge: { sourcename: "ada__strings__utf_encoding__wide_wide_strings__decode" targetname: "ada__strings__utf_encoding__wide_wide_strings__decode__3" label: "/home/john/IT/Ada/adacore-downloads-2006/bb-runtimes-community-2020/rpi0-runtime/ravenscar-full-rpi0/gnat/a-suezst.adb:49:17" }
node: { title: "ada__strings__utf_encoding__wide_wide_strings__encode__2" label: "Encode\n/home/john/IT/Ada/adacore-downloads-2006/bb-runtimes-community-2020/rpi0-runtime/ravenscar-full-rpi0/gnat/a-suezst.adb:274:4\n40 bytes (dynamic)\n1 dynamic objects\n Result /home/john/IT/Ada/adacore-downloads-2006/bb-runtimes-community-2020/rpi0-runtime/ravenscar-full-rpi0/gnat/a-suezst.adb:278:7" }
edge: { sourcename: "ada__strings__utf_encoding__wide_wide_strings__encode__2" targetname: "ada__strings__utf_encoding__raise_encoding_error" label: "/home/john/IT/Ada/adacore-downloads-2006/bb-runtimes-community-2020/rpi0-runtime/ravenscar-full-rpi0/gnat/a-suezst.adb:357:13" }
edge: { sourcename: "ada__strings__utf_encoding__wide_wide_strings__encode__2" targetname: "system__secondary_stack__ss_allocate" label: "/home/john/IT/Ada/adacore-downloads-2006/bb-runtimes-community-2020/rpi0-runtime/ravenscar-full-rpi0/gnat/a-suezst.adb:361:7" }
edge: { sourcename: "ada__strings__utf_encoding__wide_wide_strings__encode__2" targetname: "memcpy" }
edge: { sourcename: "ada__strings__utf_encoding__wide_wide_strings__encode__2" targetname: "memcpy" }
node: { title: "ada__strings__utf_encoding__wide_wide_strings__encode__3" label: "Encode\n/home/john/IT/Ada/adacore-downloads-2006/bb-runtimes-community-2020/rpi0-runtime/ravenscar-full-rpi0/gnat/a-suezst.adb:366:4\n40 bytes (dynamic)\n1 dynamic objects\n Result /home/john/IT/Ada/adacore-downloads-2006/bb-runtimes-community-2020/rpi0-runtime/ravenscar-full-rpi0/gnat/a-suezst.adb:370:7" }
edge: { sourcename: "ada__strings__utf_encoding__wide_wide_strings__encode__3" targetname: "ada__strings__utf_encoding__raise_encoding_error" label: "/home/john/IT/Ada/adacore-downloads-2006/bb-runtimes-community-2020/rpi0-runtime/ravenscar-full-rpi0/gnat/a-suezst.adb:422:13" }
edge: { sourcename: "ada__strings__utf_encoding__wide_wide_strings__encode__3" targetname: "system__secondary_stack__ss_allocate" label: "/home/john/IT/Ada/adacore-downloads-2006/bb-runtimes-community-2020/rpi0-runtime/ravenscar-full-rpi0/gnat/a-suezst.adb:426:7" }
edge: { sourcename: "ada__strings__utf_encoding__wide_wide_strings__encode__3" targetname: "memcpy" }
node: { title: "ada__strings__utf_encoding__wide_wide_strings__encode" label: "Encode\n/home/john/IT/Ada/adacore-downloads-2006/bb-runtimes-community-2020/rpi0-runtime/ravenscar-full-rpi0/gnat/a-suezst.adb:259:4\n40 bytes (static)\n0 dynamic objects" }
edge: { sourcename: "ada__strings__utf_encoding__wide_wide_strings__encode" targetname: "ada__strings__utf_encoding__wide_wide_strings__encode__2" label: "/home/john/IT/Ada/adacore-downloads-2006/bb-runtimes-community-2020/rpi0-runtime/ravenscar-full-rpi0/gnat/a-suezst.adb:266:17" }
edge: { sourcename: "ada__strings__utf_encoding__wide_wide_strings__encode" targetname: "ada__strings__utf_encoding__wide_wide_strings__encode__3" label: "/home/john/IT/Ada/adacore-downloads-2006/bb-runtimes-community-2020/rpi0-runtime/ravenscar-full-rpi0/gnat/a-suezst.adb:268:30" }
node: { title: "ada__strings__utf_encoding__from_utf_16" label: "From_Utf_16\n/home/john/IT/Ada/adacore-downloads-2006/bb-runtimes-community-2020/rpi0-runtime/ravenscar-full-rpi0/gnat/a-stuten.ads:122:13" shape : ellipse }
edge: { sourcename: "ada__strings__utf_encoding__wide_wide_strings__encode" targetname: "ada__strings__utf_encoding__from_utf_16" label: "/home/john/IT/Ada/adacore-downloads-2006/bb-runtimes-community-2020/rpi0-runtime/ravenscar-full-rpi0/gnat/a-suezst.adb:268:17" }
}
