graph: { title: "/home/john/IT/Ada/adacore-downloads-2006/bb-runtimes-community-2020/rpi0-runtime/ravenscar-full-rpi0/gnarl/s-bbexti.adb"
node: { title: "/home/john/IT/Ada/adacore-downloads-2006/bb-runtimes-community-2020/rpi0-runtime/ravenscar-full-rpi0/gnarl/s-bbexti.adb:system__bb__execution_time__scheduling_event" label: "Scheduling_Event\n/home/john/IT/Ada/adacore-downloads-2006/bb-runtimes-community-2020/rpi0-runtime/ravenscar-full-rpi0/gnarl/s-bbexti.adb:217:4\n32 bytes (static)\n0 dynamic objects" }
node: { title: "system__bb__board_support__time__read_clock" label: "Read_Clock\n/home/john/IT/Ada/adacore-downloads-2006/bb-runtimes-community-2020/rpi0-runtime/ravenscar-full-rpi0/gnarl/s-bbbosu.ads:63:16" shape : ellipse }
edge: { sourcename: "/home/john/IT/Ada/adacore-downloads-2006/bb-runtimes-community-2020/rpi0-runtime/ravenscar-full-rpi0/gnarl/s-bbexti.adb:system__bb__execution_time__scheduling_event" targetname: "system__bb__board_support__time__read_clock" label: "/home/john/IT/Ada/adacore-downloads-2006/bb-runtimes-community-2020/rpi0-runtime/ravenscar-full-rpi0/gnarl/s-bbtime.adb:104:53" }
node: { title: "system__bb__interrupts__current_interrupt" label: "Current_Interrupt\n/home/john/IT/Ada/adacore-downloads-2006/bb-runtimes-community-2020/rpi0-runtime/ravenscar-full-rpi0/gnarl/s-bbinte.ads:78:13" shape : ellipse }
edge: { sourcename: "/home/john/IT/Ada/adacore-downloads-2006/bb-runtimes-community-2020/rpi0-runtime/ravenscar-full-rpi0/gnarl/s-bbexti.adb:system__bb__execution_time__scheduling_event" targetname: "system__bb__interrupts__current_interrupt" label: "/home/john/IT/Ada/adacore-downloads-2006/bb-runtimes-community-2020/rpi0-runtime/ravenscar-full-rpi0/gnarl/s-bbexti.adb:234:10" }
edge: { sourcename: "/home/john/IT/Ada/adacore-downloads-2006/bb-runtimes-community-2020/rpi0-runtime/ravenscar-full-rpi0/gnarl/s-bbexti.adb:system__bb__execution_time__scheduling_event" targetname: "system__bb__interrupts__current_interrupt" label: "/home/john/IT/Ada/adacore-downloads-2006/bb-runtimes-community-2020/rpi0-runtime/ravenscar-full-rpi0/gnarl/s-bbexti.adb:243:39" }
edge: { sourcename: "/home/john/IT/Ada/adacore-downloads-2006/bb-runtimes-community-2020/rpi0-runtime/ravenscar-full-rpi0/gnarl/s-bbexti.adb:system__bb__execution_time__scheduling_event" targetname: "system__bb__interrupts__current_interrupt" label: "/home/john/IT/Ada/adacore-downloads-2006/bb-runtimes-community-2020/rpi0-runtime/ravenscar-full-rpi0/gnarl/s-bbexti.adb:242:37" }
node: { title: "system__bb__execution_time__Tcpu_clockBIP" label: "Tcpu_Clockbip\n/home/john/IT/Ada/adacore-downloads-2006/bb-runtimes-community-2020/rpi0-runtime/ravenscar-full-rpi0/gnarl/s-bbexti.adb:59:4\n0 bytes (static)\n0 dynamic objects" }
node: { title: "system__bb__execution_time__elapsed_time" label: "Elapsed_Time\n/home/john/IT/Ada/adacore-downloads-2006/bb-runtimes-community-2020/rpi0-runtime/ravenscar-full-rpi0/gnarl/s-bbexti.adb:94:4\n8 bytes (static)\n0 dynamic objects" }
edge: { sourcename: "system__bb__execution_time__elapsed_time" targetname: "system__bb__board_support__time__read_clock" label: "/home/john/IT/Ada/adacore-downloads-2006/bb-runtimes-community-2020/rpi0-runtime/ravenscar-full-rpi0/gnarl/s-bbtime.adb:104:53" }
node: { title: "system__bb__execution_time__global_interrupt_clock" label: "Global_Interrupt_Clock\n/home/john/IT/Ada/adacore-downloads-2006/bb-runtimes-community-2020/rpi0-runtime/ravenscar-full-rpi0/gnarl/s-bbexti.adb:108:4\n16 bytes (static)\n0 dynamic objects" }
edge: { sourcename: "system__bb__execution_time__global_interrupt_clock" targetname: "system__bb__interrupts__current_interrupt" label: "/home/john/IT/Ada/adacore-downloads-2006/bb-runtimes-community-2020/rpi0-runtime/ravenscar-full-rpi0/gnarl/s-bbexti.adb:130:30" }
edge: { sourcename: "system__bb__execution_time__global_interrupt_clock" targetname: "system__bb__board_support__time__read_clock" label: "/home/john/IT/Ada/adacore-downloads-2006/bb-runtimes-community-2020/rpi0-runtime/ravenscar-full-rpi0/gnarl/s-bbtime.adb:104:53" }
node: { title: "system__bb__protection__leave_kernel" label: "Leave_Kernel\n/home/john/IT/Ada/adacore-downloads-2006/bb-runtimes-community-2020/rpi0-runtime/ravenscar-full-rpi0/gnarl/s-bbprot.ads:54:14" shape : ellipse }
edge: { sourcename: "system__bb__execution_time__global_interrupt_clock" targetname: "system__bb__protection__leave_kernel" label: "/home/john/IT/Ada/adacore-downloads-2006/bb-runtimes-community-2020/rpi0-runtime/ravenscar-full-rpi0/gnarl/s-bbexti.adb:138:27" }
node: { title: "system__bb__execution_time__interrupt_clock" label: "Interrupt_Clock\n/home/john/IT/Ada/adacore-downloads-2006/bb-runtimes-community-2020/rpi0-runtime/ravenscar-full-rpi0/gnarl/s-bbexti.adb:147:4\n16 bytes (static)\n0 dynamic objects" }
edge: { sourcename: "system__bb__execution_time__interrupt_clock" targetname: "system__bb__interrupts__current_interrupt" label: "/home/john/IT/Ada/adacore-downloads-2006/bb-runtimes-community-2020/rpi0-runtime/ravenscar-full-rpi0/gnarl/s-bbexti.adb:170:30" }
edge: { sourcename: "system__bb__execution_time__interrupt_clock" targetname: "system__bb__board_support__time__read_clock" label: "/home/john/IT/Ada/adacore-downloads-2006/bb-runtimes-community-2020/rpi0-runtime/ravenscar-full-rpi0/gnarl/s-bbtime.adb:104:53" }
edge: { sourcename: "system__bb__execution_time__interrupt_clock" targetname: "system__bb__protection__leave_kernel" label: "/home/john/IT/Ada/adacore-downloads-2006/bb-runtimes-community-2020/rpi0-runtime/ravenscar-full-rpi0/gnarl/s-bbexti.adb:178:27" }
node: { title: "system__bb__execution_time__read_execution_time_atomic" label: "Read_Execution_Time_Atomic\n/home/john/IT/Ada/adacore-downloads-2006/bb-runtimes-community-2020/rpi0-runtime/ravenscar-full-rpi0/gnarl/s-bbexti.adb:187:4\n0 bytes (static)\n0 dynamic objects" }
node: { title: "system__bb__execution_time__thread_clock" label: "Thread_Clock\n/home/john/IT/Ada/adacore-downloads-2006/bb-runtimes-community-2020/rpi0-runtime/ravenscar-full-rpi0/gnarl/s-bbexti.adb:267:4\n32 bytes (static)\n0 dynamic objects" }
edge: { sourcename: "system__bb__execution_time__thread_clock" targetname: "system__bb__execution_time__read_execution_time_atomic" label: "/home/john/IT/Ada/adacore-downloads-2006/bb-runtimes-community-2020/rpi0-runtime/ravenscar-full-rpi0/gnarl/s-bbexti.adb:281:14" }
edge: { sourcename: "system__bb__execution_time__thread_clock" targetname: "system__bb__interrupts__current_interrupt" label: "/home/john/IT/Ada/adacore-downloads-2006/bb-runtimes-community-2020/rpi0-runtime/ravenscar-full-rpi0/gnarl/s-bbexti.adb:288:38" }
edge: { sourcename: "system__bb__execution_time__thread_clock" targetname: "system__bb__board_support__time__read_clock" label: "/home/john/IT/Ada/adacore-downloads-2006/bb-runtimes-community-2020/rpi0-runtime/ravenscar-full-rpi0/gnarl/s-bbtime.adb:104:53" }
edge: { sourcename: "system__bb__execution_time__thread_clock" targetname: "system__bb__execution_time__read_execution_time_atomic" label: "/home/john/IT/Ada/adacore-downloads-2006/bb-runtimes-community-2020/rpi0-runtime/ravenscar-full-rpi0/gnarl/s-bbexti.adb:293:17" }
edge: { sourcename: "system__bb__execution_time__thread_clock" targetname: "system__bb__execution_time__read_execution_time_atomic" label: "/home/john/IT/Ada/adacore-downloads-2006/bb-runtimes-community-2020/rpi0-runtime/ravenscar-full-rpi0/gnarl/s-bbexti.adb:303:20" }
node: { title: "system__bb__execution_time___elabb" label: "Execution_Time\n/home/john/IT/Ada/adacore-downloads-2006/bb-runtimes-community-2020/rpi0-runtime/ravenscar-full-rpi0/gnarl/s-bbexti.adb:42:1\n0 bytes (static)\n0 dynamic objects" }
}
