graph: { title: "/home/john/IT/Ada/adacore-downloads-2006/bb-runtimes-community-2020/rpi0-runtime/ravenscar-full-rpi0/gnat/s-pack18.adb"
node: { title: "system__pack_18__clusterIP" label: "Clusterip\n/home/john/IT/Ada/adacore-downloads-2006/bb-runtimes-community-2020/rpi0-runtime/ravenscar-full-rpi0/gnat/s-pack18.adb:48:9\n0 bytes (static)\n0 dynamic objects" }
node: { title: "system__pack_18__rev_clusterIP" label: "Rev_Clusterip\n/home/john/IT/Ada/adacore-downloads-2006/bb-runtimes-community-2020/rpi0-runtime/ravenscar-full-rpi0/gnat/s-pack18.adb:74:9\n0 bytes (static)\n0 dynamic objects" }
node: { title: "system__pack_18__clusteruIP" label: "Clusteruip\n/home/john/IT/Ada/adacore-downloads-2006/bb-runtimes-community-2020/rpi0-runtime/ravenscar-full-rpi0/gnat/s-pack18.adb:84:9\n0 bytes (static)\n0 dynamic objects" }
node: { title: "system__pack_18__rev_clusteruIP" label: "Rev_Clusteruip\n/home/john/IT/Ada/adacore-downloads-2006/bb-runtimes-community-2020/rpi0-runtime/ravenscar-full-rpi0/gnat/s-pack18.adb:89:9\n0 bytes (static)\n0 dynamic objects" }
node: { title: "system__pack_18__get_18" label: "Get_18\n/home/john/IT/Ada/adacore-downloads-2006/bb-runtimes-community-2020/rpi0-runtime/ravenscar-full-rpi0/gnat/s-pack18.adb:98:4\n0 bytes (static)\n0 dynamic objects" }
node: { title: "system__pack_18__getu_18" label: "Getu_18\n/home/john/IT/Ada/adacore-downloads-2006/bb-runtimes-community-2020/rpi0-runtime/ravenscar-full-rpi0/gnat/s-pack18.adb:137:4\n0 bytes (static)\n0 dynamic objects" }
node: { title: "system__pack_18__set_18" label: "Set_18\n/home/john/IT/Ada/adacore-downloads-2006/bb-runtimes-community-2020/rpi0-runtime/ravenscar-full-rpi0/gnat/s-pack18.adb:176:4\n0 bytes (static)\n0 dynamic objects" }
node: { title: "system__pack_18__setu_18" label: "Setu_18\n/home/john/IT/Ada/adacore-downloads-2006/bb-runtimes-community-2020/rpi0-runtime/ravenscar-full-rpi0/gnat/s-pack18.adb:215:4\n0 bytes (static)\n0 dynamic objects" }
}
