graph: { title: "/home/john/IT/Ada/adacore-downloads-2006/bb-runtimes-community-2020/rpi0-runtime/ravenscar-full-rpi0/gnat/s-pack56.adb"
node: { title: "system__pack_56__clusterIP" label: "Clusterip\n/home/john/IT/Ada/adacore-downloads-2006/bb-runtimes-community-2020/rpi0-runtime/ravenscar-full-rpi0/gnat/s-pack56.adb:48:9\n0 bytes (static)\n0 dynamic objects" }
node: { title: "system__pack_56__rev_clusterIP" label: "Rev_Clusterip\n/home/john/IT/Ada/adacore-downloads-2006/bb-runtimes-community-2020/rpi0-runtime/ravenscar-full-rpi0/gnat/s-pack56.adb:74:9\n0 bytes (static)\n0 dynamic objects" }
node: { title: "system__pack_56__clusteruIP" label: "Clusteruip\n/home/john/IT/Ada/adacore-downloads-2006/bb-runtimes-community-2020/rpi0-runtime/ravenscar-full-rpi0/gnat/s-pack56.adb:84:9\n0 bytes (static)\n0 dynamic objects" }
node: { title: "system__pack_56__rev_clusteruIP" label: "Rev_Clusteruip\n/home/john/IT/Ada/adacore-downloads-2006/bb-runtimes-community-2020/rpi0-runtime/ravenscar-full-rpi0/gnat/s-pack56.adb:89:9\n0 bytes (static)\n0 dynamic objects" }
node: { title: "system__pack_56__get_56" label: "Get_56\n/home/john/IT/Ada/adacore-downloads-2006/bb-runtimes-community-2020/rpi0-runtime/ravenscar-full-rpi0/gnat/s-pack56.adb:98:4\n0 bytes (static)\n0 dynamic objects" }
node: { title: "system__pack_56__getu_56" label: "Getu_56\n/home/john/IT/Ada/adacore-downloads-2006/bb-runtimes-community-2020/rpi0-runtime/ravenscar-full-rpi0/gnat/s-pack56.adb:137:4\n12 bytes (static)\n0 dynamic objects" }
node: { title: "system__pack_56__set_56" label: "Set_56\n/home/john/IT/Ada/adacore-downloads-2006/bb-runtimes-community-2020/rpi0-runtime/ravenscar-full-rpi0/gnat/s-pack56.adb:176:4\n8 bytes (static)\n0 dynamic objects" }
node: { title: "system__pack_56__setu_56" label: "Setu_56\n/home/john/IT/Ada/adacore-downloads-2006/bb-runtimes-community-2020/rpi0-runtime/ravenscar-full-rpi0/gnat/s-pack56.adb:215:4\n8 bytes (static)\n0 dynamic objects" }
}
