graph: { title: "/home/john/IT/Ada/adacore-downloads-2006/bb-runtimes-community-2020/rpi0-runtime/ravenscar-full-rpi0/gnat/s-pack49.adb"
node: { title: "system__pack_49__clusterIP" label: "Clusterip\n/home/john/IT/Ada/adacore-downloads-2006/bb-runtimes-community-2020/rpi0-runtime/ravenscar-full-rpi0/gnat/s-pack49.adb:48:9\n0 bytes (static)\n0 dynamic objects" }
node: { title: "system__pack_49__rev_clusterIP" label: "Rev_Clusterip\n/home/john/IT/Ada/adacore-downloads-2006/bb-runtimes-community-2020/rpi0-runtime/ravenscar-full-rpi0/gnat/s-pack49.adb:74:9\n0 bytes (static)\n0 dynamic objects" }
node: { title: "system__pack_49__get_49" label: "Get_49\n/home/john/IT/Ada/adacore-downloads-2006/bb-runtimes-community-2020/rpi0-runtime/ravenscar-full-rpi0/gnat/s-pack49.adb:83:4\n8 bytes (static)\n0 dynamic objects" }
node: { title: "system__pack_49__set_49" label: "Set_49\n/home/john/IT/Ada/adacore-downloads-2006/bb-runtimes-community-2020/rpi0-runtime/ravenscar-full-rpi0/gnat/s-pack49.adb:122:4\n12 bytes (static)\n0 dynamic objects" }
}
