graph: { title: "/home/john/IT/Ada/adacore-downloads-2006/bb-runtimes-community-2020/rpi0-runtime/ravenscar-full-rpi0/gnat/s-pooglo.adb"
edge: { sourcename: "system__pool_global__Tunbounded_no_reclaim_poolCFD"
  targetname: "-9:system__pool_global__unbounded_no_reclaim_pool,system__pool_global__unbounded_no_reclaim_pool"
  label: "s-pooglo.ads:53:9"
}
class {
  classname: "system__pool_global__unbounded_no_reclaim_pool"
  label: "system__pool_global__unbounded_no_reclaim_pool\s-pooglo.ads:53:9"
  parent: "system__storage_pools__root_storage_pool"
  virtuals: "-1:system__pool_global___size,-1:system__storage_pools__root_storage_pool\n
             -9:system__pool_global__unbounded_no_reclaim_poolDF,-9:system__storage_pools__root_storage_pool\n
             4:system__pool_global__allocate,4:system__storage_pools__root_storage_pool\n
             5:system__pool_global__deallocate,5:system__storage_pools__root_storage_pool\n
             6:system__pool_global__storage_size,6:system__storage_pools__root_storage_pool"
}
node: { title: "system__pool_global___size" label: "Pool_Global\n/home/john/IT/Ada/adacore-downloads-2006/bb-runtimes-community-2020/rpi0-runtime/ravenscar-full-rpi0/gnat/s-pooglo.ads:53:9\n0 bytes (static)\n0 dynamic objects" }
node: { title: "system__pool_global__unbounded_no_reclaim_poolDF" label: "Unbounded_No_Reclaim_Pooldf\n/home/john/IT/Ada/adacore-downloads-2006/bb-runtimes-community-2020/rpi0-runtime/ravenscar-full-rpi0/gnat/s-pooglo.ads:53:9\n0 bytes (static)\n0 dynamic objects" }
node: { title: "system__pool_global__storage_size" label: "Storage_Size\n/home/john/IT/Ada/adacore-downloads-2006/bb-runtimes-community-2020/rpi0-runtime/ravenscar-full-rpi0/gnat/s-pooglo.adb:142:15\n0 bytes (static)\n0 dynamic objects" }
node: { title: "system__pool_global__allocate" label: "Allocate\n/home/john/IT/Ada/adacore-downloads-2006/bb-runtimes-community-2020/rpi0-runtime/ravenscar-full-rpi0/gnat/s-pooglo.adb:43:15\n16 bytes (static)\n0 dynamic objects" }
node: { title: "__gnat_malloc" label: "gnat_malloc\n<built-in>" shape : ellipse }
edge: { sourcename: "system__pool_global__allocate" targetname: "__gnat_malloc" label: "/home/john/IT/Ada/adacore-downloads-2006/bb-runtimes-community-2020/rpi0-runtime/ravenscar-full-rpi0/gnat/s-pooglo.adb:61:26" }
node: { title: "__gnat_rcheck_SE_Explicit_Raise" label: "gnat_rcheck_SE_Explicit_Raise\n<built-in>" shape : ellipse }
edge: { sourcename: "system__pool_global__allocate" targetname: "__gnat_rcheck_SE_Explicit_Raise" label: "/home/john/IT/Ada/adacore-downloads-2006/bb-runtimes-community-2020/rpi0-runtime/ravenscar-full-rpi0/gnat/s-pooglo.adb:68:10" }
node: { title: "__aeabi_uidivmod" label: "aeabi_uidivmod\n<built-in>" shape : ellipse }
edge: { sourcename: "system__pool_global__allocate" targetname: "__aeabi_uidivmod" }
edge: { sourcename: "system__pool_global__allocate" targetname: "__gnat_malloc" label: "/home/john/IT/Ada/adacore-downloads-2006/bb-runtimes-community-2020/rpi0-runtime/ravenscar-full-rpi0/gnat/s-pooglo.adb:61:26" }
node: { title: "system__pool_global__deallocate" label: "Deallocate\n/home/john/IT/Ada/adacore-downloads-2006/bb-runtimes-community-2020/rpi0-runtime/ravenscar-full-rpi0/gnat/s-pooglo.adb:105:15\n0 bytes (static)\n0 dynamic objects" }
node: { title: "__gnat_free" label: "Free\n/home/john/IT/Ada/adacore-downloads-2006/bb-runtimes-community-2020/rpi0-runtime/ravenscar-full-rpi0/gnat/s-memory.ads:68:14" shape : ellipse }
edge: { sourcename: "system__pool_global__deallocate" targetname: "__gnat_free" label: "/home/john/IT/Ada/adacore-downloads-2006/bb-runtimes-community-2020/rpi0-runtime/ravenscar-full-rpi0/gnat/s-pooglo.adb:130:19" }
edge: { sourcename: "system__pool_global__deallocate" targetname: "__gnat_free" label: "/home/john/IT/Ada/adacore-downloads-2006/bb-runtimes-community-2020/rpi0-runtime/ravenscar-full-rpi0/gnat/s-pooglo.adb:134:16" }
node: { title: "system__pool_global__unbounded_no_reclaim_poolIP" label: "Unbounded_No_Reclaim_Poolip\n/home/john/IT/Ada/adacore-downloads-2006/bb-runtimes-community-2020/rpi0-runtime/ravenscar-full-rpi0/gnat/s-pooglo.ads:53:9\n0 bytes (static)\n0 dynamic objects" }
node: { title: "system__pool_global__unbounded_no_reclaim_poolFD" label: "Unbounded_No_Reclaim_Poolfd\n/home/john/IT/Ada/adacore-downloads-2006/bb-runtimes-community-2020/rpi0-runtime/ravenscar-full-rpi0/gnat/s-pooglo.ads:53:9\n0 bytes (static)\n0 dynamic objects" }
node: { title: "system__pool_global__Tunbounded_no_reclaim_poolCFD" label: "Tunbounded_No_Reclaim_Poolcfd\n/home/john/IT/Ada/adacore-downloads-2006/bb-runtimes-community-2020/rpi0-runtime/ravenscar-full-rpi0/gnat/s-pooglo.ads:53:9\n0 bytes (static)\n0 dynamic objects" }
node: { title: "__indirect_call" label: "Indirect Call Placeholder" shape : ellipse }
edge: { sourcename: "system__pool_global__Tunbounded_no_reclaim_poolCFD" targetname: "__indirect_call" label: "/home/john/IT/Ada/adacore-downloads-2006/bb-runtimes-community-2020/rpi0-runtime/ravenscar-full-rpi0/gnat/s-pooglo.ads:53:9" }
node: { title: "system__pool_global__finalize_spec" label: "Finalize_Spec\n/home/john/IT/Ada/adacore-downloads-2006/bb-runtimes-community-2020/rpi0-runtime/ravenscar-full-rpi0/gnat/s-pooglo.ads:39:1\n0 bytes (static)\n0 dynamic objects" }
node: { title: "ada__tags__unregister_tag" label: "Unregister_Tag\n/home/john/IT/Ada/adacore-downloads-2006/bb-runtimes-community-2020/rpi0-runtime/ravenscar-full-rpi0/gnat/a-tags.ads:588:14" shape : ellipse }
edge: { sourcename: "system__pool_global__finalize_spec" targetname: "ada__tags__unregister_tag" label: "/home/john/IT/Ada/adacore-downloads-2006/bb-runtimes-community-2020/rpi0-runtime/ravenscar-full-rpi0/gnat/s-pooglo.ads:39:1" }
node: { title: "system__pool_global___elabs" label: "Pool_Global\n/home/john/IT/Ada/adacore-downloads-2006/bb-runtimes-community-2020/rpi0-runtime/ravenscar-full-rpi0/gnat/s-pooglo.ads:39:1\n8 bytes (static)\n0 dynamic objects" }
node: { title: "ada__tags__register_tag" label: "Register_Tag\n/home/john/IT/Ada/adacore-downloads-2006/bb-runtimes-community-2020/rpi0-runtime/ravenscar-full-rpi0/gnat/a-tags.ads:552:14" shape : ellipse }
edge: { sourcename: "system__pool_global___elabs" targetname: "ada__tags__register_tag" label: "/home/john/IT/Ada/adacore-downloads-2006/bb-runtimes-community-2020/rpi0-runtime/ravenscar-full-rpi0/gnat/s-pooglo.ads:53:9" }
}
