graph: { title: "/home/john/IT/Ada/adacore-downloads-2006/bb-runtimes-community-2020/rpi0-runtime/ravenscar-full-rpi0/gnat/s-stopoo.adb"
edge: { sourcename: "system__storage_pools__Troot_storage_poolCFD"
  targetname: "-9:system__storage_pools__root_storage_pool,system__storage_pools__root_storage_pool"
  label: "s-stopoo.ads:42:9"
}
class {
  classname: "system__storage_pools__root_storage_pool"
  label: "system__storage_pools__root_storage_pool\s-stopoo.ads:42:9"
  parent: "ada__finalization__limited_controlled"
  virtuals: "-1:system__storage_pools___size__2,-1:ada__finalization__limited_controlled\n
             -9:system__storage_pools__root_storage_poolDF__2,-9:ada__finalization__limited_controlled\n
             4:system__storage_pools__allocate\n
             5:system__storage_pools__deallocate\n
             6:system__storage_pools__storage_size"
}
edge: { sourcename: "system__storage_pools__allocate_any"
  targetname: "4:system__storage_pools__root_storage_pool,system__storage_pools__root_storage_pool"
  label: "s-stopoo.adb:45:7"
}
edge: { sourcename: "system__storage_pools__deallocate_any"
  targetname: "5:system__storage_pools__root_storage_pool,system__storage_pools__root_storage_pool"
  label: "s-stopoo.adb:59:7"
}
node: { title: "system__storage_pools___size__2" label: "Storage_Pools\n/home/john/IT/Ada/adacore-downloads-2006/bb-runtimes-community-2020/rpi0-runtime/ravenscar-full-rpi0/gnat/s-stopoo.ads:66:9\n0 bytes (static)\n0 dynamic objects" }
node: { title: "system__storage_pools__root_storage_poolDF__2" label: "Root_Storage_Pooldf\n/home/john/IT/Ada/adacore-downloads-2006/bb-runtimes-community-2020/rpi0-runtime/ravenscar-full-rpi0/gnat/s-stopoo.ads:66:9\n0 bytes (static)\n0 dynamic objects" }
node: { title: "system__storage_pools__root_storage_poolIP" label: "Root_Storage_Poolip\n/home/john/IT/Ada/adacore-downloads-2006/bb-runtimes-community-2020/rpi0-runtime/ravenscar-full-rpi0/gnat/s-stopoo.ads:66:9\n0 bytes (static)\n0 dynamic objects" }
node: { title: "system__storage_pools__root_storage_poolFD" label: "Root_Storage_Poolfd\n/home/john/IT/Ada/adacore-downloads-2006/bb-runtimes-community-2020/rpi0-runtime/ravenscar-full-rpi0/gnat/s-stopoo.ads:66:9\n0 bytes (static)\n0 dynamic objects" }
node: { title: "system__storage_pools__Troot_storage_poolCFD" label: "Troot_Storage_Poolcfd\n/home/john/IT/Ada/adacore-downloads-2006/bb-runtimes-community-2020/rpi0-runtime/ravenscar-full-rpi0/gnat/s-stopoo.ads:42:9\n0 bytes (static)\n0 dynamic objects" }
node: { title: "__indirect_call" label: "Indirect Call Placeholder" shape : ellipse }
edge: { sourcename: "system__storage_pools__Troot_storage_poolCFD" targetname: "__indirect_call" label: "/home/john/IT/Ada/adacore-downloads-2006/bb-runtimes-community-2020/rpi0-runtime/ravenscar-full-rpi0/gnat/s-stopoo.ads:42:9" }
node: { title: "system__storage_pools__allocate_any" label: "Allocate_Any\n/home/john/IT/Ada/adacore-downloads-2006/bb-runtimes-community-2020/rpi0-runtime/ravenscar-full-rpi0/gnat/s-stopoo.adb:38:4\n0 bytes (static)\n0 dynamic objects" }
edge: { sourcename: "system__storage_pools__allocate_any" targetname: "__indirect_call" label: "/home/john/IT/Ada/adacore-downloads-2006/bb-runtimes-community-2020/rpi0-runtime/ravenscar-full-rpi0/gnat/s-stopoo.adb:45:7" }
node: { title: "system__storage_pools__deallocate_any" label: "Deallocate_Any\n/home/john/IT/Ada/adacore-downloads-2006/bb-runtimes-community-2020/rpi0-runtime/ravenscar-full-rpi0/gnat/s-stopoo.adb:52:4\n4 bytes (static)\n0 dynamic objects" }
edge: { sourcename: "system__storage_pools__deallocate_any" targetname: "__indirect_call" label: "/home/john/IT/Ada/adacore-downloads-2006/bb-runtimes-community-2020/rpi0-runtime/ravenscar-full-rpi0/gnat/s-stopoo.adb:59:7" }
node: { title: "system__storage_pools___elabs" label: "Storage_Pools\n/home/john/IT/Ada/adacore-downloads-2006/bb-runtimes-community-2020/rpi0-runtime/ravenscar-full-rpi0/gnat/s-stopoo.ads:39:1\n0 bytes (static)\n0 dynamic objects" }
node: { title: "ada__tags__register_tag" label: "Register_Tag\n/home/john/IT/Ada/adacore-downloads-2006/bb-runtimes-community-2020/rpi0-runtime/ravenscar-full-rpi0/gnat/a-tags.ads:552:14" shape : ellipse }
edge: { sourcename: "system__storage_pools___elabs" targetname: "ada__tags__register_tag" label: "/home/john/IT/Ada/adacore-downloads-2006/bb-runtimes-community-2020/rpi0-runtime/ravenscar-full-rpi0/gnat/s-stopoo.ads:66:9" }
}
