graph: { title: "/home/john/IT/Ada/adacore-downloads-2006/bb-runtimes-community-2020/rpi0-runtime/ravenscar-full-rpi0/gnat/s-valuns.adb"
node: { title: "system__val_uns__scan_raw_unsigned" label: "Scan_Raw_Unsigned\n/home/john/IT/Ada/adacore-downloads-2006/bb-runtimes-community-2020/rpi0-runtime/ravenscar-full-rpi0/gnat/s-valuns.adb:41:4\n80 bytes (static)\n0 dynamic objects" }
node: { title: "__gnat_raise_exception" label: "Raise_Exception_Always\n/home/john/IT/Ada/adacore-downloads-2006/bb-runtimes-community-2020/rpi0-runtime/ravenscar-full-rpi0/gnat/a-except.ads:182:14" shape : ellipse }
edge: { sourcename: "system__val_uns__scan_raw_unsigned" targetname: "__gnat_raise_exception" label: "/home/john/IT/Ada/adacore-downloads-2006/bb-runtimes-community-2020/rpi0-runtime/ravenscar-full-rpi0/gnat/s-valuns.adb:71:10" }
node: { title: "system__val_util__scan_underscore" label: "Scan_Underscore\n/home/john/IT/Ada/adacore-downloads-2006/bb-runtimes-community-2020/rpi0-runtime/ravenscar-full-rpi0/gnat/s-valuti.ads:109:14" shape : ellipse }
edge: { sourcename: "system__val_uns__scan_raw_unsigned" targetname: "system__val_util__scan_underscore" label: "/home/john/IT/Ada/adacore-downloads-2006/bb-runtimes-community-2020/rpi0-runtime/ravenscar-full-rpi0/gnat/s-valuns.adb:100:19" }
node: { title: "__aeabi_uidiv" label: "aeabi_uidiv\n<built-in>" shape : ellipse }
edge: { sourcename: "system__val_uns__scan_raw_unsigned" targetname: "__aeabi_uidiv" }
edge: { sourcename: "system__val_uns__scan_raw_unsigned" targetname: "__aeabi_uidiv" }
node: { title: "system__val_util__bad_value" label: "Bad_Value\n/home/john/IT/Ada/adacore-downloads-2006/bb-runtimes-community-2020/rpi0-runtime/ravenscar-full-rpi0/gnat/s-valuti.ads:37:14" shape : ellipse }
edge: { sourcename: "system__val_uns__scan_raw_unsigned" targetname: "system__val_util__bad_value" label: "/home/john/IT/Ada/adacore-downloads-2006/bb-runtimes-community-2020/rpi0-runtime/ravenscar-full-rpi0/gnat/s-valuns.adb:216:19" }
edge: { sourcename: "system__val_uns__scan_raw_unsigned" targetname: "system__val_util__scan_underscore" label: "/home/john/IT/Ada/adacore-downloads-2006/bb-runtimes-community-2020/rpi0-runtime/ravenscar-full-rpi0/gnat/s-valuns.adb:228:19" }
node: { title: "system__val_util__scan_exponent" label: "Scan_Exponent\n/home/john/IT/Ada/adacore-downloads-2006/bb-runtimes-community-2020/rpi0-runtime/ravenscar-full-rpi0/gnat/s-valuti.ads:86:13" shape : ellipse }
edge: { sourcename: "system__val_uns__scan_raw_unsigned" targetname: "system__val_util__scan_exponent" label: "/home/john/IT/Ada/adacore-downloads-2006/bb-runtimes-community-2020/rpi0-runtime/ravenscar-full-rpi0/gnat/s-valuns.adb:238:16" }
edge: { sourcename: "system__val_uns__scan_raw_unsigned" targetname: "system__val_util__bad_value" label: "/home/john/IT/Ada/adacore-downloads-2006/bb-runtimes-community-2020/rpi0-runtime/ravenscar-full-rpi0/gnat/s-valuns.adb:265:10" }
node: { title: "system__val_uns__scan_unsigned" label: "Scan_Unsigned\n/home/john/IT/Ada/adacore-downloads-2006/bb-runtimes-community-2020/rpi0-runtime/ravenscar-full-rpi0/gnat/s-valuns.adb:275:4\n40 bytes (static)\n0 dynamic objects" }
node: { title: "system__val_util__scan_plus_sign" label: "Scan_Plus_Sign\n/home/john/IT/Ada/adacore-downloads-2006/bb-runtimes-community-2020/rpi0-runtime/ravenscar-full-rpi0/gnat/s-valuti.ads:78:14" shape : ellipse }
edge: { sourcename: "system__val_uns__scan_unsigned" targetname: "system__val_util__scan_plus_sign" label: "/home/john/IT/Ada/adacore-downloads-2006/bb-runtimes-community-2020/rpi0-runtime/ravenscar-full-rpi0/gnat/s-valuns.adb:284:7" }
edge: { sourcename: "system__val_uns__scan_unsigned" targetname: "system__val_util__bad_value" label: "/home/john/IT/Ada/adacore-downloads-2006/bb-runtimes-community-2020/rpi0-runtime/ravenscar-full-rpi0/gnat/s-valuns.adb:288:10" }
edge: { sourcename: "system__val_uns__scan_unsigned" targetname: "system__val_uns__scan_raw_unsigned" label: "/home/john/IT/Ada/adacore-downloads-2006/bb-runtimes-community-2020/rpi0-runtime/ravenscar-full-rpi0/gnat/s-valuns.adb:291:14" }
node: { title: "system__val_uns__value_unsigned" label: "Value_Unsigned\n/home/john/IT/Ada/adacore-downloads-2006/bb-runtimes-community-2020/rpi0-runtime/ravenscar-full-rpi0/gnat/s-valuns.adb:298:4\n32 bytes (static)\n0 dynamic objects" }
edge: { sourcename: "system__val_uns__value_unsigned" targetname: "system__val_uns__value_unsigned" label: "/home/john/IT/Ada/adacore-downloads-2006/bb-runtimes-community-2020/rpi0-runtime/ravenscar-full-rpi0/gnat/s-valuns.adb:308:20" }
edge: { sourcename: "system__val_uns__value_unsigned" targetname: "system__val_uns__scan_unsigned" label: "/home/john/IT/Ada/adacore-downloads-2006/bb-runtimes-community-2020/rpi0-runtime/ravenscar-full-rpi0/gnat/s-valuns.adb:318:18" }
node: { title: "system__val_util__scan_trailing_blanks" label: "Scan_Trailing_Blanks\n/home/john/IT/Ada/adacore-downloads-2006/bb-runtimes-community-2020/rpi0-runtime/ravenscar-full-rpi0/gnat/s-valuti.ads:105:14" shape : ellipse }
edge: { sourcename: "system__val_uns__value_unsigned" targetname: "system__val_util__scan_trailing_blanks" label: "/home/john/IT/Ada/adacore-downloads-2006/bb-runtimes-community-2020/rpi0-runtime/ravenscar-full-rpi0/gnat/s-valuns.adb:319:13" }
}
