graph: { title: "/home/john/IT/Ada/adacore-downloads-2006/bb-runtimes-community-2020/rpi0-runtime/ravenscar-full-rpi0/gnat/s-wchcon.adb"
node: { title: "system__wch_con__get_wc_encoding_method" label: "Get_Wc_Encoding_Method\n/home/john/IT/Ada/adacore-downloads-2006/bb-runtimes-community-2020/rpi0-runtime/ravenscar-full-rpi0/gnat/s-wchcon.adb:40:4\n8 bytes (static)\n0 dynamic objects" }
node: { title: "__gnat_rcheck_CE_Explicit_Raise" label: "gnat_rcheck_CE_Explicit_Raise\n<built-in>" shape : ellipse }
edge: { sourcename: "system__wch_con__get_wc_encoding_method" targetname: "__gnat_rcheck_CE_Explicit_Raise" label: "/home/john/IT/Ada/adacore-downloads-2006/bb-runtimes-community-2020/rpi0-runtime/ravenscar-full-rpi0/gnat/s-wchcon.adb:48:7" }
node: { title: "system__wch_con__get_wc_encoding_method__2" label: "Get_Wc_Encoding_Method\n/home/john/IT/Ada/adacore-downloads-2006/bb-runtimes-community-2020/rpi0-runtime/ravenscar-full-rpi0/gnat/s-wchcon.adb:51:4\n8 bytes (static)\n0 dynamic objects" }
node: { title: "memcmp" label: "builtin_memcmp\n<built-in>" shape : ellipse }
edge: { sourcename: "system__wch_con__get_wc_encoding_method__2" targetname: "memcmp" label: "/home/john/IT/Ada/adacore-downloads-2006/bb-runtimes-community-2020/rpi0-runtime/ravenscar-full-rpi0/gnat/s-wchcon.adb:55:15" }
edge: { sourcename: "system__wch_con__get_wc_encoding_method__2" targetname: "memcmp" label: "/home/john/IT/Ada/adacore-downloads-2006/bb-runtimes-community-2020/rpi0-runtime/ravenscar-full-rpi0/gnat/s-wchcon.adb:57:15" }
edge: { sourcename: "system__wch_con__get_wc_encoding_method__2" targetname: "memcmp" label: "/home/john/IT/Ada/adacore-downloads-2006/bb-runtimes-community-2020/rpi0-runtime/ravenscar-full-rpi0/gnat/s-wchcon.adb:63:15" }
edge: { sourcename: "system__wch_con__get_wc_encoding_method__2" targetname: "__gnat_rcheck_CE_Explicit_Raise" label: "/home/john/IT/Ada/adacore-downloads-2006/bb-runtimes-community-2020/rpi0-runtime/ravenscar-full-rpi0/gnat/s-wchcon.adb:66:10" }
node: { title: "system__wch_con__is_start_of_encoding" label: "Is_Start_Of_Encoding\n/home/john/IT/Ada/adacore-downloads-2006/bb-runtimes-community-2020/rpi0-runtime/ravenscar-full-rpi0/gnat/s-wchcon.adb:74:4\n0 bytes (static)\n0 dynamic objects" }
}
