graph: { title: "/home/john/IT/Ada/adacore-downloads-2006/bb-runtimes-community-2020/rpi0-runtime/zfp-rpi0/gnat/a-tags.adb"
node: { title: "ada__tags__tag_tableIP" label: "Tag_Tableip\n/home/john/IT/Ada/adacore-downloads-2006/bb-runtimes-community-2020/rpi0-runtime/zfp-rpi0/gnat/a-tags.ads:132:9\n16 bytes (static)\n0 dynamic objects" }
node: { title: "ada__tags__address_arrayIP" label: "Address_Arrayip\n/home/john/IT/Ada/adacore-downloads-2006/bb-runtimes-community-2020/rpi0-runtime/zfp-rpi0/gnat/a-tags.ads:135:9\n16 bytes (static)\n0 dynamic objects" }
node: { title: "ada__tags__type_specific_dataIP" label: "Type_Specific_Dataip\n/home/john/IT/Ada/adacore-downloads-2006/bb-runtimes-community-2020/rpi0-runtime/zfp-rpi0/gnat/a-tags.ads:158:9\n24 bytes (static)\n0 dynamic objects" }
edge: { sourcename: "ada__tags__type_specific_dataIP" targetname: "ada__tags__tag_tableIP" label: "/home/john/IT/Ada/adacore-downloads-2006/bb-runtimes-community-2020/rpi0-runtime/zfp-rpi0/gnat/a-tags.ads:191:7" }
node: { title: "ada__tags__dispatch_table_wrapperIP" label: "Dispatch_Table_Wrapperip\n/home/john/IT/Ada/adacore-downloads-2006/bb-runtimes-community-2020/rpi0-runtime/zfp-rpi0/gnat/a-tags.ads:199:9\n24 bytes (static)\n0 dynamic objects" }
edge: { sourcename: "ada__tags__dispatch_table_wrapperIP" targetname: "ada__tags__address_arrayIP" label: "/home/john/IT/Ada/adacore-downloads-2006/bb-runtimes-community-2020/rpi0-runtime/zfp-rpi0/gnat/a-tags.ads:213:7" }
node: { title: "ada__tags__no_dispatch_table_wrapperIP" label: "No_Dispatch_Table_Wrapperip\n/home/john/IT/Ada/adacore-downloads-2006/bb-runtimes-community-2020/rpi0-runtime/zfp-rpi0/gnat/a-tags.ads:222:9\n16 bytes (static)\n0 dynamic objects" }
node: { title: "ada__tags__expanded_name" label: "Expanded_Name\n/home/john/IT/Ada/adacore-downloads-2006/bb-runtimes-community-2020/rpi0-runtime/zfp-rpi0/gnat/a-tags.adb:63:4\n120 bytes (dynamic)\n0 dynamic objects" }
node: { title: "__gnat_last_chance_handler" label: "Last_Chance_Handler\n/home/john/IT/Ada/adacore-downloads-2006/bb-runtimes-community-2020/rpi0-runtime/zfp-rpi0/gnat/a-except.adb:43:17" shape : ellipse }
edge: { sourcename: "ada__tags__expanded_name" targetname: "__gnat_last_chance_handler" label: "/home/john/IT/Ada/adacore-downloads-2006/bb-runtimes-community-2020/rpi0-runtime/zfp-rpi0/gnat/a-tags.adb:70:10" }
node: { title: "__gnat_last_chance_handler" label: "gnat_last_chance_handler\n<built-in>" shape : ellipse }
edge: { sourcename: "ada__tags__expanded_name" targetname: "__gnat_last_chance_handler" label: "/home/john/IT/Ada/adacore-downloads-2006/bb-runtimes-community-2020/rpi0-runtime/zfp-rpi0/gnat/a-tags.adb:70:10" }
edge: { sourcename: "ada__tags__expanded_name" targetname: "__gnat_last_chance_handler" label: "/home/john/IT/Ada/adacore-downloads-2006/bb-runtimes-community-2020/rpi0-runtime/zfp-rpi0/gnat/a-tags.adb:70:10" }
edge: { sourcename: "ada__tags__expanded_name" targetname: "__gnat_last_chance_handler" label: "/home/john/IT/Ada/adacore-downloads-2006/bb-runtimes-community-2020/rpi0-runtime/zfp-rpi0/gnat/a-tags.adb:70:10" }
edge: { sourcename: "ada__tags__expanded_name" targetname: "__gnat_last_chance_handler" label: "/home/john/IT/Ada/adacore-downloads-2006/bb-runtimes-community-2020/rpi0-runtime/zfp-rpi0/gnat/a-tags.adb:70:10" }
node: { title: "memcpy" label: "builtin_memcpy\n<built-in>" shape : ellipse }
edge: { sourcename: "ada__tags__expanded_name" targetname: "memcpy" }
edge: { sourcename: "ada__tags__expanded_name" targetname: "__gnat_last_chance_handler" label: "/home/john/IT/Ada/adacore-downloads-2006/bb-runtimes-community-2020/rpi0-runtime/zfp-rpi0/gnat/a-tags.adb:70:10" }
edge: { sourcename: "ada__tags__expanded_name" targetname: "__gnat_last_chance_handler" label: "/home/john/IT/Ada/adacore-downloads-2006/bb-runtimes-community-2020/rpi0-runtime/zfp-rpi0/gnat/a-tags.adb:70:10" }
edge: { sourcename: "ada__tags__expanded_name" targetname: "__gnat_last_chance_handler" label: "/home/john/IT/Ada/adacore-downloads-2006/bb-runtimes-community-2020/rpi0-runtime/zfp-rpi0/gnat/a-tags.adb:74:53" }
edge: { sourcename: "ada__tags__expanded_name" targetname: "__gnat_last_chance_handler" label: "/home/john/IT/Ada/adacore-downloads-2006/bb-runtimes-community-2020/rpi0-runtime/zfp-rpi0/gnat/a-tags.adb:75:21" }
edge: { sourcename: "ada__tags__expanded_name" targetname: "/home/john/IT/Ada/adacore-downloads-2006/bb-runtimes-community-2020/rpi0-runtime/zfp-rpi0/gnat/a-tags.adb:ada__tags__length" label: "/home/john/IT/Ada/adacore-downloads-2006/bb-runtimes-community-2020/rpi0-runtime/zfp-rpi0/gnat/a-tags.adb:76:27" }
edge: { sourcename: "ada__tags__expanded_name" targetname: "__gnat_last_chance_handler" label: "/home/john/IT/Ada/adacore-downloads-2006/bb-runtimes-community-2020/rpi0-runtime/zfp-rpi0/gnat/a-tags.adb:76:14" }
node: { title: "system__secondary_stack__ss_allocate" label: "Ss_Allocate\n/home/john/IT/Ada/adacore-downloads-2006/bb-runtimes-community-2020/rpi0-runtime/zfp-rpi0/gnat/s-secsta.ads:58:14" shape : ellipse }
edge: { sourcename: "ada__tags__expanded_name" targetname: "system__secondary_stack__ss_allocate" label: "/home/john/IT/Ada/adacore-downloads-2006/bb-runtimes-community-2020/rpi0-runtime/zfp-rpi0/gnat/a-tags.adb:76:7" }
edge: { sourcename: "ada__tags__expanded_name" targetname: "memcpy" }
node: { title: "ada__tags__external_tag" label: "External_Tag\n/home/john/IT/Ada/adacore-downloads-2006/bb-runtimes-community-2020/rpi0-runtime/zfp-rpi0/gnat/a-tags.adb:83:4\n120 bytes (dynamic)\n0 dynamic objects" }
edge: { sourcename: "ada__tags__external_tag" targetname: "__gnat_last_chance_handler" label: "/home/john/IT/Ada/adacore-downloads-2006/bb-runtimes-community-2020/rpi0-runtime/zfp-rpi0/gnat/a-tags.adb:90:10" }
edge: { sourcename: "ada__tags__external_tag" targetname: "__gnat_last_chance_handler" label: "/home/john/IT/Ada/adacore-downloads-2006/bb-runtimes-community-2020/rpi0-runtime/zfp-rpi0/gnat/a-tags.adb:90:10" }
edge: { sourcename: "ada__tags__external_tag" targetname: "__gnat_last_chance_handler" label: "/home/john/IT/Ada/adacore-downloads-2006/bb-runtimes-community-2020/rpi0-runtime/zfp-rpi0/gnat/a-tags.adb:90:10" }
edge: { sourcename: "ada__tags__external_tag" targetname: "__gnat_last_chance_handler" label: "/home/john/IT/Ada/adacore-downloads-2006/bb-runtimes-community-2020/rpi0-runtime/zfp-rpi0/gnat/a-tags.adb:90:10" }
edge: { sourcename: "ada__tags__external_tag" targetname: "__gnat_last_chance_handler" label: "/home/john/IT/Ada/adacore-downloads-2006/bb-runtimes-community-2020/rpi0-runtime/zfp-rpi0/gnat/a-tags.adb:90:10" }
edge: { sourcename: "ada__tags__external_tag" targetname: "memcpy" }
edge: { sourcename: "ada__tags__external_tag" targetname: "__gnat_last_chance_handler" label: "/home/john/IT/Ada/adacore-downloads-2006/bb-runtimes-community-2020/rpi0-runtime/zfp-rpi0/gnat/a-tags.adb:90:10" }
edge: { sourcename: "ada__tags__external_tag" targetname: "__gnat_last_chance_handler" label: "/home/john/IT/Ada/adacore-downloads-2006/bb-runtimes-community-2020/rpi0-runtime/zfp-rpi0/gnat/a-tags.adb:90:10" }
edge: { sourcename: "ada__tags__external_tag" targetname: "__gnat_last_chance_handler" label: "/home/john/IT/Ada/adacore-downloads-2006/bb-runtimes-community-2020/rpi0-runtime/zfp-rpi0/gnat/a-tags.adb:94:53" }
edge: { sourcename: "ada__tags__external_tag" targetname: "__gnat_last_chance_handler" label: "/home/john/IT/Ada/adacore-downloads-2006/bb-runtimes-community-2020/rpi0-runtime/zfp-rpi0/gnat/a-tags.adb:95:21" }
edge: { sourcename: "ada__tags__external_tag" targetname: "/home/john/IT/Ada/adacore-downloads-2006/bb-runtimes-community-2020/rpi0-runtime/zfp-rpi0/gnat/a-tags.adb:ada__tags__length" label: "/home/john/IT/Ada/adacore-downloads-2006/bb-runtimes-community-2020/rpi0-runtime/zfp-rpi0/gnat/a-tags.adb:96:27" }
edge: { sourcename: "ada__tags__external_tag" targetname: "__gnat_last_chance_handler" label: "/home/john/IT/Ada/adacore-downloads-2006/bb-runtimes-community-2020/rpi0-runtime/zfp-rpi0/gnat/a-tags.adb:96:14" }
edge: { sourcename: "ada__tags__external_tag" targetname: "system__secondary_stack__ss_allocate" label: "/home/john/IT/Ada/adacore-downloads-2006/bb-runtimes-community-2020/rpi0-runtime/zfp-rpi0/gnat/a-tags.adb:96:7" }
edge: { sourcename: "ada__tags__external_tag" targetname: "memcpy" }
node: { title: "/home/john/IT/Ada/adacore-downloads-2006/bb-runtimes-community-2020/rpi0-runtime/zfp-rpi0/gnat/a-tags.adb:ada__tags__length" label: "Length\n/home/john/IT/Ada/adacore-downloads-2006/bb-runtimes-community-2020/rpi0-runtime/zfp-rpi0/gnat/a-tags.adb:103:4\n24 bytes (static)\n0 dynamic objects" }
edge: { sourcename: "/home/john/IT/Ada/adacore-downloads-2006/bb-runtimes-community-2020/rpi0-runtime/zfp-rpi0/gnat/a-tags.adb:ada__tags__length" targetname: "__gnat_last_chance_handler" label: "/home/john/IT/Ada/adacore-downloads-2006/bb-runtimes-community-2020/rpi0-runtime/zfp-rpi0/gnat/a-tags.adb:108:13" }
edge: { sourcename: "/home/john/IT/Ada/adacore-downloads-2006/bb-runtimes-community-2020/rpi0-runtime/zfp-rpi0/gnat/a-tags.adb:ada__tags__length" targetname: "__gnat_last_chance_handler" label: "/home/john/IT/Ada/adacore-downloads-2006/bb-runtimes-community-2020/rpi0-runtime/zfp-rpi0/gnat/a-tags.adb:108:13" }
edge: { sourcename: "/home/john/IT/Ada/adacore-downloads-2006/bb-runtimes-community-2020/rpi0-runtime/zfp-rpi0/gnat/a-tags.adb:ada__tags__length" targetname: "__gnat_last_chance_handler" label: "/home/john/IT/Ada/adacore-downloads-2006/bb-runtimes-community-2020/rpi0-runtime/zfp-rpi0/gnat/a-tags.adb:112:18" }
node: { title: "ada__tags__parent_tag" label: "Parent_Tag\n/home/john/IT/Ada/adacore-downloads-2006/bb-runtimes-community-2020/rpi0-runtime/zfp-rpi0/gnat/a-tags.adb:119:4\n96 bytes (dynamic)\n0 dynamic objects" }
edge: { sourcename: "ada__tags__parent_tag" targetname: "__gnat_last_chance_handler" label: "/home/john/IT/Ada/adacore-downloads-2006/bb-runtimes-community-2020/rpi0-runtime/zfp-rpi0/gnat/a-tags.adb:125:10" }
edge: { sourcename: "ada__tags__parent_tag" targetname: "__gnat_last_chance_handler" label: "/home/john/IT/Ada/adacore-downloads-2006/bb-runtimes-community-2020/rpi0-runtime/zfp-rpi0/gnat/a-tags.adb:125:10" }
edge: { sourcename: "ada__tags__parent_tag" targetname: "__gnat_last_chance_handler" label: "/home/john/IT/Ada/adacore-downloads-2006/bb-runtimes-community-2020/rpi0-runtime/zfp-rpi0/gnat/a-tags.adb:125:10" }
edge: { sourcename: "ada__tags__parent_tag" targetname: "__gnat_last_chance_handler" label: "/home/john/IT/Ada/adacore-downloads-2006/bb-runtimes-community-2020/rpi0-runtime/zfp-rpi0/gnat/a-tags.adb:125:10" }
edge: { sourcename: "ada__tags__parent_tag" targetname: "__gnat_last_chance_handler" label: "/home/john/IT/Ada/adacore-downloads-2006/bb-runtimes-community-2020/rpi0-runtime/zfp-rpi0/gnat/a-tags.adb:125:10" }
edge: { sourcename: "ada__tags__parent_tag" targetname: "memcpy" }
edge: { sourcename: "ada__tags__parent_tag" targetname: "__gnat_last_chance_handler" label: "/home/john/IT/Ada/adacore-downloads-2006/bb-runtimes-community-2020/rpi0-runtime/zfp-rpi0/gnat/a-tags.adb:125:10" }
edge: { sourcename: "ada__tags__parent_tag" targetname: "__gnat_last_chance_handler" label: "/home/john/IT/Ada/adacore-downloads-2006/bb-runtimes-community-2020/rpi0-runtime/zfp-rpi0/gnat/a-tags.adb:125:10" }
edge: { sourcename: "ada__tags__parent_tag" targetname: "__gnat_last_chance_handler" label: "/home/john/IT/Ada/adacore-downloads-2006/bb-runtimes-community-2020/rpi0-runtime/zfp-rpi0/gnat/a-tags.adb:129:53" }
edge: { sourcename: "ada__tags__parent_tag" targetname: "__gnat_last_chance_handler" label: "/home/john/IT/Ada/adacore-downloads-2006/bb-runtimes-community-2020/rpi0-runtime/zfp-rpi0/gnat/a-tags.adb:136:13" }
edge: { sourcename: "ada__tags__parent_tag" targetname: "__gnat_last_chance_handler" label: "/home/john/IT/Ada/adacore-downloads-2006/bb-runtimes-community-2020/rpi0-runtime/zfp-rpi0/gnat/a-tags.adb:139:20" }
}
