graph: { title: "/home/john/IT/Ada/adacore-downloads-2006/bb-runtimes-community-2020/rpi0-runtime/zfp-rpi0/gnat/s-imgint.adb"
node: { title: "system__img_int__image_integer" label: "Image_Integer\n/home/john/IT/Ada/adacore-downloads-2006/bb-runtimes-community-2020/rpi0-runtime/zfp-rpi0/gnat/s-imgint.adb:46:4\n32 bytes (static)\n0 dynamic objects" }
node: { title: "__gnat_last_chance_handler" label: "gnat_last_chance_handler\n<built-in>" shape : ellipse }
edge: { sourcename: "system__img_int__image_integer" targetname: "__gnat_last_chance_handler" label: "/home/john/IT/Ada/adacore-downloads-2006/bb-runtimes-community-2020/rpi0-runtime/zfp-rpi0/gnat/s-imgint.adb:55:10" }
edge: { sourcename: "system__img_int__image_integer" targetname: "system__img_int__set_image_integer" label: "/home/john/IT/Ada/adacore-downloads-2006/bb-runtimes-community-2020/rpi0-runtime/zfp-rpi0/gnat/s-imgint.adb:61:7" }
node: { title: "/home/john/IT/Ada/adacore-downloads-2006/bb-runtimes-community-2020/rpi0-runtime/zfp-rpi0/gnat/s-imgint.adb:system__img_int__set_digits" label: "Set_Digits\n/home/john/IT/Ada/adacore-downloads-2006/bb-runtimes-community-2020/rpi0-runtime/zfp-rpi0/gnat/s-imgint.adb:68:4\n32 bytes (static)\n0 dynamic objects" }
edge: { sourcename: "/home/john/IT/Ada/adacore-downloads-2006/bb-runtimes-community-2020/rpi0-runtime/zfp-rpi0/gnat/s-imgint.adb:system__img_int__set_digits" targetname: "/home/john/IT/Ada/adacore-downloads-2006/bb-runtimes-community-2020/rpi0-runtime/zfp-rpi0/gnat/s-imgint.adb:system__img_int__set_digits" label: "/home/john/IT/Ada/adacore-downloads-2006/bb-runtimes-community-2020/rpi0-runtime/zfp-rpi0/gnat/s-imgint.adb:75:10" }
edge: { sourcename: "/home/john/IT/Ada/adacore-downloads-2006/bb-runtimes-community-2020/rpi0-runtime/zfp-rpi0/gnat/s-imgint.adb:system__img_int__set_digits" targetname: "__gnat_last_chance_handler" label: "/home/john/IT/Ada/adacore-downloads-2006/bb-runtimes-community-2020/rpi0-runtime/zfp-rpi0/gnat/s-imgint.adb:77:10" }
edge: { sourcename: "/home/john/IT/Ada/adacore-downloads-2006/bb-runtimes-community-2020/rpi0-runtime/zfp-rpi0/gnat/s-imgint.adb:system__img_int__set_digits" targetname: "__gnat_last_chance_handler" label: "/home/john/IT/Ada/adacore-downloads-2006/bb-runtimes-community-2020/rpi0-runtime/zfp-rpi0/gnat/s-imgint.adb:77:13" }
edge: { sourcename: "/home/john/IT/Ada/adacore-downloads-2006/bb-runtimes-community-2020/rpi0-runtime/zfp-rpi0/gnat/s-imgint.adb:system__img_int__set_digits" targetname: "__gnat_last_chance_handler" label: "/home/john/IT/Ada/adacore-downloads-2006/bb-runtimes-community-2020/rpi0-runtime/zfp-rpi0/gnat/s-imgint.adb:80:10" }
edge: { sourcename: "/home/john/IT/Ada/adacore-downloads-2006/bb-runtimes-community-2020/rpi0-runtime/zfp-rpi0/gnat/s-imgint.adb:system__img_int__set_digits" targetname: "__gnat_last_chance_handler" label: "/home/john/IT/Ada/adacore-downloads-2006/bb-runtimes-community-2020/rpi0-runtime/zfp-rpi0/gnat/s-imgint.adb:80:37" }
edge: { sourcename: "/home/john/IT/Ada/adacore-downloads-2006/bb-runtimes-community-2020/rpi0-runtime/zfp-rpi0/gnat/s-imgint.adb:system__img_int__set_digits" targetname: "__gnat_last_chance_handler" label: "/home/john/IT/Ada/adacore-downloads-2006/bb-runtimes-community-2020/rpi0-runtime/zfp-rpi0/gnat/s-imgint.adb:80:13" }
node: { title: "system__img_int__set_image_integer" label: "Set_Image_Integer\n/home/john/IT/Ada/adacore-downloads-2006/bb-runtimes-community-2020/rpi0-runtime/zfp-rpi0/gnat/s-imgint.adb:88:4\n24 bytes (static)\n0 dynamic objects" }
edge: { sourcename: "system__img_int__set_image_integer" targetname: "/home/john/IT/Ada/adacore-downloads-2006/bb-runtimes-community-2020/rpi0-runtime/zfp-rpi0/gnat/s-imgint.adb:system__img_int__set_digits" label: "/home/john/IT/Ada/adacore-downloads-2006/bb-runtimes-community-2020/rpi0-runtime/zfp-rpi0/gnat/s-imgint.adb:95:10" }
edge: { sourcename: "system__img_int__set_image_integer" targetname: "__gnat_last_chance_handler" label: "/home/john/IT/Ada/adacore-downloads-2006/bb-runtimes-community-2020/rpi0-runtime/zfp-rpi0/gnat/s-imgint.adb:98:10" }
edge: { sourcename: "system__img_int__set_image_integer" targetname: "__gnat_last_chance_handler" label: "/home/john/IT/Ada/adacore-downloads-2006/bb-runtimes-community-2020/rpi0-runtime/zfp-rpi0/gnat/s-imgint.adb:98:13" }
edge: { sourcename: "system__img_int__set_image_integer" targetname: "/home/john/IT/Ada/adacore-downloads-2006/bb-runtimes-community-2020/rpi0-runtime/zfp-rpi0/gnat/s-imgint.adb:system__img_int__set_digits" label: "/home/john/IT/Ada/adacore-downloads-2006/bb-runtimes-community-2020/rpi0-runtime/zfp-rpi0/gnat/s-imgint.adb:99:10" }
}
