graph: { title: "/home/john/IT/Ada/adacore-downloads-2006/bb-runtimes-community-2020/rpi0-runtime/zfp-rpi0/gnat/s-imguns.adb"
node: { title: "system__img_uns__image_unsigned" label: "Image_Unsigned\n/home/john/IT/Ada/adacore-downloads-2006/bb-runtimes-community-2020/rpi0-runtime/zfp-rpi0/gnat/s-imguns.adb:40:4\n32 bytes (static)\n0 dynamic objects" }
node: { title: "__gnat_last_chance_handler" label: "gnat_last_chance_handler\n<built-in>" shape : ellipse }
edge: { sourcename: "system__img_uns__image_unsigned" targetname: "__gnat_last_chance_handler" label: "/home/john/IT/Ada/adacore-downloads-2006/bb-runtimes-community-2020/rpi0-runtime/zfp-rpi0/gnat/s-imguns.adb:47:7" }
edge: { sourcename: "system__img_uns__image_unsigned" targetname: "system__img_uns__set_image_unsigned" label: "/home/john/IT/Ada/adacore-downloads-2006/bb-runtimes-community-2020/rpi0-runtime/zfp-rpi0/gnat/s-imguns.adb:49:7" }
node: { title: "system__img_uns__set_image_unsigned" label: "Set_Image_Unsigned\n/home/john/IT/Ada/adacore-downloads-2006/bb-runtimes-community-2020/rpi0-runtime/zfp-rpi0/gnat/s-imguns.adb:56:4\n32 bytes (static)\n0 dynamic objects" }
edge: { sourcename: "system__img_uns__set_image_unsigned" targetname: "system__img_uns__set_image_unsigned" label: "/home/john/IT/Ada/adacore-downloads-2006/bb-runtimes-community-2020/rpi0-runtime/zfp-rpi0/gnat/s-imguns.adb:63:10" }
edge: { sourcename: "system__img_uns__set_image_unsigned" targetname: "__gnat_last_chance_handler" label: "/home/john/IT/Ada/adacore-downloads-2006/bb-runtimes-community-2020/rpi0-runtime/zfp-rpi0/gnat/s-imguns.adb:65:10" }
edge: { sourcename: "system__img_uns__set_image_unsigned" targetname: "__gnat_last_chance_handler" label: "/home/john/IT/Ada/adacore-downloads-2006/bb-runtimes-community-2020/rpi0-runtime/zfp-rpi0/gnat/s-imguns.adb:65:13" }
edge: { sourcename: "system__img_uns__set_image_unsigned" targetname: "__gnat_last_chance_handler" label: "/home/john/IT/Ada/adacore-downloads-2006/bb-runtimes-community-2020/rpi0-runtime/zfp-rpi0/gnat/s-imguns.adb:69:10" }
edge: { sourcename: "system__img_uns__set_image_unsigned" targetname: "__gnat_last_chance_handler" label: "/home/john/IT/Ada/adacore-downloads-2006/bb-runtimes-community-2020/rpi0-runtime/zfp-rpi0/gnat/s-imguns.adb:69:37" }
edge: { sourcename: "system__img_uns__set_image_unsigned" targetname: "__gnat_last_chance_handler" label: "/home/john/IT/Ada/adacore-downloads-2006/bb-runtimes-community-2020/rpi0-runtime/zfp-rpi0/gnat/s-imguns.adb:69:13" }
}
